D Language File
  DLanguageDeclarationImpl(DECLARATION)
    DLanguageTypeImpl(TYPE)
      DLanguageType_2Impl(TYPE_2)
        PsiElement(DLanguageTokenType.int)('int')
      DLanguageTypeSuffixImpl(TYPE_SUFFIX)
        PsiElement(DLanguageTokenType.[)('[')
        PsiElement(DLanguageTokenType.])(']')
    DLanguageVariableDeclarationImpl(VARIABLE_DECLARATION)
      DECLARATOR
        IDENTIFIER
          PsiElement(DLanguageTokenType.ID)('a')
      PsiElement(DLanguageTokenType.;)(';')
  PsiComment(DLanguageTokenType.LINE_COMMENT)('// dynamic array of ints')
  DLanguageDeclarationImpl(DECLARATION)
    DLanguageTypeImpl(TYPE)
      DLanguageType_2Impl(TYPE_2)
        PsiElement(DLanguageTokenType.int)('int')
      DLanguageTypeSuffixImpl(TYPE_SUFFIX)
        PsiElement(DLanguageTokenType.[)('[')
        DLanguageAssignExpressionImpl(ASSIGN_EXPRESSION)
          DLanguageCmpExpressionImpl(CMP_EXPRESSION)
            DLanguageUnaryExpressionImpl(UNARY_EXPRESSION)
              DLanguagePrimaryExpressionImpl(PRIMARY_EXPRESSION)
                PsiElement(DLanguageTokenType.INTEGER_LITERAL)('4')
        PsiElement(DLanguageTokenType.])(']')
      DLanguageTypeSuffixImpl(TYPE_SUFFIX)
        PsiElement(DLanguageTokenType.[)('[')
        DLanguageAssignExpressionImpl(ASSIGN_EXPRESSION)
          DLanguageCmpExpressionImpl(CMP_EXPRESSION)
            DLanguageUnaryExpressionImpl(UNARY_EXPRESSION)
              DLanguagePrimaryExpressionImpl(PRIMARY_EXPRESSION)
                PsiElement(DLanguageTokenType.INTEGER_LITERAL)('3')
        PsiElement(DLanguageTokenType.])(']')
    DLanguageVariableDeclarationImpl(VARIABLE_DECLARATION)
      DECLARATOR
        IDENTIFIER
          PsiElement(DLanguageTokenType.ID)('b')
      PsiElement(DLanguageTokenType.;)(';')
  PsiComment(DLanguageTokenType.LINE_COMMENT)('// array of 3 arrays of 4 ints each')
  DLanguageDeclarationImpl(DECLARATION)
    DLanguageTypeImpl(TYPE)
      DLanguageType_2Impl(TYPE_2)
        PsiElement(DLanguageTokenType.int)('int')
      DLanguageTypeSuffixImpl(TYPE_SUFFIX)
        PsiElement(DLanguageTokenType.[)('[')
        PsiElement(DLanguageTokenType.])(']')
      DLanguageTypeSuffixImpl(TYPE_SUFFIX)
        PsiElement(DLanguageTokenType.[)('[')
        DLanguageAssignExpressionImpl(ASSIGN_EXPRESSION)
          DLanguageCmpExpressionImpl(CMP_EXPRESSION)
            DLanguageUnaryExpressionImpl(UNARY_EXPRESSION)
              DLanguagePrimaryExpressionImpl(PRIMARY_EXPRESSION)
                PsiElement(DLanguageTokenType.INTEGER_LITERAL)('5')
        PsiElement(DLanguageTokenType.])(']')
    DLanguageVariableDeclarationImpl(VARIABLE_DECLARATION)
      DECLARATOR
        IDENTIFIER
          PsiElement(DLanguageTokenType.ID)('c')
      PsiElement(DLanguageTokenType.;)(';')
  PsiComment(DLanguageTokenType.LINE_COMMENT)('// array of 5 dynamic arrays of ints.')
  DLanguageDeclarationImpl(DECLARATION)
    DLanguageTypeImpl(TYPE)
      DLanguageType_2Impl(TYPE_2)
        PsiElement(DLanguageTokenType.int)('int')
      DLanguageTypeSuffixImpl(TYPE_SUFFIX)
        PsiElement(DLanguageTokenType.*)('*')
      DLanguageTypeSuffixImpl(TYPE_SUFFIX)
        PsiElement(DLanguageTokenType.[)('[')
        PsiElement(DLanguageTokenType.])(']')
      DLanguageTypeSuffixImpl(TYPE_SUFFIX)
        PsiElement(DLanguageTokenType.*)('*')
      DLanguageTypeSuffixImpl(TYPE_SUFFIX)
        PsiElement(DLanguageTokenType.[)('[')
        DLanguageAssignExpressionImpl(ASSIGN_EXPRESSION)
          DLanguageCmpExpressionImpl(CMP_EXPRESSION)
            DLanguageUnaryExpressionImpl(UNARY_EXPRESSION)
              DLanguagePrimaryExpressionImpl(PRIMARY_EXPRESSION)
                PsiElement(DLanguageTokenType.INTEGER_LITERAL)('3')
        PsiElement(DLanguageTokenType.])(']')
    DLanguageVariableDeclarationImpl(VARIABLE_DECLARATION)
      DECLARATOR
        IDENTIFIER
          PsiElement(DLanguageTokenType.ID)('d')
      PsiElement(DLanguageTokenType.;)(';')
  PsiComment(DLanguageTokenType.LINE_COMMENT)('// array of 3 pointers to dynamic arrays of pointers to ints')
  DLanguageDeclarationImpl(DECLARATION)
    DLanguageTypeImpl(TYPE)
      DLanguageType_2Impl(TYPE_2)
        PsiElement(DLanguageTokenType.int)('int')
      DLanguageTypeSuffixImpl(TYPE_SUFFIX)
        PsiElement(DLanguageTokenType.[)('[')
        PsiElement(DLanguageTokenType.])(']')
      DLanguageTypeSuffixImpl(TYPE_SUFFIX)
        PsiElement(DLanguageTokenType.*)('*')
    DLanguageVariableDeclarationImpl(VARIABLE_DECLARATION)
      DECLARATOR
        IDENTIFIER
          PsiElement(DLanguageTokenType.ID)('e')
      PsiElement(DLanguageTokenType.;)(';')
  PsiComment(DLanguageTokenType.LINE_COMMENT)('// pointer to dynamic array of ints')