D Language File
  DLanguageDeclarationImpl(DECLARATION)
    DLanguageTypeImpl(TYPE)
      DLanguageTypeImpl(TYPE)
        PsiElement(DLanguageTokenType.int)('int')
    DLanguageVarDeclarationsImpl(VAR_DECLARATIONS)
      DLanguageDeclaratorImpl(DECLARATOR)
        PsiElement(DLanguageTokenType.ID)('foo')
      PsiElement(DLanguageTokenType.;)(';')
  PsiComment(DLanguageTokenType.LINE_COMMENT)('// Each thread has its own exclusive copy of foo.')
  DLanguageDeclarationImpl(DECLARATION)
    DLanguageAttributeImpl(ATTRIBUTE)
      PsiElement(DLanguageTokenType.__gshared)('__gshared')
    DLanguageTypeImpl(TYPE)
      DLanguageTypeImpl(TYPE)
        PsiElement(DLanguageTokenType.int)('int')
    DLanguageVarDeclarationsImpl(VAR_DECLARATIONS)
      DLanguageDeclaratorImpl(DECLARATOR)
        PsiElement(DLanguageTokenType.ID)('bar')
      PsiElement(DLanguageTokenType.;)(';')
  PsiComment(DLanguageTokenType.LINE_COMMENT)('// bar is shared by all threads.')
  DLanguageDeclarationImpl(DECLARATION)
    CLASS_DECLARATION
      PsiElement(DLanguageTokenType.class)('class')
      PsiElement(DLanguageTokenType.ID)('Foo')
      DLanguageAggregateBodyImpl(AGGREGATE_BODY)
        PsiElement(DLanguageTokenType.{)('{')
        DLanguageDeclarationImpl(DECLARATION)
          DLanguageAttributeImpl(ATTRIBUTE)
            PsiElement(DLanguageTokenType.__gshared)('__gshared')
          DLanguageTypeImpl(TYPE)
            DLanguageTypeImpl(TYPE)
              PsiElement(DLanguageTokenType.int)('int')
          DLanguageVarDeclarationsImpl(VAR_DECLARATIONS)
            DLanguageDeclaratorImpl(DECLARATOR)
              PsiElement(DLanguageTokenType.ID)('bar')
            PsiElement(DLanguageTokenType.;)(';')
        PsiElement(DLanguageTokenType.})('}')
  DLanguageDeclarationImpl(DECLARATION)
    DLanguageTypeImpl(TYPE)
      DLanguageTypeImpl(TYPE)
        PsiElement(DLanguageTokenType.int)('int')
    FUNC_DECLARATION
      PsiElement(DLanguageTokenType.ID)('foo')
      DLanguageParametersImpl(PARAMETERS)
        PsiElement(DLanguageTokenType.()('(')
        PsiElement(DLanguageTokenType.))(')')
      DLanguageFunctionBodyImpl(FUNCTION_BODY)
        DLanguageBlockStatementImpl(BLOCK_STATEMENT)
          PsiElement(DLanguageTokenType.{)('{')
          DLanguageDeclarationStatementImpl(DECLARATION_STATEMENT)
            DLanguageDeclarationStatementImpl(DECLARATION_STATEMENT)
              DLanguageDeclarationImpl(DECLARATION)
                DLanguageAttributeImpl(ATTRIBUTE)
                  PsiElement(DLanguageTokenType.__gshared)('__gshared')
                DLanguageTypeImpl(TYPE)
                  DLanguageTypeImpl(TYPE)
                    PsiElement(DLanguageTokenType.int)('int')
                DLanguageVarDeclarationsImpl(VAR_DECLARATIONS)
                  DLanguageDeclaratorImpl(DECLARATOR)
                    PsiElement(DLanguageTokenType.ID)('bar')
                    PsiElement(DLanguageTokenType.=)('=')
                    DLanguageInitializerImpl(INITIALIZER)
                      DLanguageNonVoidInitializerImpl(NON_VOID_INITIALIZER)
                        DLanguageAssignExpressionImpl(ASSIGN_EXPRESSION)
                          DLanguageConditionalExpression_Impl(CONDITIONAL_EXPRESSION_)
                            DLanguageUnaryExpressionImpl(UNARY_EXPRESSION)
                              DLanguagePrimaryExpressionImpl(PRIMARY_EXPRESSION)
                                PsiElement(DLanguageTokenType.INTEGER_LITERAL)('0')
                  PsiElement(DLanguageTokenType.;)(';')
            DLanguageDeclarationStatementImpl(DECLARATION_STATEMENT)
              DLanguageStatementImpl(STATEMENT)
                DLanguageStatementNoCaseNoDefaultImpl(STATEMENT_NO_CASE_NO_DEFAULT)
                  DLanguageReturnStatementImpl(RETURN_STATEMENT)
                    PsiElement(DLanguageTokenType.return)('return')
                    DLanguageExpressionStatementImpl(EXPRESSION_STATEMENT)
                      DLanguageAssignExpressionImpl(ASSIGN_EXPRESSION)
                        DLanguageConditionalExpression_Impl(CONDITIONAL_EXPRESSION_)
                          DLanguageUnaryExpressionImpl(UNARY_EXPRESSION)
                            DLanguagePrimaryExpressionImpl(PRIMARY_EXPRESSION)
                              DLanguageIdentifierListImpl(IDENTIFIER_LIST)
                                PsiElement(DLanguageTokenType.ID)('bar')
                            PsiElement(DLanguageTokenType.++)('++')
                    PsiElement(DLanguageTokenType.;)(';')
          PsiComment(DLanguageTokenType.LINE_COMMENT)('// Not thread safe.')
          PsiElement(DLanguageTokenType.})('}')