D Language File
  DLanguageDeclarationImpl(DECLARATION)
    CLASS_DECLARATION
      PsiElement(DLanguageTokenType.class)('class')
      IDENTIFIER
        PsiElement(DLanguageTokenType.ID)('Foo')
      DLanguageAggregateBodyImpl(AGGREGATE_BODY)
        PsiElement(DLanguageTokenType.{)('{')
        DLanguageDeclarationImpl(DECLARATION)
          DLanguageAttributeImpl(ATTRIBUTE)
            PsiElement(DLanguageTokenType.static)('static')
          DLanguageTypeImpl(TYPE)
            DLanguageTypeImpl(TYPE)
              PsiElement(DLanguageTokenType.int)('int')
          FUNC_DECLARATION
            IDENTIFIER
              PsiElement(DLanguageTokenType.ID)('bar')
            DLanguageParametersImpl(PARAMETERS)
              PsiElement(DLanguageTokenType.()('(')
              PsiElement(DLanguageTokenType.))(')')
            DLanguageFunctionBodyImpl(FUNCTION_BODY)
              DLanguageBlockStatementImpl(BLOCK_STATEMENT)
                PsiElement(DLanguageTokenType.{)('{')
                DLanguageDeclarationStatementImpl(DECLARATION_STATEMENT)
                  DLanguageDeclarationStatementImpl(DECLARATION_STATEMENT)
                    DLanguageStatementImpl(STATEMENT)
                      DLanguageStatementNoCaseNoDefaultImpl(STATEMENT_NO_CASE_NO_DEFAULT)
                        DLanguageReturnStatementImpl(RETURN_STATEMENT)
                          PsiElement(DLanguageTokenType.return)('return')
                          DLanguageExpressionStatementImpl(EXPRESSION_STATEMENT)
                            DLanguageAssignExpressionImpl(ASSIGN_EXPRESSION)
                              DLanguageConditionalExpression_Impl(CONDITIONAL_EXPRESSION_)
                                DLanguageUnaryExpressionImpl(UNARY_EXPRESSION)
                                  DLanguagePrimaryExpressionImpl(PRIMARY_EXPRESSION)
                                    PsiElement(DLanguageTokenType.INTEGER_LITERAL)('6')
                          PsiElement(DLanguageTokenType.;)(';')
                PsiElement(DLanguageTokenType.})('}')
        DLanguageDeclarationImpl(DECLARATION)
          DLanguageTypeImpl(TYPE)
            DLanguageTypeImpl(TYPE)
              PsiElement(DLanguageTokenType.int)('int')
          FUNC_DECLARATION
            IDENTIFIER
              PsiElement(DLanguageTokenType.ID)('foobar')
            DLanguageParametersImpl(PARAMETERS)
              PsiElement(DLanguageTokenType.()('(')
              PsiElement(DLanguageTokenType.))(')')
            DLanguageFunctionBodyImpl(FUNCTION_BODY)
              DLanguageBlockStatementImpl(BLOCK_STATEMENT)
                PsiElement(DLanguageTokenType.{)('{')
                DLanguageDeclarationStatementImpl(DECLARATION_STATEMENT)
                  DLanguageDeclarationStatementImpl(DECLARATION_STATEMENT)
                    DLanguageStatementImpl(STATEMENT)
                      DLanguageStatementNoCaseNoDefaultImpl(STATEMENT_NO_CASE_NO_DEFAULT)
                        DLanguageReturnStatementImpl(RETURN_STATEMENT)
                          PsiElement(DLanguageTokenType.return)('return')
                          DLanguageExpressionStatementImpl(EXPRESSION_STATEMENT)
                            DLanguageAssignExpressionImpl(ASSIGN_EXPRESSION)
                              DLanguageConditionalExpression_Impl(CONDITIONAL_EXPRESSION_)
                                DLanguageUnaryExpressionImpl(UNARY_EXPRESSION)
                                  DLanguagePrimaryExpressionImpl(PRIMARY_EXPRESSION)
                                    PsiElement(DLanguageTokenType.INTEGER_LITERAL)('7')
                          PsiElement(DLanguageTokenType.;)(';')
                PsiElement(DLanguageTokenType.})('}')
        PsiElement(DLanguageTokenType.})('}')
  DLanguageDeclarationImpl(DECLARATION)
    UNIT_TESTING
      UNIT_TESTING
        PsiElement(DLanguageTokenType.unittest)('unittest')
        DLanguageBlockStatementImpl(BLOCK_STATEMENT)
          PsiElement(DLanguageTokenType.{)('{')
          DLanguageDeclarationStatementImpl(DECLARATION_STATEMENT)
            DLanguageDeclarationStatementImpl(DECLARATION_STATEMENT)
              DLanguageDeclarationImpl(DECLARATION)
                DLanguageTypeImpl(TYPE)
                  DLanguageTypeImpl(TYPE)
                    DLanguageSymbolImpl(SYMBOL)
                      DLanguageIdentifierListImpl(IDENTIFIER_LIST)
                        DLanguageIdentifierListImpl(IDENTIFIER_LIST)
                          IDENTIFIER
                            PsiElement(DLanguageTokenType.ID)('Foo')
                DLanguageVarDeclarationsImpl(VAR_DECLARATIONS)
                  DLanguageDeclaratorImpl(DECLARATOR)
                    IDENTIFIER
                      PsiElement(DLanguageTokenType.ID)('f')
                    PsiElement(DLanguageTokenType.=)('=')
                    DLanguageInitializerImpl(INITIALIZER)
                      DLanguageNonVoidInitializerImpl(NON_VOID_INITIALIZER)
                        DLanguageAssignExpressionImpl(ASSIGN_EXPRESSION)
                          DLanguageConditionalExpression_Impl(CONDITIONAL_EXPRESSION_)
                            DLanguageUnaryExpressionImpl(UNARY_EXPRESSION)
                              DLanguageNewExpressionWithArgsImpl(NEW_EXPRESSION_WITH_ARGS)
                                PsiElement(DLanguageTokenType.new)('new')
                                DLanguageTypeImpl(TYPE)
                                  DLanguageTypeImpl(TYPE)
                                    DLanguageSymbolImpl(SYMBOL)
                                      DLanguageIdentifierListImpl(IDENTIFIER_LIST)
                                        DLanguageIdentifierListImpl(IDENTIFIER_LIST)
                                          IDENTIFIER
                                            PsiElement(DLanguageTokenType.ID)('Foo')
                  PsiElement(DLanguageTokenType.;)(';')
            DLanguageDeclarationStatementImpl(DECLARATION_STATEMENT)
              DLanguageStatementImpl(STATEMENT)
                DLanguageStatementNoCaseNoDefaultImpl(STATEMENT_NO_CASE_NO_DEFAULT)
                  DLanguageExpressionStatementImpl(EXPRESSION_STATEMENT)
                    DLanguageExpressionStatementImpl(EXPRESSION_STATEMENT)
                      DLanguageAssignExpressionImpl(ASSIGN_EXPRESSION)
                        DLanguageConditionalExpression_Impl(CONDITIONAL_EXPRESSION_)
                          DLanguageUnaryExpressionImpl(UNARY_EXPRESSION)
                            DLanguagePrimaryExpressionImpl(PRIMARY_EXPRESSION)
                              DLanguageIdentifierListImpl(IDENTIFIER_LIST)
                                IDENTIFIER
                                  PsiElement(DLanguageTokenType.ID)('Foo')
                            PsiElement(DLanguageTokenType..)('.')
                            DLanguageIdentifierListImpl(IDENTIFIER_LIST)
                              IDENTIFIER
                                PsiElement(DLanguageTokenType.ID)('bar')
                            DLanguageAssignExpressionImpl(ASSIGN_EXPRESSION)
                              PsiElement(DLanguageTokenType.()('(')
                              PsiElement(DLanguageTokenType.))(')')
                    PsiElement(DLanguageTokenType.;)(';')
            PsiComment(DLanguageTokenType.LINE_COMMENT)('// produces 6')
            DLanguageDeclarationStatementImpl(DECLARATION_STATEMENT)
              DLanguageStatementImpl(STATEMENT)
                DLanguageStatementNoCaseNoDefaultImpl(STATEMENT_NO_CASE_NO_DEFAULT)
                  DLanguageExpressionStatementImpl(EXPRESSION_STATEMENT)
                    DLanguageExpressionStatementImpl(EXPRESSION_STATEMENT)
                      DLanguageAssignExpressionImpl(ASSIGN_EXPRESSION)
                        DLanguageConditionalExpression_Impl(CONDITIONAL_EXPRESSION_)
                          DLanguageUnaryExpressionImpl(UNARY_EXPRESSION)
                            DLanguagePrimaryExpressionImpl(PRIMARY_EXPRESSION)
                              DLanguageIdentifierListImpl(IDENTIFIER_LIST)
                                IDENTIFIER
                                  PsiElement(DLanguageTokenType.ID)('Foo')
                            PsiElement(DLanguageTokenType..)('.')
                            DLanguageIdentifierListImpl(IDENTIFIER_LIST)
                              IDENTIFIER
                                PsiElement(DLanguageTokenType.ID)('foobar')
                            DLanguageAssignExpressionImpl(ASSIGN_EXPRESSION)
                              PsiElement(DLanguageTokenType.()('(')
                              PsiElement(DLanguageTokenType.))(')')
                    PsiElement(DLanguageTokenType.;)(';')
            PsiComment(DLanguageTokenType.LINE_COMMENT)('// error, no instance of Foo')
            DLanguageDeclarationStatementImpl(DECLARATION_STATEMENT)
              DLanguageStatementImpl(STATEMENT)
                DLanguageStatementNoCaseNoDefaultImpl(STATEMENT_NO_CASE_NO_DEFAULT)
                  DLanguageExpressionStatementImpl(EXPRESSION_STATEMENT)
                    DLanguageExpressionStatementImpl(EXPRESSION_STATEMENT)
                      DLanguageAssignExpressionImpl(ASSIGN_EXPRESSION)
                        DLanguageConditionalExpression_Impl(CONDITIONAL_EXPRESSION_)
                          DLanguageUnaryExpressionImpl(UNARY_EXPRESSION)
                            DLanguagePrimaryExpressionImpl(PRIMARY_EXPRESSION)
                              DLanguageIdentifierListImpl(IDENTIFIER_LIST)
                                IDENTIFIER
                                  PsiElement(DLanguageTokenType.ID)('f')
                            PsiElement(DLanguageTokenType..)('.')
                            DLanguageIdentifierListImpl(IDENTIFIER_LIST)
                              IDENTIFIER
                                PsiElement(DLanguageTokenType.ID)('bar')
                            DLanguageAssignExpressionImpl(ASSIGN_EXPRESSION)
                              PsiElement(DLanguageTokenType.()('(')
                              PsiElement(DLanguageTokenType.))(')')
                    PsiElement(DLanguageTokenType.;)(';')
            PsiComment(DLanguageTokenType.LINE_COMMENT)('// produces 6;')
            DLanguageDeclarationStatementImpl(DECLARATION_STATEMENT)
              DLanguageStatementImpl(STATEMENT)
                DLanguageStatementNoCaseNoDefaultImpl(STATEMENT_NO_CASE_NO_DEFAULT)
                  DLanguageExpressionStatementImpl(EXPRESSION_STATEMENT)
                    DLanguageExpressionStatementImpl(EXPRESSION_STATEMENT)
                      DLanguageAssignExpressionImpl(ASSIGN_EXPRESSION)
                        DLanguageConditionalExpression_Impl(CONDITIONAL_EXPRESSION_)
                          DLanguageUnaryExpressionImpl(UNARY_EXPRESSION)
                            DLanguagePrimaryExpressionImpl(PRIMARY_EXPRESSION)
                              DLanguageIdentifierListImpl(IDENTIFIER_LIST)
                                IDENTIFIER
                                  PsiElement(DLanguageTokenType.ID)('f')
                            PsiElement(DLanguageTokenType..)('.')
                            DLanguageIdentifierListImpl(IDENTIFIER_LIST)
                              IDENTIFIER
                                PsiElement(DLanguageTokenType.ID)('foobar')
                            DLanguageAssignExpressionImpl(ASSIGN_EXPRESSION)
                              PsiElement(DLanguageTokenType.()('(')
                              PsiElement(DLanguageTokenType.))(')')
                    PsiElement(DLanguageTokenType.;)(';')
          PsiComment(DLanguageTokenType.LINE_COMMENT)('// produces 7;')
          PsiElement(DLanguageTokenType.})('}')