D Language File
  DLanguageDeclarationImpl(DECLARATION)
    DLanguageAttributeImpl(ATTRIBUTE)
      DLanguageAttributeImpl(ATTRIBUTE)
        PsiElement(DLanguageTokenType.@)('@')
        PsiElement(DLanguageTokenType.()('(')
        DLanguageArgumentListImpl(ARGUMENT_LIST)
          DLanguageAssignExpressionImpl(ASSIGN_EXPRESSION)
            DLanguageConditionalExpression_Impl(CONDITIONAL_EXPRESSION_)
              DLanguageUnaryExpressionImpl(UNARY_EXPRESSION)
                DLanguagePrimaryExpressionImpl(PRIMARY_EXPRESSION)
                  PsiElement(DLanguageTokenType.CHARACTER_LITERAL)(''c'')
        PsiElement(DLanguageTokenType.))(')')
    DLanguageTypeImpl(TYPE)
      DLanguageTypeImpl(TYPE)
        DLanguageSymbolImpl(SYMBOL)
          DLanguageIdentifierListImpl(IDENTIFIER_LIST)
            DLanguageIdentifierListImpl(IDENTIFIER_LIST)
              PsiElement(DLanguageTokenType.ID)('string')
    DLanguageVarDeclarationsImpl(VAR_DECLARATIONS)
      DLanguageDeclaratorImpl(DECLARATOR)
        PsiElement(DLanguageTokenType.ID)('s')
      PsiElement(DLanguageTokenType.;)(';')
  DLanguageDeclarationImpl(DECLARATION)
    DLanguagePragmaStatementImpl(PRAGMA_STATEMENT)
      DLanguagePragmaImpl(PRAGMA)
        DLanguagePragmaImpl(PRAGMA)
          PsiElement(DLanguageTokenType.pragma)('pragma')
          PsiElement(DLanguageTokenType.()('(')
          PsiElement(DLanguageTokenType.ID)('msg')
          PsiElement(DLanguageTokenType.,)(',')
          DLanguageArgumentListImpl(ARGUMENT_LIST)
            DLanguageAssignExpressionImpl(ASSIGN_EXPRESSION)
              DLanguageConditionalExpression_Impl(CONDITIONAL_EXPRESSION_)
                DLanguageUnaryExpressionImpl(UNARY_EXPRESSION)
                  DLanguagePrimaryExpressionImpl(PRIMARY_EXPRESSION)
                    DLanguageTraitsExpressionImpl(TRAITS_EXPRESSION)
                      PsiElement(DLanguageTokenType.__traits)('__traits')
                      PsiElement(DLanguageTokenType.()('(')
                      PsiElement(DLanguageTokenType.ID)('getAttributes')
                      PsiElement(DLanguageTokenType.,)(',')
                      DLanguageTemplateArgumentListImpl(TEMPLATE_ARGUMENT_LIST)
                        DLanguageTemplateArgumentImpl(TEMPLATE_ARGUMENT)
                          DLanguageTypeImpl(TYPE)
                            DLanguageTypeImpl(TYPE)
                              DLanguageSymbolImpl(SYMBOL)
                                DLanguageIdentifierListImpl(IDENTIFIER_LIST)
                                  DLanguageIdentifierListImpl(IDENTIFIER_LIST)
                                    PsiElement(DLanguageTokenType.ID)('s')
                      PsiElement(DLanguageTokenType.))(')')
          PsiElement(DLanguageTokenType.))(')')
        PsiElement(DLanguageTokenType.;)(';')
  PsiComment(DLanguageTokenType.LINE_COMMENT)('// prints tuple('c')')
  DLanguageDeclarationImpl(DECLARATION)
    TEMPLATE_DECLARATION
      PsiElement(DLanguageTokenType.template)('template')
      PsiElement(DLanguageTokenType.ID)('Tuple')
      DLanguageTemplateParametersImpl(TEMPLATE_PARAMETERS)
        PsiElement(DLanguageTokenType.()('(')
        DLanguageTemplateParameterListImpl(TEMPLATE_PARAMETER_LIST)
          TEMPLATE_PARAMETER
            DLanguageTemplateTupleParameterImpl(TEMPLATE_TUPLE_PARAMETER)
              PsiElement(DLanguageTokenType.ID)('T')
              PsiElement(DLanguageTokenType....)('...')
        PsiElement(DLanguageTokenType.))(')')
      PsiElement(DLanguageTokenType.{)('{')
      DLanguageDeclarationImpl(DECLARATION)
        DLanguageAliasDeclarationImpl(ALIAS_DECLARATION)
          PsiElement(DLanguageTokenType.alias)('alias')
          ALIAS_DECLARATION_Y
            PsiElement(DLanguageTokenType.ID)('Tuple')
            PsiElement(DLanguageTokenType.=)('=')
            DLanguageTypeImpl(TYPE)
              DLanguageTypeImpl(TYPE)
                DLanguageSymbolImpl(SYMBOL)
                  DLanguageIdentifierListImpl(IDENTIFIER_LIST)
                    DLanguageIdentifierListImpl(IDENTIFIER_LIST)
                      PsiElement(DLanguageTokenType.ID)('T')
          PsiElement(DLanguageTokenType.;)(';')
      PsiElement(DLanguageTokenType.})('}')
  DLanguageDeclarationImpl(DECLARATION)
    DLanguageVarDeclarationsImpl(VAR_DECLARATIONS)
      DLanguageAutoDeclarationImpl(AUTO_DECLARATION)
        DLanguageStorageClassImpl(STORAGE_CLASS)
          PsiElement(DLanguageTokenType.enum)('enum')
        DLanguageAutoDeclarationXImpl(AUTO_DECLARATION_X)
          PsiElement(DLanguageTokenType.ID)('EEE')
          PsiElement(DLanguageTokenType.=)('=')
          DLanguageInitializerImpl(INITIALIZER)
            DLanguageNonVoidInitializerImpl(NON_VOID_INITIALIZER)
              DLanguageAssignExpressionImpl(ASSIGN_EXPRESSION)
                DLanguageConditionalExpression_Impl(CONDITIONAL_EXPRESSION_)
                  DLanguageUnaryExpressionImpl(UNARY_EXPRESSION)
                    DLanguagePrimaryExpressionImpl(PRIMARY_EXPRESSION)
                      PsiElement(DLanguageTokenType.INTEGER_LITERAL)('7')
        PsiElement(DLanguageTokenType.;)(';')
  DLanguageDeclarationImpl(DECLARATION)
    DLanguageAttributeImpl(ATTRIBUTE)
      DLanguageAttributeImpl(ATTRIBUTE)
        PsiElement(DLanguageTokenType.@)('@')
        PsiElement(DLanguageTokenType.()('(')
        DLanguageArgumentListImpl(ARGUMENT_LIST)
          DLanguageAssignExpressionImpl(ASSIGN_EXPRESSION)
            DLanguageConditionalExpression_Impl(CONDITIONAL_EXPRESSION_)
              DLanguageUnaryExpressionImpl(UNARY_EXPRESSION)
                DLanguagePrimaryExpressionImpl(PRIMARY_EXPRESSION)
                  PsiElement(DLanguageTokenType.DOUBLE_QUOTED_STRING)('"hello"')
        PsiElement(DLanguageTokenType.))(')')
    STRUCT_DECLARATION
      PsiElement(DLanguageTokenType.struct)('struct')
      PsiElement(DLanguageTokenType.ID)('SSS')
      DLanguageAggregateBodyImpl(AGGREGATE_BODY)
        PsiElement(DLanguageTokenType.{)('{')
        PsiElement(DLanguageTokenType.})('}')
  DLanguageDeclarationImpl(DECLARATION)
    DLanguageAttributeImpl(ATTRIBUTE)
      DLanguageAttributeImpl(ATTRIBUTE)
        PsiElement(DLanguageTokenType.@)('@')
        PsiElement(DLanguageTokenType.()('(')
        DLanguageArgumentListImpl(ARGUMENT_LIST)
          DLanguageAssignExpressionImpl(ASSIGN_EXPRESSION)
            DLanguageConditionalExpression_Impl(CONDITIONAL_EXPRESSION_)
              DLanguageUnaryExpressionImpl(UNARY_EXPRESSION)
                DLanguagePrimaryExpressionImpl(PRIMARY_EXPRESSION)
                  PsiElement(DLanguageTokenType.INTEGER_LITERAL)('3')
        PsiElement(DLanguageTokenType.))(')')
    PsiElement(DLanguageTokenType.{)('{')
    DLanguageDeclarationImpl(DECLARATION)
      DLanguageAttributeImpl(ATTRIBUTE)
        DLanguageAttributeImpl(ATTRIBUTE)
          PsiElement(DLanguageTokenType.@)('@')
          PsiElement(DLanguageTokenType.()('(')
          DLanguageArgumentListImpl(ARGUMENT_LIST)
            DLanguageAssignExpressionImpl(ASSIGN_EXPRESSION)
              DLanguageConditionalExpression_Impl(CONDITIONAL_EXPRESSION_)
                DLanguageUnaryExpressionImpl(UNARY_EXPRESSION)
                  DLanguagePrimaryExpressionImpl(PRIMARY_EXPRESSION)
                    PsiElement(DLanguageTokenType.INTEGER_LITERAL)('4')
          PsiElement(DLanguageTokenType.))(')')
      DLanguageAttributeImpl(ATTRIBUTE)
        DLanguageAttributeImpl(ATTRIBUTE)
          PsiElement(DLanguageTokenType.@)('@')
          PsiElement(DLanguageTokenType.ID)('EEE')
      DLanguageAttributeImpl(ATTRIBUTE)
        DLanguageAttributeImpl(ATTRIBUTE)
          PsiElement(DLanguageTokenType.@)('@')
          PsiElement(DLanguageTokenType.ID)('SSS')
      DLanguageTypeImpl(TYPE)
        DLanguageTypeImpl(TYPE)
          PsiElement(DLanguageTokenType.int)('int')
      DLanguageVarDeclarationsImpl(VAR_DECLARATIONS)
        DLanguageDeclaratorImpl(DECLARATOR)
          PsiElement(DLanguageTokenType.ID)('foo')
        PsiElement(DLanguageTokenType.;)(';')
    PsiElement(DLanguageTokenType.})('}')
  DLanguageDeclarationImpl(DECLARATION)
    DLanguageAliasDeclarationImpl(ALIAS_DECLARATION)
      PsiElement(DLanguageTokenType.alias)('alias')
      ALIAS_DECLARATION_Y
        PsiElement(DLanguageTokenType.ID)('TP')
        PsiElement(DLanguageTokenType.=)('=')
        DLanguageTypeImpl(TYPE)
          DLanguageTypeImpl(TYPE)
            DLanguageSymbolImpl(SYMBOL)
              DLanguageIdentifierListImpl(IDENTIFIER_LIST)
                DLanguageIdentifierListImpl(IDENTIFIER_LIST)
                  DLanguageTemplateInstanceImpl(TEMPLATE_INSTANCE)
                    PsiElement(DLanguageTokenType.ID)('Tuple')
                    DLanguageTemplateArgumentsImpl(TEMPLATE_ARGUMENTS)
                      PsiElement(DLanguageTokenType.!)('!')
                      PsiElement(DLanguageTokenType.()('(')
                      DLanguageTemplateArgumentListImpl(TEMPLATE_ARGUMENT_LIST)
                        DLanguageTemplateArgumentImpl(TEMPLATE_ARGUMENT)
                          DLanguageAssignExpressionImpl(ASSIGN_EXPRESSION)
                            DLanguageConditionalExpression_Impl(CONDITIONAL_EXPRESSION_)
                              DLanguageUnaryExpressionImpl(UNARY_EXPRESSION)
                                DLanguagePrimaryExpressionImpl(PRIMARY_EXPRESSION)
                                  DLanguageTraitsExpressionImpl(TRAITS_EXPRESSION)
                                    PsiElement(DLanguageTokenType.__traits)('__traits')
                                    PsiElement(DLanguageTokenType.()('(')
                                    PsiElement(DLanguageTokenType.ID)('getAttributes')
                                    PsiElement(DLanguageTokenType.,)(',')
                                    DLanguageTemplateArgumentListImpl(TEMPLATE_ARGUMENT_LIST)
                                      DLanguageTemplateArgumentImpl(TEMPLATE_ARGUMENT)
                                        DLanguageTypeImpl(TYPE)
                                          DLanguageTypeImpl(TYPE)
                                            DLanguageSymbolImpl(SYMBOL)
                                              DLanguageIdentifierListImpl(IDENTIFIER_LIST)
                                                DLanguageIdentifierListImpl(IDENTIFIER_LIST)
                                                  PsiElement(DLanguageTokenType.ID)('foo')
                                    PsiElement(DLanguageTokenType.))(')')
                      PsiElement(DLanguageTokenType.))(')')
      PsiElement(DLanguageTokenType.;)(';')
  DLanguageDeclarationImpl(DECLARATION)
    DLanguagePragmaStatementImpl(PRAGMA_STATEMENT)
      DLanguagePragmaImpl(PRAGMA)
        DLanguagePragmaImpl(PRAGMA)
          PsiElement(DLanguageTokenType.pragma)('pragma')
          PsiElement(DLanguageTokenType.()('(')
          PsiElement(DLanguageTokenType.ID)('msg')
          PsiElement(DLanguageTokenType.,)(',')
          DLanguageArgumentListImpl(ARGUMENT_LIST)
            DLanguageAssignExpressionImpl(ASSIGN_EXPRESSION)
              DLanguageConditionalExpression_Impl(CONDITIONAL_EXPRESSION_)
                DLanguageUnaryExpressionImpl(UNARY_EXPRESSION)
                  DLanguagePrimaryExpressionImpl(PRIMARY_EXPRESSION)
                    DLanguageIdentifierListImpl(IDENTIFIER_LIST)
                      PsiElement(DLanguageTokenType.ID)('TP')
          PsiElement(DLanguageTokenType.))(')')
        PsiElement(DLanguageTokenType.;)(';')
  PsiComment(DLanguageTokenType.LINE_COMMENT)('// prints tuple(3, 4, 7, (SSS))')
  DLanguageDeclarationImpl(DECLARATION)
    DLanguagePragmaStatementImpl(PRAGMA_STATEMENT)
      DLanguagePragmaImpl(PRAGMA)
        DLanguagePragmaImpl(PRAGMA)
          PsiElement(DLanguageTokenType.pragma)('pragma')
          PsiElement(DLanguageTokenType.()('(')
          PsiElement(DLanguageTokenType.ID)('msg')
          PsiElement(DLanguageTokenType.,)(',')
          DLanguageArgumentListImpl(ARGUMENT_LIST)
            DLanguageAssignExpressionImpl(ASSIGN_EXPRESSION)
              DLanguageConditionalExpression_Impl(CONDITIONAL_EXPRESSION_)
                DLanguageUnaryExpressionImpl(UNARY_EXPRESSION)
                  DLanguagePrimaryExpressionImpl(PRIMARY_EXPRESSION)
                    DLanguageIdentifierListImpl(IDENTIFIER_LIST)
                      PsiElement(DLanguageTokenType.ID)('TP')
                  DLanguageIndexExpressionImpl(INDEX_EXPRESSION)
                    PsiElement(DLanguageTokenType.[)('[')
                    DLanguageIndexExpressionImpl(INDEX_EXPRESSION)
                      DLanguageAssignExpressionImpl(ASSIGN_EXPRESSION)
                        DLanguageConditionalExpression_Impl(CONDITIONAL_EXPRESSION_)
                          DLanguageUnaryExpressionImpl(UNARY_EXPRESSION)
                            DLanguagePrimaryExpressionImpl(PRIMARY_EXPRESSION)
                              PsiElement(DLanguageTokenType.INTEGER_LITERAL)('2')
                    PsiElement(DLanguageTokenType.])(']')
          PsiElement(DLanguageTokenType.))(')')
        PsiElement(DLanguageTokenType.;)(';')
  PsiComment(DLanguageTokenType.LINE_COMMENT)('// prints 7')
  DLanguageDeclarationImpl(DECLARATION)
    DLanguageTypeImpl(TYPE)
      DLanguageTypeImpl(TYPE)
        DLanguageSymbolImpl(SYMBOL)
          DLanguageIdentifierListImpl(IDENTIFIER_LIST)
            DLanguageIdentifierListImpl(IDENTIFIER_LIST)
              PsiElement(DLanguageTokenType.ID)('TP')
      DLanguageTypeCtorImpl(TYPE_CTOR)
        PsiElement(DLanguageTokenType.[)('[')
        DLanguageAssignExpressionImpl(ASSIGN_EXPRESSION)
          DLanguageConditionalExpression_Impl(CONDITIONAL_EXPRESSION_)
            DLanguageUnaryExpressionImpl(UNARY_EXPRESSION)
              DLanguagePrimaryExpressionImpl(PRIMARY_EXPRESSION)
                PsiElement(DLanguageTokenType.INTEGER_LITERAL)('3')
        PsiElement(DLanguageTokenType.])(']')
    DLanguageVarDeclarationsImpl(VAR_DECLARATIONS)
      DLanguageDeclaratorImpl(DECLARATOR)
        PsiElement(DLanguageTokenType.ID)('a')
      PsiElement(DLanguageTokenType.;)(';')
  PsiComment(DLanguageTokenType.LINE_COMMENT)('// a is declared as an SSS')
  DLanguageDeclarationImpl(DECLARATION)
    DLanguagePragmaStatementImpl(PRAGMA_STATEMENT)
      DLanguagePragmaImpl(PRAGMA)
        DLanguagePragmaImpl(PRAGMA)
          PsiElement(DLanguageTokenType.pragma)('pragma')
          PsiElement(DLanguageTokenType.()('(')
          PsiElement(DLanguageTokenType.ID)('msg')
          PsiElement(DLanguageTokenType.,)(',')
          DLanguageArgumentListImpl(ARGUMENT_LIST)
            DLanguageAssignExpressionImpl(ASSIGN_EXPRESSION)
              DLanguageConditionalExpression_Impl(CONDITIONAL_EXPRESSION_)
                DLanguageUnaryExpressionImpl(UNARY_EXPRESSION)
                  DLanguagePrimaryExpressionImpl(PRIMARY_EXPRESSION)
                    DLanguageTraitsExpressionImpl(TRAITS_EXPRESSION)
                      PsiElement(DLanguageTokenType.__traits)('__traits')
                      PsiElement(DLanguageTokenType.()('(')
                      PsiElement(DLanguageTokenType.ID)('getAttributes')
                      PsiElement(DLanguageTokenType.,)(',')
                      DLanguageTemplateArgumentListImpl(TEMPLATE_ARGUMENT_LIST)
                        DLanguageTemplateArgumentImpl(TEMPLATE_ARGUMENT)
                          DLanguageTypeImpl(TYPE)
                            DLanguageTypeImpl(TYPE)
                              DLanguageTypeofImpl(TYPEOF)
                                PsiElement(DLanguageTokenType.typeof)('typeof')
                                PsiElement(DLanguageTokenType.()('(')
                                DLanguageExpressionStatementImpl(EXPRESSION_STATEMENT)
                                  DLanguageAssignExpressionImpl(ASSIGN_EXPRESSION)
                                    DLanguageConditionalExpression_Impl(CONDITIONAL_EXPRESSION_)
                                      DLanguageUnaryExpressionImpl(UNARY_EXPRESSION)
                                        DLanguagePrimaryExpressionImpl(PRIMARY_EXPRESSION)
                                          DLanguageIdentifierListImpl(IDENTIFIER_LIST)
                                            PsiElement(DLanguageTokenType.ID)('a')
                                PsiElement(DLanguageTokenType.))(')')
                      PsiElement(DLanguageTokenType.))(')')
          PsiElement(DLanguageTokenType.))(')')
        PsiElement(DLanguageTokenType.;)(';')
  PsiComment(DLanguageTokenType.LINE_COMMENT)('// prints tuple("hello")')