D Language File
  MODULE_DECLARATION
    PsiElement(DLanguageTokenType.module)('module')
    DLanguageIdentifierChainImpl(IDENTIFIER_CHAIN)
      IDENTIFIER
        PsiElement(DLanguageTokenType.ID)('foo')
    PsiElement(DLanguageTokenType.;)(';')
  DLanguageDeclarationImpl(DECLARATION)
    DLanguageTypeImpl(TYPE)
      DLanguageType_2Impl(TYPE_2)
        DLanguageBuiltinTypeImpl(BUILTIN_TYPE)
          PsiElement(DLanguageTokenType.int)('int')
    DLanguageVariableDeclarationImpl(VARIABLE_DECLARATION)
      DECLARATOR
        IDENTIFIER
          PsiElement(DLanguageTokenType.ID)('x')
        PsiElement(DLanguageTokenType.=)('=')
        DLanguageInitializerImpl(INITIALIZER)
          DLanguageNonVoidInitializerImpl(NON_VOID_INITIALIZER)
            DLanguageCmpExpressionImpl(CMP_EXPRESSION)
              DLanguageUnaryExpressionImpl(UNARY_EXPRESSION)
                DLanguagePrimaryExpressionImpl(PRIMARY_EXPRESSION)
                  PsiElement(DLanguageTokenType.INTEGER_LITERAL)('3')
      PsiElement(DLanguageTokenType.;)(';')
  PsiComment(DLanguageTokenType.LINE_COMMENT)('// x is global')
  DLanguageDeclarationImpl(DECLARATION)
    DLanguageAttributeImpl(ATTRIBUTE)
      PsiElement(DLanguageTokenType.private)('private')
    DLanguageTypeImpl(TYPE)
      DLanguageType_2Impl(TYPE_2)
        DLanguageBuiltinTypeImpl(BUILTIN_TYPE)
          PsiElement(DLanguageTokenType.int)('int')
    DLanguageVariableDeclarationImpl(VARIABLE_DECLARATION)
      DECLARATOR
        IDENTIFIER
          PsiElement(DLanguageTokenType.ID)('y')
        PsiElement(DLanguageTokenType.=)('=')
        DLanguageInitializerImpl(INITIALIZER)
          DLanguageNonVoidInitializerImpl(NON_VOID_INITIALIZER)
            DLanguageCmpExpressionImpl(CMP_EXPRESSION)
              DLanguageUnaryExpressionImpl(UNARY_EXPRESSION)
                DLanguagePrimaryExpressionImpl(PRIMARY_EXPRESSION)
                  PsiElement(DLanguageTokenType.INTEGER_LITERAL)('4')
      PsiElement(DLanguageTokenType.;)(';')
  PsiComment(DLanguageTokenType.LINE_COMMENT)('// y is local to module foo')