D Language File
  PsiComment(DLanguageTokenType.LINE_COMMENT)('// Test used for fixing the bitwise or bug (the pipe symbol)')
  DLanguageDeclarationImpl(DECLARATION)
    UNIT_TESTING
      UNIT_TESTING
        PsiElement(DLanguageTokenType.unittest)('unittest')
        DLanguageBlockStatementImpl(BLOCK_STATEMENT)
          PsiElement(DLanguageTokenType.{)('{')
          DLanguageDeclarationStatementImpl(DECLARATION_STATEMENT)
            DLanguageDeclarationStatementImpl(DECLARATION_STATEMENT)
              DLanguageStatementImpl(STATEMENT)
                DLanguageStatementNoCaseNoDefaultImpl(STATEMENT_NO_CASE_NO_DEFAULT)
                  DLanguageExpressionStatementImpl(EXPRESSION_STATEMENT)
                    DLanguageExpressionStatementImpl(EXPRESSION_STATEMENT)
                      DLanguageAssignExpressionImpl(ASSIGN_EXPRESSION)
                        DLanguageConditionalExpression_Impl(CONDITIONAL_EXPRESSION_)
                          DLanguageUnaryExpressionImpl(UNARY_EXPRESSION)
                            DLanguagePrimaryExpressionImpl(PRIMARY_EXPRESSION)
                              DLanguageIdentifierListImpl(IDENTIFIER_LIST)
                                PsiElement(DLanguageTokenType.ID)('assertEquals')
                            PsiElement(DLanguageTokenType.()('(')
                            DLanguageArgumentListImpl(ARGUMENT_LIST)
                              DLanguageAssignExpressionImpl(ASSIGN_EXPRESSION)
                                DLanguageAndExxpression_Impl(AND_EXPRESSION_)
                                  DLanguageConditionalExpression_Impl(CONDITIONAL_EXPRESSION_)
                                    DLanguageUnaryExpressionImpl(UNARY_EXPRESSION)
                                      DLanguagePrimaryExpressionImpl(PRIMARY_EXPRESSION)
                                        PsiElement(DLanguageTokenType.INTEGER_LITERAL)('2')
                                  PsiElement(DLanguageTokenType.|)('|')
                                  DLanguageConditionalExpression_Impl(CONDITIONAL_EXPRESSION_)
                                    DLanguageUnaryExpressionImpl(UNARY_EXPRESSION)
                                      DLanguagePrimaryExpressionImpl(PRIMARY_EXPRESSION)
                                        PsiElement(DLanguageTokenType.INTEGER_LITERAL)('4')
                              PsiElement(DLanguageTokenType.,)(',')
                              DLanguageAssignExpressionImpl(ASSIGN_EXPRESSION)
                                DLanguageConditionalExpression_Impl(CONDITIONAL_EXPRESSION_)
                                  DLanguageUnaryExpressionImpl(UNARY_EXPRESSION)
                                    DLanguagePrimaryExpressionImpl(PRIMARY_EXPRESSION)
                                      PsiElement(DLanguageTokenType.INTEGER_LITERAL)('2')
                            PsiElement(DLanguageTokenType.))(')')
                    PsiElement(DLanguageTokenType.;)(';')
          PsiElement(DLanguageTokenType.})('}')
  DLanguageDeclarationImpl(DECLARATION)
    DLanguageVarDeclarationsImpl(VAR_DECLARATIONS)
      DLanguageAutoDeclarationImpl(AUTO_DECLARATION)
        DLanguageStorageClassImpl(STORAGE_CLASS)
          PsiElement(DLanguageTokenType.auto)('auto')
        DLanguageAutoDeclarationXImpl(AUTO_DECLARATION_X)
          PsiElement(DLanguageTokenType.ID)('x')
          PsiElement(DLanguageTokenType.=)('=')
          DLanguageInitializerImpl(INITIALIZER)
            DLanguageNonVoidInitializerImpl(NON_VOID_INITIALIZER)
              DLanguageAssignExpressionImpl(ASSIGN_EXPRESSION)
                DLanguageAndExxpression_Impl(AND_EXPRESSION_)
                  DLanguageConditionalExpression_Impl(CONDITIONAL_EXPRESSION_)
                    DLanguageUnaryExpressionImpl(UNARY_EXPRESSION)
                      DLanguagePrimaryExpressionImpl(PRIMARY_EXPRESSION)
                        PsiElement(DLanguageTokenType.true)('true')
                  PsiElement(DLanguageTokenType.|)('|')
                  DLanguageConditionalExpression_Impl(CONDITIONAL_EXPRESSION_)
                    DLanguageUnaryExpressionImpl(UNARY_EXPRESSION)
                      DLanguagePrimaryExpressionImpl(PRIMARY_EXPRESSION)
                        PsiElement(DLanguageTokenType.false)('false')
        PsiElement(DLanguageTokenType.;)(';')