D Language File
  DLanguageDeclarationImpl(DECLARATION)
    DLanguageClassDeclarationImpl(CLASS_DECLARATION)
      PsiElement(DLanguageTokenType.class)('class')
      INTERFACE_OR_CLASS
        IDENTIFIER
          PsiElement(DLanguageTokenType.ID)('Foo')
        DLanguageStructBodyImpl(STRUCT_BODY)
          PsiElement(DLanguageTokenType.{)('{')
          DLanguageDeclarationImpl(DECLARATION)
            DLanguageAttributeImpl(ATTRIBUTE)
              PsiElement(DLanguageTokenType.static)('static')
            DLanguageTypeImpl(TYPE)
              DLanguageType_2Impl(TYPE_2)
                PsiElement(DLanguageTokenType.int)('int')
            DLanguageVariableDeclarationImpl(VARIABLE_DECLARATION)
              DECLARATOR
                IDENTIFIER
                  PsiElement(DLanguageTokenType.ID)('a')
                PsiElement(DLanguageTokenType.=)('=')
                DLanguageInitializerImpl(INITIALIZER)
                  DLanguageNonVoidInitializerImpl(NON_VOID_INITIALIZER)
                    DLanguageAssignExpressionImpl(ASSIGN_EXPRESSION)
                      DLanguageCmpExpressionImpl(CMP_EXPRESSION)
                        DLanguageAddExpressionImpl(ADD_EXPRESSION)
                          DLanguageUnaryExpressionImpl(UNARY_EXPRESSION)
                            DLanguagePrimaryExpressionImpl(PRIMARY_EXPRESSION)
                              DLanguageIdentifierOrTemplateInstanceImpl(IDENTIFIER_OR_TEMPLATE_INSTANCE)
                                IDENTIFIER
                                  PsiElement(DLanguageTokenType.ID)('b')
                          PsiElement(DLanguageTokenType.+)('+')
                          DLanguageUnaryExpressionImpl(UNARY_EXPRESSION)
                            DLanguagePrimaryExpressionImpl(PRIMARY_EXPRESSION)
                              PsiElement(DLanguageTokenType.INTEGER_LITERAL)('1')
              PsiElement(DLanguageTokenType.;)(';')
          DLanguageDeclarationImpl(DECLARATION)
            DLanguageAttributeImpl(ATTRIBUTE)
              PsiElement(DLanguageTokenType.static)('static')
            DLanguageTypeImpl(TYPE)
              DLanguageType_2Impl(TYPE_2)
                PsiElement(DLanguageTokenType.int)('int')
            DLanguageVariableDeclarationImpl(VARIABLE_DECLARATION)
              DECLARATOR
                IDENTIFIER
                  PsiElement(DLanguageTokenType.ID)('b')
                PsiElement(DLanguageTokenType.=)('=')
                DLanguageInitializerImpl(INITIALIZER)
                  DLanguageNonVoidInitializerImpl(NON_VOID_INITIALIZER)
                    DLanguageAssignExpressionImpl(ASSIGN_EXPRESSION)
                      DLanguageCmpExpressionImpl(CMP_EXPRESSION)
                        DLanguageMulExpressionImpl(MUL_EXPRESSION)
                          DLanguageUnaryExpressionImpl(UNARY_EXPRESSION)
                            DLanguagePrimaryExpressionImpl(PRIMARY_EXPRESSION)
                              DLanguageIdentifierOrTemplateInstanceImpl(IDENTIFIER_OR_TEMPLATE_INSTANCE)
                                IDENTIFIER
                                  PsiElement(DLanguageTokenType.ID)('a')
                          PsiElement(DLanguageTokenType.*)('*')
                          DLanguageUnaryExpressionImpl(UNARY_EXPRESSION)
                            DLanguagePrimaryExpressionImpl(PRIMARY_EXPRESSION)
                              PsiElement(DLanguageTokenType.INTEGER_LITERAL)('2')
              PsiElement(DLanguageTokenType.;)(';')
          PsiElement(DLanguageTokenType.})('}')
  DLanguageDeclarationImpl(DECLARATION)
    DLanguageClassDeclarationImpl(CLASS_DECLARATION)
      PsiElement(DLanguageTokenType.class)('class')
      INTERFACE_OR_CLASS
        IDENTIFIER
          PsiElement(DLanguageTokenType.ID)('Foo')
        DLanguageStructBodyImpl(STRUCT_BODY)
          PsiElement(DLanguageTokenType.{)('{')
          DLanguageDeclarationImpl(DECLARATION)
            DLanguageAttributeImpl(ATTRIBUTE)
              PsiElement(DLanguageTokenType.static)('static')
            DLanguageTypeImpl(TYPE)
              DLanguageType_2Impl(TYPE_2)
                PsiElement(DLanguageTokenType.int)('int')
            DLanguageVariableDeclarationImpl(VARIABLE_DECLARATION)
              DECLARATOR
                IDENTIFIER
                  PsiElement(DLanguageTokenType.ID)('a')
              PsiElement(DLanguageTokenType.;)(';')
          PsiComment(DLanguageTokenType.LINE_COMMENT)('// default initialized to 0')
          DLanguageDeclarationImpl(DECLARATION)
            DLanguageAttributeImpl(ATTRIBUTE)
              PsiElement(DLanguageTokenType.static)('static')
            DLanguageTypeImpl(TYPE)
              DLanguageType_2Impl(TYPE_2)
                PsiElement(DLanguageTokenType.int)('int')
            DLanguageVariableDeclarationImpl(VARIABLE_DECLARATION)
              DECLARATOR
                IDENTIFIER
                  PsiElement(DLanguageTokenType.ID)('b')
                PsiElement(DLanguageTokenType.=)('=')
                DLanguageInitializerImpl(INITIALIZER)
                  DLanguageNonVoidInitializerImpl(NON_VOID_INITIALIZER)
                    DLanguageAssignExpressionImpl(ASSIGN_EXPRESSION)
                      DLanguageCmpExpressionImpl(CMP_EXPRESSION)
                        DLanguageUnaryExpressionImpl(UNARY_EXPRESSION)
                          DLanguagePrimaryExpressionImpl(PRIMARY_EXPRESSION)
                            PsiElement(DLanguageTokenType.INTEGER_LITERAL)('1')
              PsiElement(DLanguageTokenType.;)(';')
          DLanguageDeclarationImpl(DECLARATION)
            DLanguageAttributeImpl(ATTRIBUTE)
              PsiElement(DLanguageTokenType.static)('static')
            DLanguageTypeImpl(TYPE)
              DLanguageType_2Impl(TYPE_2)
                PsiElement(DLanguageTokenType.int)('int')
            DLanguageVariableDeclarationImpl(VARIABLE_DECLARATION)
              DECLARATOR
                IDENTIFIER
                  PsiElement(DLanguageTokenType.ID)('c')
                PsiElement(DLanguageTokenType.=)('=')
                DLanguageInitializerImpl(INITIALIZER)
                  DLanguageNonVoidInitializerImpl(NON_VOID_INITIALIZER)
                    DLanguageAssignExpressionImpl(ASSIGN_EXPRESSION)
                      DLanguageCmpExpressionImpl(CMP_EXPRESSION)
                        DLanguageAddExpressionImpl(ADD_EXPRESSION)
                          DLanguageUnaryExpressionImpl(UNARY_EXPRESSION)
                            DLanguagePrimaryExpressionImpl(PRIMARY_EXPRESSION)
                              DLanguageIdentifierOrTemplateInstanceImpl(IDENTIFIER_OR_TEMPLATE_INSTANCE)
                                IDENTIFIER
                                  PsiElement(DLanguageTokenType.ID)('b')
                          PsiElement(DLanguageTokenType.+)('+')
                          DLanguageUnaryExpressionImpl(UNARY_EXPRESSION)
                            DLanguagePrimaryExpressionImpl(PRIMARY_EXPRESSION)
                              DLanguageIdentifierOrTemplateInstanceImpl(IDENTIFIER_OR_TEMPLATE_INSTANCE)
                                IDENTIFIER
                                  PsiElement(DLanguageTokenType.ID)('a')
              PsiElement(DLanguageTokenType.;)(';')
          PsiComment(DLanguageTokenType.LINE_COMMENT)('// error, not a constant initializer')
          DLanguageDeclarationImpl(DECLARATION)
            STATIC_CONSTRUCTOR
              PsiElement(DLanguageTokenType.static)('static')
              PsiElement(DLanguageTokenType.this)('this')
              PsiElement(DLanguageTokenType.()('(')
              PsiElement(DLanguageTokenType.))(')')
              PsiComment(DLanguageTokenType.LINE_COMMENT)('// static constructor')
              DLanguageFunctionBodyImpl(FUNCTION_BODY)
                DLanguageBlockStatementImpl(BLOCK_STATEMENT)
                  PsiElement(DLanguageTokenType.{)('{')
                  DLanguageDeclarationsAndStatementsImpl(DECLARATIONS_AND_STATEMENTS)
                    DLanguageDeclarationOrStatementImpl(DECLARATION_OR_STATEMENT)
                      DLanguageStatementImpl(STATEMENT)
                        DLanguageStatementNoCaseNoDefaultImpl(STATEMENT_NO_CASE_NO_DEFAULT)
                          DLanguageExpressionStatementImpl(EXPRESSION_STATEMENT)
                            DLanguageExpressionImpl(EXPRESSION)
                              DLanguageAssignExpressionImpl(ASSIGN_EXPRESSION)
                                DLanguageCmpExpressionImpl(CMP_EXPRESSION)
                                  DLanguageUnaryExpressionImpl(UNARY_EXPRESSION)
                                    DLanguagePrimaryExpressionImpl(PRIMARY_EXPRESSION)
                                      DLanguageIdentifierOrTemplateInstanceImpl(IDENTIFIER_OR_TEMPLATE_INSTANCE)
                                        IDENTIFIER
                                          PsiElement(DLanguageTokenType.ID)('a')
                                PsiElement(DLanguageTokenType.=)('=')
                                DLanguageAssignExpressionImpl(ASSIGN_EXPRESSION)
                                  DLanguageCmpExpressionImpl(CMP_EXPRESSION)
                                    DLanguageAddExpressionImpl(ADD_EXPRESSION)
                                      DLanguageUnaryExpressionImpl(UNARY_EXPRESSION)
                                        DLanguagePrimaryExpressionImpl(PRIMARY_EXPRESSION)
                                          DLanguageIdentifierOrTemplateInstanceImpl(IDENTIFIER_OR_TEMPLATE_INSTANCE)
                                            IDENTIFIER
                                              PsiElement(DLanguageTokenType.ID)('b')
                                      PsiElement(DLanguageTokenType.+)('+')
                                      DLanguageUnaryExpressionImpl(UNARY_EXPRESSION)
                                        DLanguagePrimaryExpressionImpl(PRIMARY_EXPRESSION)
                                          PsiElement(DLanguageTokenType.INTEGER_LITERAL)('1')
                            PsiElement(DLanguageTokenType.;)(';')
                    PsiComment(DLanguageTokenType.LINE_COMMENT)('// a is set to 2')
                    DLanguageDeclarationOrStatementImpl(DECLARATION_OR_STATEMENT)
                      DLanguageStatementImpl(STATEMENT)
                        DLanguageStatementNoCaseNoDefaultImpl(STATEMENT_NO_CASE_NO_DEFAULT)
                          DLanguageExpressionStatementImpl(EXPRESSION_STATEMENT)
                            DLanguageExpressionImpl(EXPRESSION)
                              DLanguageAssignExpressionImpl(ASSIGN_EXPRESSION)
                                DLanguageCmpExpressionImpl(CMP_EXPRESSION)
                                  DLanguageUnaryExpressionImpl(UNARY_EXPRESSION)
                                    DLanguagePrimaryExpressionImpl(PRIMARY_EXPRESSION)
                                      DLanguageIdentifierOrTemplateInstanceImpl(IDENTIFIER_OR_TEMPLATE_INSTANCE)
                                        IDENTIFIER
                                          PsiElement(DLanguageTokenType.ID)('b')
                                PsiElement(DLanguageTokenType.=)('=')
                                DLanguageAssignExpressionImpl(ASSIGN_EXPRESSION)
                                  DLanguageCmpExpressionImpl(CMP_EXPRESSION)
                                    DLanguageMulExpressionImpl(MUL_EXPRESSION)
                                      DLanguageUnaryExpressionImpl(UNARY_EXPRESSION)
                                        DLanguagePrimaryExpressionImpl(PRIMARY_EXPRESSION)
                                          DLanguageIdentifierOrTemplateInstanceImpl(IDENTIFIER_OR_TEMPLATE_INSTANCE)
                                            IDENTIFIER
                                              PsiElement(DLanguageTokenType.ID)('a')
                                      PsiElement(DLanguageTokenType.*)('*')
                                      DLanguageUnaryExpressionImpl(UNARY_EXPRESSION)
                                        DLanguagePrimaryExpressionImpl(PRIMARY_EXPRESSION)
                                          PsiElement(DLanguageTokenType.INTEGER_LITERAL)('2')
                            PsiElement(DLanguageTokenType.;)(';')
                  PsiComment(DLanguageTokenType.LINE_COMMENT)('// b is set to 4')
                  PsiElement(DLanguageTokenType.})('}')
          PsiElement(DLanguageTokenType.})('}')
  DLanguageDeclarationImpl(DECLARATION)
    DLanguageClassDeclarationImpl(CLASS_DECLARATION)
      PsiElement(DLanguageTokenType.class)('class')
      INTERFACE_OR_CLASS
        IDENTIFIER
          PsiElement(DLanguageTokenType.ID)('Foo')
        DLanguageStructBodyImpl(STRUCT_BODY)
          PsiElement(DLanguageTokenType.{)('{')
          DLanguageDeclarationImpl(DECLARATION)
            STATIC_CONSTRUCTOR
              PsiElement(DLanguageTokenType.static)('static')
              PsiElement(DLanguageTokenType.this)('this')
              PsiElement(DLanguageTokenType.()('(')
              PsiElement(DLanguageTokenType.))(')')
              DLanguageFunctionBodyImpl(FUNCTION_BODY)
                DLanguageBlockStatementImpl(BLOCK_STATEMENT)
                  PsiElement(DLanguageTokenType.{)('{')
                  PsiElement(DLanguageTokenType.})('}')
          PsiComment(DLanguageTokenType.LINE_COMMENT)('// a static constructor')
          DLanguageDeclarationImpl(DECLARATION)
            DLanguageAttributeImpl(ATTRIBUTE)
              PsiElement(DLanguageTokenType.static)('static')
            DLanguageAttributeImpl(ATTRIBUTE)
              PsiElement(DLanguageTokenType.private)('private')
            CONSTRUCTOR
              PsiElement(DLanguageTokenType.this)('this')
              DLanguageParametersImpl(PARAMETERS)
                PsiElement(DLanguageTokenType.()('(')
                PsiElement(DLanguageTokenType.))(')')
              DLanguageFunctionBodyImpl(FUNCTION_BODY)
                DLanguageBlockStatementImpl(BLOCK_STATEMENT)
                  PsiElement(DLanguageTokenType.{)('{')
                  PsiElement(DLanguageTokenType.})('}')
          PsiComment(DLanguageTokenType.LINE_COMMENT)('// not a static constructor')
          DLanguageDeclarationImpl(DECLARATION)
            DLanguageAttributeImpl(ATTRIBUTE)
              PsiElement(DLanguageTokenType.static)('static')
            PsiElement(DLanguageTokenType.{)('{')
            DLanguageDeclarationImpl(DECLARATION)
              CONSTRUCTOR
                PsiElement(DLanguageTokenType.this)('this')
                DLanguageParametersImpl(PARAMETERS)
                  PsiElement(DLanguageTokenType.()('(')
                  PsiElement(DLanguageTokenType.))(')')
                DLanguageFunctionBodyImpl(FUNCTION_BODY)
                  DLanguageBlockStatementImpl(BLOCK_STATEMENT)
                    PsiElement(DLanguageTokenType.{)('{')
                    PsiElement(DLanguageTokenType.})('}')
            PsiComment(DLanguageTokenType.LINE_COMMENT)('// not a static constructor')
            PsiElement(DLanguageTokenType.})('}')
          DLanguageDeclarationImpl(DECLARATION)
            DLanguageAttributeImpl(ATTRIBUTE)
              PsiElement(DLanguageTokenType.static)('static')
            DLanguageAttributeDeclarationImpl(ATTRIBUTE_DECLARATION)
              PsiElement(DLanguageTokenType.:)(':')
          DLanguageDeclarationImpl(DECLARATION)
            CONSTRUCTOR
              PsiElement(DLanguageTokenType.this)('this')
              DLanguageParametersImpl(PARAMETERS)
                PsiElement(DLanguageTokenType.()('(')
                PsiElement(DLanguageTokenType.))(')')
              DLanguageFunctionBodyImpl(FUNCTION_BODY)
                DLanguageBlockStatementImpl(BLOCK_STATEMENT)
                  PsiElement(DLanguageTokenType.{)('{')
                  PsiElement(DLanguageTokenType.})('}')
          PsiComment(DLanguageTokenType.LINE_COMMENT)('// not a static constructor')
          PsiElement(DLanguageTokenType.})('}')