D Language File
  DLanguageDeclarationImpl(DECLARATION)
    DLanguageTypeImpl(TYPE)
      DLanguageType_2Impl(TYPE_2)
        PsiElement(DLanguageTokenType.immutable)('immutable')
        PsiElement(DLanguageTokenType.()('(')
        DLanguageTypeImpl(TYPE)
          DLanguageType_2Impl(TYPE_2)
            PsiElement(DLanguageTokenType.int)('int')
        PsiElement(DLanguageTokenType.))(')')
    DLanguageVariableDeclarationImpl(VARIABLE_DECLARATION)
      DECLARATOR
        IDENTIFIER
          PsiElement(DLanguageTokenType.ID)('x')
      PsiElement(DLanguageTokenType.;)(';')
  PsiComment(DLanguageTokenType.LINE_COMMENT)('// typeof(x) == immutable(int)')
  DLanguageDeclarationImpl(DECLARATION)
    DLanguageTypeImpl(TYPE)
      DLanguageType_2Impl(TYPE_2)
        PsiElement(DLanguageTokenType.immutable)('immutable')
        PsiElement(DLanguageTokenType.()('(')
        DLanguageTypeImpl(TYPE)
          DLanguageType_2Impl(TYPE_2)
            PsiElement(DLanguageTokenType.int)('int')
        PsiElement(DLanguageTokenType.))(')')
      DLanguageTypeSuffixImpl(TYPE_SUFFIX)
        PsiElement(DLanguageTokenType.[)('[')
        PsiElement(DLanguageTokenType.])(']')
    DLanguageVariableDeclarationImpl(VARIABLE_DECLARATION)
      DECLARATOR
        IDENTIFIER
          PsiElement(DLanguageTokenType.ID)('y')
      PsiElement(DLanguageTokenType.;)(';')
  PsiComment(DLanguageTokenType.LINE_COMMENT)('// typeof(y) == immutable(int)[]')
  PsiComment(DLanguageTokenType.LINE_COMMENT)('// typeof(y[0]) == immutable(int)')
  PsiComment(DLanguageTokenType.LINE_COMMENT)('// Type constructors create new types that can be aliased:')
  DLanguageDeclarationImpl(DECLARATION)
    DLanguageAliasDeclarationImpl(ALIAS_DECLARATION)
      PsiElement(DLanguageTokenType.alias)('alias')
      ALIAS_INITIALIZER
        IDENTIFIER
          PsiElement(DLanguageTokenType.ID)('ImmutableInt')
        PsiElement(DLanguageTokenType.=)('=')
        DLanguageTypeImpl(TYPE)
          DLanguageType_2Impl(TYPE_2)
            PsiElement(DLanguageTokenType.immutable)('immutable')
            PsiElement(DLanguageTokenType.()('(')
            DLanguageTypeImpl(TYPE)
              DLanguageType_2Impl(TYPE_2)
                PsiElement(DLanguageTokenType.int)('int')
            PsiElement(DLanguageTokenType.))(')')
      PsiElement(DLanguageTokenType.;)(';')
  DLanguageDeclarationImpl(DECLARATION)
    DLanguageTypeImpl(TYPE)
      DLanguageType_2Impl(TYPE_2)
        DLanguageSymbolImpl(SYMBOL)
          DLanguageIdentifierOrTemplateChainImpl(IDENTIFIER_OR_TEMPLATE_CHAIN)
            DLanguageIdentifierOrTemplateInstanceImpl(IDENTIFIER_OR_TEMPLATE_INSTANCE)
              IDENTIFIER
                PsiElement(DLanguageTokenType.ID)('ImmutableInt')
    DLanguageVariableDeclarationImpl(VARIABLE_DECLARATION)
      DECLARATOR
        IDENTIFIER
          PsiElement(DLanguageTokenType.ID)('z')
      PsiElement(DLanguageTokenType.;)(';')
  PsiComment(DLanguageTokenType.LINE_COMMENT)('// typeof(z) == immutable(int)')