D Language File
  DLanguageDeclarationImpl(DECLARATION)
    DLanguageImportDeclarationImpl(IMPORT_DECLARATION)
      PsiElement(DLanguageTokenType.singleImport)('singleImport')
      SINGLE_IMPORT
        DLanguageIdentifierChainImpl(IDENTIFIER_CHAIN)
          IDENTIFIER
            PsiElement(DLanguageTokenType.ID)('std')
          PsiElement(DLanguageTokenType..)('.')
          IDENTIFIER
            PsiElement(DLanguageTokenType.ID)('stdio')
      PsiElement(DLanguageTokenType.;)(';')
  DLanguageDeclarationImpl(DECLARATION)
    FUNCTION_DECLARATION
      DLanguageTypeImpl(TYPE)
        DLanguageType_2Impl(TYPE_2)
          DLanguageBuiltinTypeImpl(BUILTIN_TYPE)
            PsiElement(DLanguageTokenType.void)('void')
      IDENTIFIER
        PsiElement(DLanguageTokenType.ID)('main')
      DLanguageParametersImpl(PARAMETERS)
        PsiElement(DLanguageTokenType.()('(')
        PsiElement(DLanguageTokenType.))(')')
      DLanguageFunctionBodyImpl(FUNCTION_BODY)
        DLanguageBlockStatementImpl(BLOCK_STATEMENT)
          PsiElement(DLanguageTokenType.{)('{')
          DLanguageDeclarationsAndStatementsImpl(DECLARATIONS_AND_STATEMENTS)
            DLanguageDeclarationOrStatementImpl(DECLARATION_OR_STATEMENT)
              DLanguageDeclarationImpl(DECLARATION)
                DLanguageVariableDeclarationImpl(VARIABLE_DECLARATION)
                  DLanguageAutoDeclarationImpl(AUTO_DECLARATION)
                    DLanguageStorageClassImpl(STORAGE_CLASS)
                      PsiElement(DLanguageTokenType.auto)('auto')
                    AUTO_DECLARATION_PART
                      IDENTIFIER
                        PsiElement(DLanguageTokenType.ID)('i')
                      PsiElement(DLanguageTokenType.=)('=')
                      DLanguageInitializerImpl(INITIALIZER)
                        DLanguageNonVoidInitializerImpl(NON_VOID_INITIALIZER)
                          DLanguageAssignExpressionImpl(ASSIGN_EXPRESSION)
                            DLanguageCmpExpressionImpl(CMP_EXPRESSION)
                              DLanguageUnaryExpressionImpl(UNARY_EXPRESSION)
                                DLanguagePrimaryExpressionImpl(PRIMARY_EXPRESSION)
                                  PsiElement(DLanguageTokenType.INTEGER_LITERAL)('3')
                    PsiElement(DLanguageTokenType.;)(';')
            DLanguageDeclarationOrStatementImpl(DECLARATION_OR_STATEMENT)
              DLanguageDeclarationImpl(DECLARATION)
                DLanguageVariableDeclarationImpl(VARIABLE_DECLARATION)
                  DLanguageAutoDeclarationImpl(AUTO_DECLARATION)
                    DLanguageStorageClassImpl(STORAGE_CLASS)
                      PsiElement(DLanguageTokenType.auto)('auto')
                    AUTO_DECLARATION_PART
                      IDENTIFIER
                        PsiElement(DLanguageTokenType.ID)('twice')
                      PsiElement(DLanguageTokenType.=)('=')
                      DLanguageInitializerImpl(INITIALIZER)
                        DLanguageNonVoidInitializerImpl(NON_VOID_INITIALIZER)
                          DLanguageAssignExpressionImpl(ASSIGN_EXPRESSION)
                            DLanguageCmpExpressionImpl(CMP_EXPRESSION)
                              DLanguageUnaryExpressionImpl(UNARY_EXPRESSION)
                                DLanguagePrimaryExpressionImpl(PRIMARY_EXPRESSION)
                                  DLanguageFunctionLiteralExpressionImpl(FUNCTION_LITERAL_EXPRESSION)
                                    PsiElement(DLanguageTokenType.function)('function')
                                    DLanguageParametersImpl(PARAMETERS)
                                      PsiElement(DLanguageTokenType.()('(')
                                      PARAMETER
                                        DLanguageTypeImpl(TYPE)
                                          DLanguageType_2Impl(TYPE_2)
                                            DLanguageBuiltinTypeImpl(BUILTIN_TYPE)
                                              PsiElement(DLanguageTokenType.int)('int')
                                        IDENTIFIER
                                          PsiElement(DLanguageTokenType.ID)('x')
                                      PsiElement(DLanguageTokenType.))(')')
                                    PsiElement(DLanguageTokenType.=>)('=>')
                                    DLanguageAssignExpressionImpl(ASSIGN_EXPRESSION)
                                      DLanguageCmpExpressionImpl(CMP_EXPRESSION)
                                        DLanguageMulExpressionImpl(MUL_EXPRESSION)
                                          DLanguageUnaryExpressionImpl(UNARY_EXPRESSION)
                                            DLanguagePrimaryExpressionImpl(PRIMARY_EXPRESSION)
                                              DLanguageIdentifierOrTemplateInstanceImpl(IDENTIFIER_OR_TEMPLATE_INSTANCE)
                                                IDENTIFIER
                                                  PsiElement(DLanguageTokenType.ID)('x')
                                          PsiElement(DLanguageTokenType.*)('*')
                                          DLanguageUnaryExpressionImpl(UNARY_EXPRESSION)
                                            DLanguagePrimaryExpressionImpl(PRIMARY_EXPRESSION)
                                              PsiElement(DLanguageTokenType.INTEGER_LITERAL)('2')
                    PsiElement(DLanguageTokenType.;)(';')
            DLanguageDeclarationOrStatementImpl(DECLARATION_OR_STATEMENT)
              DLanguageDeclarationImpl(DECLARATION)
                DLanguageVariableDeclarationImpl(VARIABLE_DECLARATION)
                  DLanguageAutoDeclarationImpl(AUTO_DECLARATION)
                    DLanguageStorageClassImpl(STORAGE_CLASS)
                      PsiElement(DLanguageTokenType.auto)('auto')
                    AUTO_DECLARATION_PART
                      IDENTIFIER
                        PsiElement(DLanguageTokenType.ID)('square')
                      PsiElement(DLanguageTokenType.=)('=')
                      DLanguageInitializerImpl(INITIALIZER)
                        DLanguageNonVoidInitializerImpl(NON_VOID_INITIALIZER)
                          DLanguageAssignExpressionImpl(ASSIGN_EXPRESSION)
                            DLanguageCmpExpressionImpl(CMP_EXPRESSION)
                              DLanguageUnaryExpressionImpl(UNARY_EXPRESSION)
                                DLanguagePrimaryExpressionImpl(PRIMARY_EXPRESSION)
                                  DLanguageFunctionLiteralExpressionImpl(FUNCTION_LITERAL_EXPRESSION)
                                    PsiElement(DLanguageTokenType.delegate)('delegate')
                                    DLanguageParametersImpl(PARAMETERS)
                                      PsiElement(DLanguageTokenType.()('(')
                                      PARAMETER
                                        DLanguageTypeImpl(TYPE)
                                          DLanguageType_2Impl(TYPE_2)
                                            DLanguageBuiltinTypeImpl(BUILTIN_TYPE)
                                              PsiElement(DLanguageTokenType.int)('int')
                                        IDENTIFIER
                                          PsiElement(DLanguageTokenType.ID)('x')
                                      PsiElement(DLanguageTokenType.))(')')
                                    PsiElement(DLanguageTokenType.=>)('=>')
                                    DLanguageAssignExpressionImpl(ASSIGN_EXPRESSION)
                                      DLanguageCmpExpressionImpl(CMP_EXPRESSION)
                                        DLanguageMulExpressionImpl(MUL_EXPRESSION)
                                          DLanguageUnaryExpressionImpl(UNARY_EXPRESSION)
                                            DLanguagePrimaryExpressionImpl(PRIMARY_EXPRESSION)
                                              DLanguageIdentifierOrTemplateInstanceImpl(IDENTIFIER_OR_TEMPLATE_INSTANCE)
                                                IDENTIFIER
                                                  PsiElement(DLanguageTokenType.ID)('x')
                                          PsiElement(DLanguageTokenType.*)('*')
                                          DLanguageUnaryExpressionImpl(UNARY_EXPRESSION)
                                            DLanguagePrimaryExpressionImpl(PRIMARY_EXPRESSION)
                                              DLanguageIdentifierOrTemplateInstanceImpl(IDENTIFIER_OR_TEMPLATE_INSTANCE)
                                                IDENTIFIER
                                                  PsiElement(DLanguageTokenType.ID)('x')
                    PsiElement(DLanguageTokenType.;)(';')
            DLanguageDeclarationOrStatementImpl(DECLARATION_OR_STATEMENT)
              DLanguageDeclarationImpl(DECLARATION)
                DLanguageVariableDeclarationImpl(VARIABLE_DECLARATION)
                  DLanguageAutoDeclarationImpl(AUTO_DECLARATION)
                    DLanguageStorageClassImpl(STORAGE_CLASS)
                      PsiElement(DLanguageTokenType.auto)('auto')
                    AUTO_DECLARATION_PART
                      IDENTIFIER
                        PsiElement(DLanguageTokenType.ID)('n')
                      PsiElement(DLanguageTokenType.=)('=')
                      DLanguageInitializerImpl(INITIALIZER)
                        DLanguageNonVoidInitializerImpl(NON_VOID_INITIALIZER)
                          DLanguageAssignExpressionImpl(ASSIGN_EXPRESSION)
                            DLanguageCmpExpressionImpl(CMP_EXPRESSION)
                              DLanguageUnaryExpressionImpl(UNARY_EXPRESSION)
                                DLanguagePrimaryExpressionImpl(PRIMARY_EXPRESSION)
                                  PsiElement(DLanguageTokenType.INTEGER_LITERAL)('5')
                    PsiElement(DLanguageTokenType.;)(';')
            DLanguageDeclarationOrStatementImpl(DECLARATION_OR_STATEMENT)
              DLanguageDeclarationImpl(DECLARATION)
                DLanguageVariableDeclarationImpl(VARIABLE_DECLARATION)
                  DLanguageAutoDeclarationImpl(AUTO_DECLARATION)
                    DLanguageStorageClassImpl(STORAGE_CLASS)
                      PsiElement(DLanguageTokenType.auto)('auto')
                    AUTO_DECLARATION_PART
                      IDENTIFIER
                        PsiElement(DLanguageTokenType.ID)('mul_n')
                      PsiElement(DLanguageTokenType.=)('=')
                      DLanguageInitializerImpl(INITIALIZER)
                        DLanguageNonVoidInitializerImpl(NON_VOID_INITIALIZER)
                          DLanguageAssignExpressionImpl(ASSIGN_EXPRESSION)
                            DLanguageCmpExpressionImpl(CMP_EXPRESSION)
                              DLanguageUnaryExpressionImpl(UNARY_EXPRESSION)
                                DLanguagePrimaryExpressionImpl(PRIMARY_EXPRESSION)
                                  DLanguageFunctionLiteralExpressionImpl(FUNCTION_LITERAL_EXPRESSION)
                                    DLanguageParametersImpl(PARAMETERS)
                                      PsiElement(DLanguageTokenType.()('(')
                                      PARAMETER
                                        DLanguageTypeImpl(TYPE)
                                          DLanguageType_2Impl(TYPE_2)
                                            DLanguageBuiltinTypeImpl(BUILTIN_TYPE)
                                              PsiElement(DLanguageTokenType.int)('int')
                                        IDENTIFIER
                                          PsiElement(DLanguageTokenType.ID)('x')
                                      PsiElement(DLanguageTokenType.))(')')
                                    PsiElement(DLanguageTokenType.=>)('=>')
                                    DLanguageAssignExpressionImpl(ASSIGN_EXPRESSION)
                                      DLanguageCmpExpressionImpl(CMP_EXPRESSION)
                                        DLanguageMulExpressionImpl(MUL_EXPRESSION)
                                          DLanguageUnaryExpressionImpl(UNARY_EXPRESSION)
                                            DLanguagePrimaryExpressionImpl(PRIMARY_EXPRESSION)
                                              DLanguageIdentifierOrTemplateInstanceImpl(IDENTIFIER_OR_TEMPLATE_INSTANCE)
                                                IDENTIFIER
                                                  PsiElement(DLanguageTokenType.ID)('x')
                                          PsiElement(DLanguageTokenType.*)('*')
                                          DLanguageUnaryExpressionImpl(UNARY_EXPRESSION)
                                            DLanguagePrimaryExpressionImpl(PRIMARY_EXPRESSION)
                                              DLanguageIdentifierOrTemplateInstanceImpl(IDENTIFIER_OR_TEMPLATE_INSTANCE)
                                                IDENTIFIER
                                                  PsiElement(DLanguageTokenType.ID)('n')
                    PsiElement(DLanguageTokenType.;)(';')
            DLanguageDeclarationOrStatementImpl(DECLARATION_OR_STATEMENT)
              DLanguageStatementImpl(STATEMENT)
                DLanguageStatementNoCaseNoDefaultImpl(STATEMENT_NO_CASE_NO_DEFAULT)
                  DLanguageExpressionStatementImpl(EXPRESSION_STATEMENT)
                    DLanguageExpressionImpl(EXPRESSION)
                      DLanguageAssignExpressionImpl(ASSIGN_EXPRESSION)
                        DLanguageCmpExpressionImpl(CMP_EXPRESSION)
                          DLanguageUnaryExpressionImpl(UNARY_EXPRESSION)
                            DLanguageFunctionCallExpressionImpl(FUNCTION_CALL_EXPRESSION)
                              DLanguageUnaryExpressionImpl(UNARY_EXPRESSION)
                                DLanguagePrimaryExpressionImpl(PRIMARY_EXPRESSION)
                                  DLanguageIdentifierOrTemplateInstanceImpl(IDENTIFIER_OR_TEMPLATE_INSTANCE)
                                    IDENTIFIER
                                      PsiElement(DLanguageTokenType.ID)('writeln')
                              DLanguageArgumentsImpl(ARGUMENTS)
                                PsiElement(DLanguageTokenType.()('(')
                                DLanguageArgumentListImpl(ARGUMENT_LIST)
                                  DLanguageAssignExpressionImpl(ASSIGN_EXPRESSION)
                                    DLanguageCmpExpressionImpl(CMP_EXPRESSION)
                                      DLanguageUnaryExpressionImpl(UNARY_EXPRESSION)
                                        DLanguageFunctionCallExpressionImpl(FUNCTION_CALL_EXPRESSION)
                                          DLanguageUnaryExpressionImpl(UNARY_EXPRESSION)
                                            DLanguagePrimaryExpressionImpl(PRIMARY_EXPRESSION)
                                              DLanguageIdentifierOrTemplateInstanceImpl(IDENTIFIER_OR_TEMPLATE_INSTANCE)
                                                IDENTIFIER
                                                  PsiElement(DLanguageTokenType.ID)('twice')
                                          DLanguageArgumentsImpl(ARGUMENTS)
                                            PsiElement(DLanguageTokenType.()('(')
                                            DLanguageArgumentListImpl(ARGUMENT_LIST)
                                              DLanguageAssignExpressionImpl(ASSIGN_EXPRESSION)
                                                DLanguageCmpExpressionImpl(CMP_EXPRESSION)
                                                  DLanguageUnaryExpressionImpl(UNARY_EXPRESSION)
                                                    DLanguagePrimaryExpressionImpl(PRIMARY_EXPRESSION)
                                                      DLanguageIdentifierOrTemplateInstanceImpl(IDENTIFIER_OR_TEMPLATE_INSTANCE)
                                                        IDENTIFIER
                                                          PsiElement(DLanguageTokenType.ID)('i')
                                            PsiElement(DLanguageTokenType.))(')')
                                PsiElement(DLanguageTokenType.))(')')
                    PsiElement(DLanguageTokenType.;)(';')
            PsiComment(DLanguageTokenType.LINE_COMMENT)('// prints 6')
            DLanguageDeclarationOrStatementImpl(DECLARATION_OR_STATEMENT)
              DLanguageStatementImpl(STATEMENT)
                DLanguageStatementNoCaseNoDefaultImpl(STATEMENT_NO_CASE_NO_DEFAULT)
                  DLanguageExpressionStatementImpl(EXPRESSION_STATEMENT)
                    DLanguageExpressionImpl(EXPRESSION)
                      DLanguageAssignExpressionImpl(ASSIGN_EXPRESSION)
                        DLanguageCmpExpressionImpl(CMP_EXPRESSION)
                          DLanguageUnaryExpressionImpl(UNARY_EXPRESSION)
                            DLanguageFunctionCallExpressionImpl(FUNCTION_CALL_EXPRESSION)
                              DLanguageUnaryExpressionImpl(UNARY_EXPRESSION)
                                DLanguagePrimaryExpressionImpl(PRIMARY_EXPRESSION)
                                  DLanguageIdentifierOrTemplateInstanceImpl(IDENTIFIER_OR_TEMPLATE_INSTANCE)
                                    IDENTIFIER
                                      PsiElement(DLanguageTokenType.ID)('writeln')
                              DLanguageArgumentsImpl(ARGUMENTS)
                                PsiElement(DLanguageTokenType.()('(')
                                DLanguageArgumentListImpl(ARGUMENT_LIST)
                                  DLanguageAssignExpressionImpl(ASSIGN_EXPRESSION)
                                    DLanguageCmpExpressionImpl(CMP_EXPRESSION)
                                      DLanguageUnaryExpressionImpl(UNARY_EXPRESSION)
                                        DLanguageFunctionCallExpressionImpl(FUNCTION_CALL_EXPRESSION)
                                          DLanguageUnaryExpressionImpl(UNARY_EXPRESSION)
                                            DLanguagePrimaryExpressionImpl(PRIMARY_EXPRESSION)
                                              DLanguageIdentifierOrTemplateInstanceImpl(IDENTIFIER_OR_TEMPLATE_INSTANCE)
                                                IDENTIFIER
                                                  PsiElement(DLanguageTokenType.ID)('square')
                                          DLanguageArgumentsImpl(ARGUMENTS)
                                            PsiElement(DLanguageTokenType.()('(')
                                            DLanguageArgumentListImpl(ARGUMENT_LIST)
                                              DLanguageAssignExpressionImpl(ASSIGN_EXPRESSION)
                                                DLanguageCmpExpressionImpl(CMP_EXPRESSION)
                                                  DLanguageUnaryExpressionImpl(UNARY_EXPRESSION)
                                                    DLanguagePrimaryExpressionImpl(PRIMARY_EXPRESSION)
                                                      DLanguageIdentifierOrTemplateInstanceImpl(IDENTIFIER_OR_TEMPLATE_INSTANCE)
                                                        IDENTIFIER
                                                          PsiElement(DLanguageTokenType.ID)('i')
                                            PsiElement(DLanguageTokenType.))(')')
                                PsiElement(DLanguageTokenType.))(')')
                    PsiElement(DLanguageTokenType.;)(';')
            PsiComment(DLanguageTokenType.LINE_COMMENT)('// prints 9')
            DLanguageDeclarationOrStatementImpl(DECLARATION_OR_STATEMENT)
              DLanguageStatementImpl(STATEMENT)
                DLanguageStatementNoCaseNoDefaultImpl(STATEMENT_NO_CASE_NO_DEFAULT)
                  DLanguageExpressionStatementImpl(EXPRESSION_STATEMENT)
                    DLanguageExpressionImpl(EXPRESSION)
                      DLanguageAssignExpressionImpl(ASSIGN_EXPRESSION)
                        DLanguageCmpExpressionImpl(CMP_EXPRESSION)
                          DLanguageUnaryExpressionImpl(UNARY_EXPRESSION)
                            DLanguageFunctionCallExpressionImpl(FUNCTION_CALL_EXPRESSION)
                              DLanguageUnaryExpressionImpl(UNARY_EXPRESSION)
                                DLanguagePrimaryExpressionImpl(PRIMARY_EXPRESSION)
                                  DLanguageIdentifierOrTemplateInstanceImpl(IDENTIFIER_OR_TEMPLATE_INSTANCE)
                                    IDENTIFIER
                                      PsiElement(DLanguageTokenType.ID)('writeln')
                              DLanguageArgumentsImpl(ARGUMENTS)
                                PsiElement(DLanguageTokenType.()('(')
                                DLanguageArgumentListImpl(ARGUMENT_LIST)
                                  DLanguageAssignExpressionImpl(ASSIGN_EXPRESSION)
                                    DLanguageCmpExpressionImpl(CMP_EXPRESSION)
                                      DLanguageUnaryExpressionImpl(UNARY_EXPRESSION)
                                        DLanguageFunctionCallExpressionImpl(FUNCTION_CALL_EXPRESSION)
                                          DLanguageUnaryExpressionImpl(UNARY_EXPRESSION)
                                            DLanguagePrimaryExpressionImpl(PRIMARY_EXPRESSION)
                                              DLanguageIdentifierOrTemplateInstanceImpl(IDENTIFIER_OR_TEMPLATE_INSTANCE)
                                                IDENTIFIER
                                                  PsiElement(DLanguageTokenType.ID)('mul_n')
                                          DLanguageArgumentsImpl(ARGUMENTS)
                                            PsiElement(DLanguageTokenType.()('(')
                                            DLanguageArgumentListImpl(ARGUMENT_LIST)
                                              DLanguageAssignExpressionImpl(ASSIGN_EXPRESSION)
                                                DLanguageCmpExpressionImpl(CMP_EXPRESSION)
                                                  DLanguageUnaryExpressionImpl(UNARY_EXPRESSION)
                                                    DLanguagePrimaryExpressionImpl(PRIMARY_EXPRESSION)
                                                      DLanguageIdentifierOrTemplateInstanceImpl(IDENTIFIER_OR_TEMPLATE_INSTANCE)
                                                        IDENTIFIER
                                                          PsiElement(DLanguageTokenType.ID)('i')
                                            PsiElement(DLanguageTokenType.))(')')
                                PsiElement(DLanguageTokenType.))(')')
                    PsiElement(DLanguageTokenType.;)(';')
          PsiComment(DLanguageTokenType.LINE_COMMENT)('// prints 15')
          PsiElement(DLanguageTokenType.})('}')
