D Language File
  DLanguageDeclarationImpl(DECLARATION)
    UNITTEST
      UNITTEST
        PsiElement(DLanguageTokenType.unittest)('unittest')
        DLanguageBlockStatementImpl(BLOCK_STATEMENT)
          PsiElement(DLanguageTokenType.{)('{')
          DLanguageDeclarationsAndStatementsImpl(DECLARATIONS_AND_STATEMENTS)
            DLanguageDeclarationOrStatementImpl(DECLARATION_OR_STATEMENT)
              DLanguageDeclarationImpl(DECLARATION)
                DLanguageImportDeclarationImpl(IMPORT_DECLARATION)
                  PsiElement(DLanguageTokenType.import)('import')
                  SINGLE_IMPORT
                    DLanguageIdentifierChainImpl(IDENTIFIER_CHAIN)
                      IDENTIFIER
                        PsiElement(DLanguageTokenType.ID)('std')
                      PsiElement(DLanguageTokenType..)('.')
                      IDENTIFIER
                        PsiElement(DLanguageTokenType.ID)('conv')
                  PsiElement(DLanguageTokenType.;)(';')
            DLanguageDeclarationOrStatementImpl(DECLARATION_OR_STATEMENT)
              DLanguageDeclarationImpl(DECLARATION)
                DLanguageTypeImpl(TYPE)
                  DLanguageType_2Impl(TYPE_2)
                    PsiElement(DLanguageTokenType.int)('int')
                DLanguageVariableDeclarationImpl(VARIABLE_DECLARATION)
                  DECLARATOR
                    IDENTIFIER
                      PsiElement(DLanguageTokenType.ID)('i')
                    PsiElement(DLanguageTokenType.=)('=')
                    DLanguageInitializerImpl(INITIALIZER)
                      DLanguageNonVoidInitializerImpl(NON_VOID_INITIALIZER)
                        DLanguageAssignExpressionImpl(ASSIGN_EXPRESSION)
                          DLanguageCmpExpressionImpl(CMP_EXPRESSION)
                            DLanguageUnaryExpressionImpl(UNARY_EXPRESSION)
                              DLanguagePrimaryExpressionImpl(PRIMARY_EXPRESSION)
                                PsiElement(DLanguageTokenType.INTEGER_LITERAL)('0')
                  PsiElement(DLanguageTokenType.;)(';')
            DLanguageDeclarationOrStatementImpl(DECLARATION_OR_STATEMENT)
              DLanguageStatementImpl(STATEMENT)
                DLanguageStatementNoCaseNoDefaultImpl(STATEMENT_NO_CASE_NO_DEFAULT)
                  DLanguageExpressionStatementImpl(EXPRESSION_STATEMENT)
                    DLanguageExpressionImpl(EXPRESSION)
                      DLanguageAssignExpressionImpl(ASSIGN_EXPRESSION)
                        DLanguageCmpExpressionImpl(CMP_EXPRESSION)
                          DLanguageUnaryExpressionImpl(UNARY_EXPRESSION)
                            DLanguagePrimaryExpressionImpl(PRIMARY_EXPRESSION)
                              PsiElement(DLanguageTokenType.()('(')
                              DLanguageExpressionImpl(EXPRESSION)
                                DLanguageAssignExpressionImpl(ASSIGN_EXPRESSION)
                                  DLanguageCmpExpressionImpl(CMP_EXPRESSION)
                                    DLanguageUnaryExpressionImpl(UNARY_EXPRESSION)
                                      DLanguagePrimaryExpressionImpl(PRIMARY_EXPRESSION)
                                        DLanguageIdentifierOrTemplateInstanceImpl(IDENTIFIER_OR_TEMPLATE_INSTANCE)
                                          IDENTIFIER
                                            PsiElement(DLanguageTokenType.ID)('i')
                                  PsiElement(DLanguageTokenType.=)('=')
                                  DLanguageAssignExpressionImpl(ASSIGN_EXPRESSION)
                                    DLanguageCmpExpressionImpl(CMP_EXPRESSION)
                                      DLanguageUnaryExpressionImpl(UNARY_EXPRESSION)
                                        DLanguagePrimaryExpressionImpl(PRIMARY_EXPRESSION)
                                          PsiElement(DLanguageTokenType.INTEGER_LITERAL)('2')
                              PsiElement(DLanguageTokenType.))(')')
                        PsiElement(DLanguageTokenType.=)('=')
                        DLanguageAssignExpressionImpl(ASSIGN_EXPRESSION)
                          DLanguageCmpExpressionImpl(CMP_EXPRESSION)
                            DLanguageAddExpressionImpl(ADD_EXPRESSION)
                              DLanguageMulExpressionImpl(MUL_EXPRESSION)
                                DLanguageUnaryExpressionImpl(UNARY_EXPRESSION)
                                  PsiElement(DLanguageTokenType.++)('++')
                                  DLanguageUnaryExpressionImpl(UNARY_EXPRESSION)
                                    DLanguagePrimaryExpressionImpl(PRIMARY_EXPRESSION)
                                      DLanguageIdentifierOrTemplateInstanceImpl(IDENTIFIER_OR_TEMPLATE_INSTANCE)
                                        IDENTIFIER
                                          PsiElement(DLanguageTokenType.ID)('i')
                                PsiElement(DLanguageTokenType.*)('*')
                                DLanguageUnaryExpressionImpl(UNARY_EXPRESSION)
                                  DLanguagePrimaryExpressionImpl(PRIMARY_EXPRESSION)
                                    DLanguageIdentifierOrTemplateInstanceImpl(IDENTIFIER_OR_TEMPLATE_INSTANCE)
                                      IDENTIFIER
                                        PsiElement(DLanguageTokenType.ID)('i')
                                  PsiElement(DLanguageTokenType.++)('++')
                              PsiElement(DLanguageTokenType.+)('+')
                              DLanguageUnaryExpressionImpl(UNARY_EXPRESSION)
                                DLanguagePrimaryExpressionImpl(PRIMARY_EXPRESSION)
                                  DLanguageIdentifierOrTemplateInstanceImpl(IDENTIFIER_OR_TEMPLATE_INSTANCE)
                                    IDENTIFIER
                                      PsiElement(DLanguageTokenType.ID)('i')
                    PsiElement(DLanguageTokenType.;)(';')
            DLanguageDeclarationOrStatementImpl(DECLARATION_OR_STATEMENT)
              DLanguageStatementImpl(STATEMENT)
                DLanguageStatementNoCaseNoDefaultImpl(STATEMENT_NO_CASE_NO_DEFAULT)
                  DLanguageExpressionStatementImpl(EXPRESSION_STATEMENT)
                    DLanguageExpressionImpl(EXPRESSION)
                      DLanguageAssignExpressionImpl(ASSIGN_EXPRESSION)
                        DLanguageCmpExpressionImpl(CMP_EXPRESSION)
                          DLanguageUnaryExpressionImpl(UNARY_EXPRESSION)
                            DLanguageAssertExpressionImpl(ASSERT_EXPRESSION)
                              PsiElement(DLanguageTokenType.assert)('assert')
                              PsiElement(DLanguageTokenType.()('(')
                              DLanguageAssignExpressionImpl(ASSIGN_EXPRESSION)
                                DLanguageCmpExpressionImpl(CMP_EXPRESSION)
                                  DLanguageUnaryExpressionImpl(UNARY_EXPRESSION)
                                    DLanguagePrimaryExpressionImpl(PRIMARY_EXPRESSION)
                                      DLanguageIdentifierOrTemplateInstanceImpl(IDENTIFIER_OR_TEMPLATE_INSTANCE)
                                        IDENTIFIER
                                          PsiElement(DLanguageTokenType.ID)('i')
                                  DLanguageEqualExpressionImpl(EQUAL_EXPRESSION)
                                    PsiElement(DLanguageTokenType.==)('==')
                                    DLanguageUnaryExpressionImpl(UNARY_EXPRESSION)
                                      DLanguagePrimaryExpressionImpl(PRIMARY_EXPRESSION)
                                        PsiElement(DLanguageTokenType.INTEGER_LITERAL)('13')
                              PsiElement(DLanguageTokenType.))(')')
                    PsiElement(DLanguageTokenType.;)(';')
            PsiComment(DLanguageTokenType.LINE_COMMENT)('// left to right evaluation of side effects')
            DLanguageDeclarationOrStatementImpl(DECLARATION_OR_STATEMENT)
              DLanguageStatementImpl(STATEMENT)
                DLanguageStatementNoCaseNoDefaultImpl(STATEMENT_NO_CASE_NO_DEFAULT)
                  DLanguageExpressionStatementImpl(EXPRESSION_STATEMENT)
                    DLanguageExpressionImpl(EXPRESSION)
                      DLanguageAssignExpressionImpl(ASSIGN_EXPRESSION)
                        DLanguageCmpExpressionImpl(CMP_EXPRESSION)
                          DLanguageUnaryExpressionImpl(UNARY_EXPRESSION)
                            DLanguageAssertExpressionImpl(ASSERT_EXPRESSION)
                              PsiElement(DLanguageTokenType.assert)('assert')
                              PsiElement(DLanguageTokenType.()('(')
                              DLanguageAssignExpressionImpl(ASSIGN_EXPRESSION)
                                DLanguageCmpExpressionImpl(CMP_EXPRESSION)
                                  DLanguageUnaryExpressionImpl(UNARY_EXPRESSION)
                                    DLanguagePrimaryExpressionImpl(PRIMARY_EXPRESSION)
                                      DLanguageIdentifierOrTemplateInstanceImpl(IDENTIFIER_OR_TEMPLATE_INSTANCE)
                                        IDENTIFIER
                                          PsiElement(DLanguageTokenType.ID)('text')
                                    DLanguageFunctionCallExpressionImpl(FUNCTION_CALL_EXPRESSION)
                                      DLanguageArgumentsImpl(ARGUMENTS)
                                        PsiElement(DLanguageTokenType.()('(')
                                        DLanguageArgumentListImpl(ARGUMENT_LIST)
                                          DLanguageAssignExpressionImpl(ASSIGN_EXPRESSION)
                                            DLanguageCmpExpressionImpl(CMP_EXPRESSION)
                                              DLanguageUnaryExpressionImpl(UNARY_EXPRESSION)
                                                PsiElement(DLanguageTokenType.++)('++')
                                                DLanguageUnaryExpressionImpl(UNARY_EXPRESSION)
                                                  DLanguagePrimaryExpressionImpl(PRIMARY_EXPRESSION)
                                                    DLanguageIdentifierOrTemplateInstanceImpl(IDENTIFIER_OR_TEMPLATE_INSTANCE)
                                                      IDENTIFIER
                                                        PsiElement(DLanguageTokenType.ID)('i')
                                          PsiElement(DLanguageTokenType.,)(',')
                                          DLanguageAssignExpressionImpl(ASSIGN_EXPRESSION)
                                            DLanguageCmpExpressionImpl(CMP_EXPRESSION)
                                              DLanguageUnaryExpressionImpl(UNARY_EXPRESSION)
                                                PsiElement(DLanguageTokenType.++)('++')
                                                DLanguageUnaryExpressionImpl(UNARY_EXPRESSION)
                                                  DLanguagePrimaryExpressionImpl(PRIMARY_EXPRESSION)
                                                    DLanguageIdentifierOrTemplateInstanceImpl(IDENTIFIER_OR_TEMPLATE_INSTANCE)
                                                      IDENTIFIER
                                                        PsiElement(DLanguageTokenType.ID)('i')
                                        PsiElement(DLanguageTokenType.))(')')
                                  DLanguageEqualExpressionImpl(EQUAL_EXPRESSION)
                                    PsiElement(DLanguageTokenType.==)('==')
                                    DLanguageUnaryExpressionImpl(UNARY_EXPRESSION)
                                      DLanguagePrimaryExpressionImpl(PRIMARY_EXPRESSION)
                                        PsiElement(DLanguageTokenType.DOUBLE_QUOTED_STRING)('"1415"')
                              PsiElement(DLanguageTokenType.))(')')
                    PsiElement(DLanguageTokenType.;)(';')
          PsiComment(DLanguageTokenType.LINE_COMMENT)('// left to right evaluation of arguments')
          PsiElement(DLanguageTokenType.})('}')