D Language File
  DLanguageDeclarationImpl(DECLARATION)
    UNITTEST
      UNITTEST
        PsiElement(DLanguageTokenType.unittest)('unittest')
        DLanguageBlockStatementImpl(BLOCK_STATEMENT)
          PsiElement(DLanguageTokenType.{)('{')
          DLanguageDeclarationsAndStatementsImpl(DECLARATIONS_AND_STATEMENTS)
            DLanguageDeclarationOrStatementImpl(DECLARATION_OR_STATEMENT)
              DLanguageDeclarationImpl(DECLARATION)
                DLanguageTypeImpl(TYPE)
                  DLanguageType_2Impl(TYPE_2)
                    DLanguageBuiltinTypeImpl(BUILTIN_TYPE)
                      PsiElement(DLanguageTokenType.char)('char')
                  DLanguageTypeSuffixImpl(TYPE_SUFFIX)
                    PsiElement(DLanguageTokenType.[)('[')
                    PsiElement(DLanguageTokenType.])(']')
                  DLanguageTypeSuffixImpl(TYPE_SUFFIX)
                    PsiElement(DLanguageTokenType.[)('[')
                    PsiElement(DLanguageTokenType.])(']')
                DLanguageVariableDeclarationImpl(VARIABLE_DECLARATION)
                  DECLARATOR
                    IDENTIFIER
                      PsiElement(DLanguageTokenType.ID)('foo')
                  PsiElement(DLanguageTokenType.;)(';')
            DLanguageDeclarationOrStatementImpl(DECLARATION_OR_STATEMENT)
              DLanguageStatementImpl(STATEMENT)
                DLanguageStatementNoCaseNoDefaultImpl(STATEMENT_NO_CASE_NO_DEFAULT)
                  DLanguageExpressionStatementImpl(EXPRESSION_STATEMENT)
                    DLanguageExpressionImpl(EXPRESSION)
                      DLanguageAssignExpressionImpl(ASSIGN_EXPRESSION)
                        DLanguageCmpExpressionImpl(CMP_EXPRESSION)
                          DLanguageUnaryExpressionImpl(UNARY_EXPRESSION)
                            DLanguagePrimaryExpressionImpl(PRIMARY_EXPRESSION)
                              DLanguageIdentifierOrTemplateInstanceImpl(IDENTIFIER_OR_TEMPLATE_INSTANCE)
                                IDENTIFIER
                                  PsiElement(DLanguageTokenType.ID)('foo')
                        PsiElement(DLanguageTokenType.=)('=')
                        DLanguageCmpExpressionImpl(CMP_EXPRESSION)
                          DLanguageUnaryExpressionImpl(UNARY_EXPRESSION)
                            DLanguageNewExpressionImpl(NEW_EXPRESSION)
                              PsiElement(DLanguageTokenType.new)('new')
                              DLanguageTypeImpl(TYPE)
                                DLanguageType_2Impl(TYPE_2)
                                  DLanguageBuiltinTypeImpl(BUILTIN_TYPE)
                                    PsiElement(DLanguageTokenType.char)('char')
                                DLanguageTypeSuffixImpl(TYPE_SUFFIX)
                                  PsiElement(DLanguageTokenType.[)('[')
                                  PsiElement(DLanguageTokenType.])(']')
                                DLanguageTypeSuffixImpl(TYPE_SUFFIX)
                                  PsiElement(DLanguageTokenType.[)('[')
                                  DLanguageCmpExpressionImpl(CMP_EXPRESSION)
                                    DLanguageUnaryExpressionImpl(UNARY_EXPRESSION)
                                      DLanguagePrimaryExpressionImpl(PRIMARY_EXPRESSION)
                                        PsiElement(DLanguageTokenType.INTEGER_LITERAL)('30')
                                  PsiElement(DLanguageTokenType.])(']')
                    PsiElement(DLanguageTokenType.;)(';')
            DLanguageDeclarationOrStatementImpl(DECLARATION_OR_STATEMENT)
              DLanguageStatementImpl(STATEMENT)
                DLanguageStatementNoCaseNoDefaultImpl(STATEMENT_NO_CASE_NO_DEFAULT)
                  DLanguageExpressionStatementImpl(EXPRESSION_STATEMENT)
                    DLanguageExpressionImpl(EXPRESSION)
                      DLanguageAssignExpressionImpl(ASSIGN_EXPRESSION)
                        DLanguageCmpExpressionImpl(CMP_EXPRESSION)
                          DLanguageUnaryExpressionImpl(UNARY_EXPRESSION)
                            DLanguagePrimaryExpressionImpl(PRIMARY_EXPRESSION)
                              DLanguageIdentifierOrTemplateInstanceImpl(IDENTIFIER_OR_TEMPLATE_INSTANCE)
                                IDENTIFIER
                                  PsiElement(DLanguageTokenType.ID)('foo')
                        PsiElement(DLanguageTokenType.=)('=')
                        DLanguageCmpExpressionImpl(CMP_EXPRESSION)
                          DLanguageUnaryExpressionImpl(UNARY_EXPRESSION)
                            DLanguageNewExpressionImpl(NEW_EXPRESSION)
                              PsiElement(DLanguageTokenType.new)('new')
                              DLanguageTypeImpl(TYPE)
                                DLanguageType_2Impl(TYPE_2)
                                  DLanguageBuiltinTypeImpl(BUILTIN_TYPE)
                                    PsiElement(DLanguageTokenType.char)('char')
                                DLanguageTypeSuffixImpl(TYPE_SUFFIX)
                                  PsiElement(DLanguageTokenType.[)('[')
                                  PsiElement(DLanguageTokenType.])(']')
                                DLanguageTypeSuffixImpl(TYPE_SUFFIX)
                                  PsiElement(DLanguageTokenType.[)('[')
                                  PsiElement(DLanguageTokenType.])(']')
                              DLanguageArgumentsImpl(ARGUMENTS)
                                PsiElement(DLanguageTokenType.()('(')
                                DLanguageArgumentListImpl(ARGUMENT_LIST)
                                  DLanguageCmpExpressionImpl(CMP_EXPRESSION)
                                    DLanguageUnaryExpressionImpl(UNARY_EXPRESSION)
                                      DLanguagePrimaryExpressionImpl(PRIMARY_EXPRESSION)
                                        PsiElement(DLanguageTokenType.INTEGER_LITERAL)('30')
                                PsiElement(DLanguageTokenType.))(')')
                    PsiElement(DLanguageTokenType.;)(';')
            DLanguageDeclarationOrStatementImpl(DECLARATION_OR_STATEMENT)
              DLanguageDeclarationImpl(DECLARATION)
                DLanguageTypeImpl(TYPE)
                  DLanguageType_2Impl(TYPE_2)
                    DLanguageBuiltinTypeImpl(BUILTIN_TYPE)
                      PsiElement(DLanguageTokenType.int)('int')
                  DLanguageTypeSuffixImpl(TYPE_SUFFIX)
                    PsiElement(DLanguageTokenType.[)('[')
                    PsiElement(DLanguageTokenType.])(']')
                  DLanguageTypeSuffixImpl(TYPE_SUFFIX)
                    PsiElement(DLanguageTokenType.[)('[')
                    PsiElement(DLanguageTokenType.])(']')
                  DLanguageTypeSuffixImpl(TYPE_SUFFIX)
                    PsiElement(DLanguageTokenType.[)('[')
                    PsiElement(DLanguageTokenType.])(']')
                DLanguageVariableDeclarationImpl(VARIABLE_DECLARATION)
                  DECLARATOR
                    IDENTIFIER
                      PsiElement(DLanguageTokenType.ID)('bar')
                  PsiElement(DLanguageTokenType.;)(';')
            DLanguageDeclarationOrStatementImpl(DECLARATION_OR_STATEMENT)
              DLanguageStatementImpl(STATEMENT)
                DLanguageStatementNoCaseNoDefaultImpl(STATEMENT_NO_CASE_NO_DEFAULT)
                  DLanguageExpressionStatementImpl(EXPRESSION_STATEMENT)
                    DLanguageExpressionImpl(EXPRESSION)
                      DLanguageAssignExpressionImpl(ASSIGN_EXPRESSION)
                        DLanguageCmpExpressionImpl(CMP_EXPRESSION)
                          DLanguageUnaryExpressionImpl(UNARY_EXPRESSION)
                            DLanguagePrimaryExpressionImpl(PRIMARY_EXPRESSION)
                              DLanguageIdentifierOrTemplateInstanceImpl(IDENTIFIER_OR_TEMPLATE_INSTANCE)
                                IDENTIFIER
                                  PsiElement(DLanguageTokenType.ID)('bar')
                        PsiElement(DLanguageTokenType.=)('=')
                        DLanguageCmpExpressionImpl(CMP_EXPRESSION)
                          DLanguageUnaryExpressionImpl(UNARY_EXPRESSION)
                            DLanguageNewExpressionImpl(NEW_EXPRESSION)
                              PsiElement(DLanguageTokenType.new)('new')
                              DLanguageTypeImpl(TYPE)
                                DLanguageType_2Impl(TYPE_2)
                                  DLanguageBuiltinTypeImpl(BUILTIN_TYPE)
                                    PsiElement(DLanguageTokenType.int)('int')
                                DLanguageTypeSuffixImpl(TYPE_SUFFIX)
                                  PsiElement(DLanguageTokenType.[)('[')
                                  PsiElement(DLanguageTokenType.])(']')
                                DLanguageTypeSuffixImpl(TYPE_SUFFIX)
                                  PsiElement(DLanguageTokenType.[)('[')
                                  PsiElement(DLanguageTokenType.])(']')
                                DLanguageTypeSuffixImpl(TYPE_SUFFIX)
                                  PsiElement(DLanguageTokenType.[)('[')
                                  PsiElement(DLanguageTokenType.])(']')
                              DLanguageArgumentsImpl(ARGUMENTS)
                                PsiElement(DLanguageTokenType.()('(')
                                DLanguageArgumentListImpl(ARGUMENT_LIST)
                                  DLanguageCmpExpressionImpl(CMP_EXPRESSION)
                                    DLanguageUnaryExpressionImpl(UNARY_EXPRESSION)
                                      DLanguagePrimaryExpressionImpl(PRIMARY_EXPRESSION)
                                        PsiElement(DLanguageTokenType.INTEGER_LITERAL)('5')
                                  PsiElement(DLanguageTokenType.,)(',')
                                  DLanguageCmpExpressionImpl(CMP_EXPRESSION)
                                    DLanguageUnaryExpressionImpl(UNARY_EXPRESSION)
                                      DLanguagePrimaryExpressionImpl(PRIMARY_EXPRESSION)
                                        PsiElement(DLanguageTokenType.INTEGER_LITERAL)('20')
                                  PsiElement(DLanguageTokenType.,)(',')
                                  DLanguageCmpExpressionImpl(CMP_EXPRESSION)
                                    DLanguageUnaryExpressionImpl(UNARY_EXPRESSION)
                                      DLanguagePrimaryExpressionImpl(PRIMARY_EXPRESSION)
                                        PsiElement(DLanguageTokenType.INTEGER_LITERAL)('30')
                                PsiElement(DLanguageTokenType.))(')')
                    PsiElement(DLanguageTokenType.;)(';')
            DLanguageDeclarationOrStatementImpl(DECLARATION_OR_STATEMENT)
              DLanguageStatementImpl(STATEMENT)
                DLanguageStatementNoCaseNoDefaultImpl(STATEMENT_NO_CASE_NO_DEFAULT)
                  DLanguageExpressionStatementImpl(EXPRESSION_STATEMENT)
                    DLanguageExpressionImpl(EXPRESSION)
                      DLanguageAssignExpressionImpl(ASSIGN_EXPRESSION)
                        DLanguageCmpExpressionImpl(CMP_EXPRESSION)
                          DLanguageUnaryExpressionImpl(UNARY_EXPRESSION)
                            DLanguagePrimaryExpressionImpl(PRIMARY_EXPRESSION)
                              DLanguageIdentifierOrTemplateInstanceImpl(IDENTIFIER_OR_TEMPLATE_INSTANCE)
                                IDENTIFIER
                                  PsiElement(DLanguageTokenType.ID)('bar')
                        PsiElement(DLanguageTokenType.=)('=')
                        DLanguageCmpExpressionImpl(CMP_EXPRESSION)
                          DLanguageUnaryExpressionImpl(UNARY_EXPRESSION)
                            DLanguageNewExpressionImpl(NEW_EXPRESSION)
                              PsiElement(DLanguageTokenType.new)('new')
                              DLanguageTypeImpl(TYPE)
                                DLanguageType_2Impl(TYPE_2)
                                  DLanguageBuiltinTypeImpl(BUILTIN_TYPE)
                                    PsiElement(DLanguageTokenType.int)('int')
                                DLanguageTypeSuffixImpl(TYPE_SUFFIX)
                                  PsiElement(DLanguageTokenType.[)('[')
                                  PsiElement(DLanguageTokenType.])(']')
                                DLanguageTypeSuffixImpl(TYPE_SUFFIX)
                                  PsiElement(DLanguageTokenType.[)('[')
                                  PsiElement(DLanguageTokenType.])(']')
                                DLanguageTypeSuffixImpl(TYPE_SUFFIX)
                                  PsiElement(DLanguageTokenType.[)('[')
                                  DLanguageCmpExpressionImpl(CMP_EXPRESSION)
                                    DLanguageUnaryExpressionImpl(UNARY_EXPRESSION)
                                      DLanguagePrimaryExpressionImpl(PRIMARY_EXPRESSION)
                                        PsiElement(DLanguageTokenType.INTEGER_LITERAL)('5')
                                  PsiElement(DLanguageTokenType.])(']')
                    PsiElement(DLanguageTokenType.;)(';')
            DLanguageDeclarationOrStatementImpl(DECLARATION_OR_STATEMENT)
              DLanguageStatementImpl(STATEMENT)
                DLanguageStatementNoCaseNoDefaultImpl(STATEMENT_NO_CASE_NO_DEFAULT)
                  DLanguageForeachStatementImpl(FOREACH_STATEMENT)
                    PsiElement(DLanguageTokenType.foreach)('foreach')
                    PsiElement(DLanguageTokenType.()('(')
                    DLanguageForeachTypeListImpl(FOREACH_TYPE_LIST)
                      FOREACH_TYPE
                        PsiElement(DLanguageTokenType.ref)('ref')
                        IDENTIFIER
                          PsiElement(DLanguageTokenType.ID)('a')
                    PsiElement(DLanguageTokenType.;)(';')
                    DLanguageExpressionImpl(EXPRESSION)
                      DLanguageCmpExpressionImpl(CMP_EXPRESSION)
                        DLanguageUnaryExpressionImpl(UNARY_EXPRESSION)
                          DLanguagePrimaryExpressionImpl(PRIMARY_EXPRESSION)
                            DLanguageIdentifierOrTemplateInstanceImpl(IDENTIFIER_OR_TEMPLATE_INSTANCE)
                              IDENTIFIER
                                PsiElement(DLanguageTokenType.ID)('bar')
                    PsiElement(DLanguageTokenType.))(')')
                    DLanguageDeclarationOrStatementImpl(DECLARATION_OR_STATEMENT)
                      DLanguageStatementImpl(STATEMENT)
                        DLanguageStatementNoCaseNoDefaultImpl(STATEMENT_NO_CASE_NO_DEFAULT)
                          DLanguageBlockStatementImpl(BLOCK_STATEMENT)
                            PsiElement(DLanguageTokenType.{)('{')
                            DLanguageDeclarationsAndStatementsImpl(DECLARATIONS_AND_STATEMENTS)
                              DLanguageDeclarationOrStatementImpl(DECLARATION_OR_STATEMENT)
                                DLanguageStatementImpl(STATEMENT)
                                  DLanguageStatementNoCaseNoDefaultImpl(STATEMENT_NO_CASE_NO_DEFAULT)
                                    DLanguageExpressionStatementImpl(EXPRESSION_STATEMENT)
                                      DLanguageExpressionImpl(EXPRESSION)
                                        DLanguageAssignExpressionImpl(ASSIGN_EXPRESSION)
                                          DLanguageCmpExpressionImpl(CMP_EXPRESSION)
                                            DLanguageUnaryExpressionImpl(UNARY_EXPRESSION)
                                              DLanguagePrimaryExpressionImpl(PRIMARY_EXPRESSION)
                                                DLanguageIdentifierOrTemplateInstanceImpl(IDENTIFIER_OR_TEMPLATE_INSTANCE)
                                                  IDENTIFIER
                                                    PsiElement(DLanguageTokenType.ID)('a')
                                          PsiElement(DLanguageTokenType.=)('=')
                                          DLanguageCmpExpressionImpl(CMP_EXPRESSION)
                                            DLanguageUnaryExpressionImpl(UNARY_EXPRESSION)
                                              DLanguageNewExpressionImpl(NEW_EXPRESSION)
                                                PsiElement(DLanguageTokenType.new)('new')
                                                DLanguageTypeImpl(TYPE)
                                                  DLanguageType_2Impl(TYPE_2)
                                                    DLanguageBuiltinTypeImpl(BUILTIN_TYPE)
                                                      PsiElement(DLanguageTokenType.int)('int')
                                                  DLanguageTypeSuffixImpl(TYPE_SUFFIX)
                                                    PsiElement(DLanguageTokenType.[)('[')
                                                    PsiElement(DLanguageTokenType.])(']')
                                                  DLanguageTypeSuffixImpl(TYPE_SUFFIX)
                                                    PsiElement(DLanguageTokenType.[)('[')
                                                    DLanguageCmpExpressionImpl(CMP_EXPRESSION)
                                                      DLanguageUnaryExpressionImpl(UNARY_EXPRESSION)
                                                        DLanguagePrimaryExpressionImpl(PRIMARY_EXPRESSION)
                                                          PsiElement(DLanguageTokenType.INTEGER_LITERAL)('20')
                                                    PsiElement(DLanguageTokenType.])(']')
                                      PsiElement(DLanguageTokenType.;)(';')
                              DLanguageDeclarationOrStatementImpl(DECLARATION_OR_STATEMENT)
                                DLanguageStatementImpl(STATEMENT)
                                  DLanguageStatementNoCaseNoDefaultImpl(STATEMENT_NO_CASE_NO_DEFAULT)
                                    DLanguageForeachStatementImpl(FOREACH_STATEMENT)
                                      PsiElement(DLanguageTokenType.foreach)('foreach')
                                      PsiElement(DLanguageTokenType.()('(')
                                      DLanguageForeachTypeListImpl(FOREACH_TYPE_LIST)
                                        FOREACH_TYPE
                                          PsiElement(DLanguageTokenType.ref)('ref')
                                          IDENTIFIER
                                            PsiElement(DLanguageTokenType.ID)('b')
                                      PsiElement(DLanguageTokenType.;)(';')
                                      DLanguageExpressionImpl(EXPRESSION)
                                        DLanguageCmpExpressionImpl(CMP_EXPRESSION)
                                          DLanguageUnaryExpressionImpl(UNARY_EXPRESSION)
                                            DLanguagePrimaryExpressionImpl(PRIMARY_EXPRESSION)
                                              DLanguageIdentifierOrTemplateInstanceImpl(IDENTIFIER_OR_TEMPLATE_INSTANCE)
                                                IDENTIFIER
                                                  PsiElement(DLanguageTokenType.ID)('a')
                                      PsiElement(DLanguageTokenType.))(')')
                                      DLanguageDeclarationOrStatementImpl(DECLARATION_OR_STATEMENT)
                                        DLanguageStatementImpl(STATEMENT)
                                          DLanguageStatementNoCaseNoDefaultImpl(STATEMENT_NO_CASE_NO_DEFAULT)
                                            DLanguageBlockStatementImpl(BLOCK_STATEMENT)
                                              PsiElement(DLanguageTokenType.{)('{')
                                              DLanguageDeclarationsAndStatementsImpl(DECLARATIONS_AND_STATEMENTS)
                                                DLanguageDeclarationOrStatementImpl(DECLARATION_OR_STATEMENT)
                                                  DLanguageStatementImpl(STATEMENT)
                                                    DLanguageStatementNoCaseNoDefaultImpl(STATEMENT_NO_CASE_NO_DEFAULT)
                                                      DLanguageExpressionStatementImpl(EXPRESSION_STATEMENT)
                                                        DLanguageExpressionImpl(EXPRESSION)
                                                          DLanguageAssignExpressionImpl(ASSIGN_EXPRESSION)
                                                            DLanguageCmpExpressionImpl(CMP_EXPRESSION)
                                                              DLanguageUnaryExpressionImpl(UNARY_EXPRESSION)
                                                                DLanguagePrimaryExpressionImpl(PRIMARY_EXPRESSION)
                                                                  DLanguageIdentifierOrTemplateInstanceImpl(IDENTIFIER_OR_TEMPLATE_INSTANCE)
                                                                    IDENTIFIER
                                                                      PsiElement(DLanguageTokenType.ID)('b')
                                                            PsiElement(DLanguageTokenType.=)('=')
                                                            DLanguageCmpExpressionImpl(CMP_EXPRESSION)
                                                              DLanguageUnaryExpressionImpl(UNARY_EXPRESSION)
                                                                DLanguageNewExpressionImpl(NEW_EXPRESSION)
                                                                  PsiElement(DLanguageTokenType.new)('new')
                                                                  DLanguageTypeImpl(TYPE)
                                                                    DLanguageType_2Impl(TYPE_2)
                                                                      DLanguageBuiltinTypeImpl(BUILTIN_TYPE)
                                                                        PsiElement(DLanguageTokenType.int)('int')
                                                                    DLanguageTypeSuffixImpl(TYPE_SUFFIX)
                                                                      PsiElement(DLanguageTokenType.[)('[')
                                                                      DLanguageCmpExpressionImpl(CMP_EXPRESSION)
                                                                        DLanguageUnaryExpressionImpl(UNARY_EXPRESSION)
                                                                          DLanguagePrimaryExpressionImpl(PRIMARY_EXPRESSION)
                                                                            PsiElement(DLanguageTokenType.INTEGER_LITERAL)('30')
                                                                      PsiElement(DLanguageTokenType.])(']')
                                                        PsiElement(DLanguageTokenType.;)(';')
                                              PsiElement(DLanguageTokenType.})('}')
                            PsiElement(DLanguageTokenType.})('}')
          PsiElement(DLanguageTokenType.})('}')