D Language File
  DLanguageDeclarationImpl(DECLARATION)
    DLanguageImportDeclarationImpl(IMPORT_DECLARATION)
      PsiElement(DLanguageTokenType.singleImport)('singleImport')
      SINGLE_IMPORT
        DLanguageIdentifierChainImpl(IDENTIFIER_CHAIN)
          IDENTIFIER
            PsiElement(DLanguageTokenType.ID)('std')
          PsiElement(DLanguageTokenType..)('.')
          IDENTIFIER
            PsiElement(DLanguageTokenType.ID)('stdio')
      PsiElement(DLanguageTokenType.;)(';')
  DLanguageDeclarationImpl(DECLARATION)
    FUNCTION_DECLARATION
      DLanguageTypeImpl(TYPE)
        DLanguageType_2Impl(TYPE_2)
          DLanguageBuiltinTypeImpl(BUILTIN_TYPE)
            PsiElement(DLanguageTokenType.int)('int')
      IDENTIFIER
        PsiElement(DLanguageTokenType.ID)('main')
      DLanguageParametersImpl(PARAMETERS)
        PsiElement(DLanguageTokenType.()('(')
        PsiElement(DLanguageTokenType.))(')')
      DLanguageFunctionBodyImpl(FUNCTION_BODY)
        DLanguageBlockStatementImpl(BLOCK_STATEMENT)
          PsiElement(DLanguageTokenType.{)('{')
          DLanguageDeclarationsAndStatementsImpl(DECLARATIONS_AND_STATEMENTS)
            DLanguageDeclarationOrStatementImpl(DECLARATION_OR_STATEMENT)
              DLanguageDeclarationImpl(DECLARATION)
                DLanguageVariableDeclarationImpl(VARIABLE_DECLARATION)
                  DLanguageTypeImpl(TYPE)
                    DLanguageType_2Impl(TYPE_2)
                      DLanguageBuiltinTypeImpl(BUILTIN_TYPE)
                        PsiElement(DLanguageTokenType.byte)('byte')
                    DLanguageTypeSuffixImpl(TYPE_SUFFIX)
                      PsiElement(DLanguageTokenType.[)('[')
                      PsiElement(DLanguageTokenType.])(']')
                  DECLARATOR
                    IDENTIFIER
                      PsiElement(DLanguageTokenType.ID)('a')
                    PsiElement(DLanguageTokenType.=)('=')
                    DLanguageInitializerImpl(INITIALIZER)
                      DLanguageNonVoidInitializerImpl(NON_VOID_INITIALIZER)
                        DLanguageArrayInitializerImpl(ARRAY_INITIALIZER)
                          PsiElement(DLanguageTokenType.[)('[')
                          DLanguageArrayMemberInitializationImpl(ARRAY_MEMBER_INITIALIZATION)
                            DLanguageAssignExpressionImpl(ASSIGN_EXPRESSION)
                              DLanguageCmpExpressionImpl(CMP_EXPRESSION)
                                DLanguageUnaryExpressionImpl(UNARY_EXPRESSION)
                                  DLanguagePrimaryExpressionImpl(PRIMARY_EXPRESSION)
                                    PsiElement(DLanguageTokenType.INTEGER_LITERAL)('1')
                          PsiElement(DLanguageTokenType.,)(',')
                          DLanguageArrayMemberInitializationImpl(ARRAY_MEMBER_INITIALIZATION)
                            DLanguageAssignExpressionImpl(ASSIGN_EXPRESSION)
                              DLanguageCmpExpressionImpl(CMP_EXPRESSION)
                                DLanguageUnaryExpressionImpl(UNARY_EXPRESSION)
                                  DLanguagePrimaryExpressionImpl(PRIMARY_EXPRESSION)
                                    PsiElement(DLanguageTokenType.INTEGER_LITERAL)('2')
                          PsiElement(DLanguageTokenType.,)(',')
                          DLanguageArrayMemberInitializationImpl(ARRAY_MEMBER_INITIALIZATION)
                            DLanguageAssignExpressionImpl(ASSIGN_EXPRESSION)
                              DLanguageCmpExpressionImpl(CMP_EXPRESSION)
                                DLanguageUnaryExpressionImpl(UNARY_EXPRESSION)
                                  DLanguagePrimaryExpressionImpl(PRIMARY_EXPRESSION)
                                    PsiElement(DLanguageTokenType.INTEGER_LITERAL)('3')
                          PsiElement(DLanguageTokenType.])(']')
                  PsiElement(DLanguageTokenType.;)(';')
            DLanguageDeclarationOrStatementImpl(DECLARATION_OR_STATEMENT)
              DLanguageDeclarationImpl(DECLARATION)
                DLanguageVariableDeclarationImpl(VARIABLE_DECLARATION)
                  DLanguageAutoDeclarationImpl(AUTO_DECLARATION)
                    DLanguageStorageClassImpl(STORAGE_CLASS)
                      PsiElement(DLanguageTokenType.auto)('auto')
                    AUTO_DECLARATION_PART
                      IDENTIFIER
                        PsiElement(DLanguageTokenType.ID)('b')
                      PsiElement(DLanguageTokenType.=)('=')
                      DLanguageInitializerImpl(INITIALIZER)
                        DLanguageNonVoidInitializerImpl(NON_VOID_INITIALIZER)
                          DLanguageAssignExpressionImpl(ASSIGN_EXPRESSION)
                            DLanguageCmpExpressionImpl(CMP_EXPRESSION)
                              DLanguageUnaryExpressionImpl(UNARY_EXPRESSION)
                                DLanguageCastExpressionImpl(CAST_EXPRESSION)
                                  PsiElement(DLanguageTokenType.cast)('cast')
                                  PsiElement(DLanguageTokenType.()('(')
                                  DLanguageTypeImpl(TYPE)
                                    DLanguageType_2Impl(TYPE_2)
                                      DLanguageBuiltinTypeImpl(BUILTIN_TYPE)
                                        PsiElement(DLanguageTokenType.int)('int')
                                    DLanguageTypeSuffixImpl(TYPE_SUFFIX)
                                      PsiElement(DLanguageTokenType.[)('[')
                                      PsiElement(DLanguageTokenType.])(']')
                                  PsiElement(DLanguageTokenType.))(')')
                                  DLanguageUnaryExpressionImpl(UNARY_EXPRESSION)
                                    DLanguagePrimaryExpressionImpl(PRIMARY_EXPRESSION)
                                      DLanguageIdentifierOrTemplateInstanceImpl(IDENTIFIER_OR_TEMPLATE_INSTANCE)
                                        IDENTIFIER
                                          PsiElement(DLanguageTokenType.ID)('a')
                    PsiElement(DLanguageTokenType.;)(';')
            PsiComment(DLanguageTokenType.LINE_COMMENT)('// runtime array cast misalignment')
            DLanguageDeclarationOrStatementImpl(DECLARATION_OR_STATEMENT)
              DLanguageDeclarationImpl(DECLARATION)
                DLanguageVariableDeclarationImpl(VARIABLE_DECLARATION)
                  DLanguageTypeImpl(TYPE)
                    DLanguageType_2Impl(TYPE_2)
                      DLanguageBuiltinTypeImpl(BUILTIN_TYPE)
                        PsiElement(DLanguageTokenType.int)('int')
                    DLanguageTypeSuffixImpl(TYPE_SUFFIX)
                      PsiElement(DLanguageTokenType.[)('[')
                      PsiElement(DLanguageTokenType.])(']')
                  DECLARATOR
                    IDENTIFIER
                      PsiElement(DLanguageTokenType.ID)('c')
                    PsiElement(DLanguageTokenType.=)('=')
                    DLanguageInitializerImpl(INITIALIZER)
                      DLanguageNonVoidInitializerImpl(NON_VOID_INITIALIZER)
                        DLanguageArrayInitializerImpl(ARRAY_INITIALIZER)
                          PsiElement(DLanguageTokenType.[)('[')
                          DLanguageArrayMemberInitializationImpl(ARRAY_MEMBER_INITIALIZATION)
                            DLanguageAssignExpressionImpl(ASSIGN_EXPRESSION)
                              DLanguageCmpExpressionImpl(CMP_EXPRESSION)
                                DLanguageUnaryExpressionImpl(UNARY_EXPRESSION)
                                  DLanguagePrimaryExpressionImpl(PRIMARY_EXPRESSION)
                                    PsiElement(DLanguageTokenType.INTEGER_LITERAL)('1')
                          PsiElement(DLanguageTokenType.,)(',')
                          DLanguageArrayMemberInitializationImpl(ARRAY_MEMBER_INITIALIZATION)
                            DLanguageAssignExpressionImpl(ASSIGN_EXPRESSION)
                              DLanguageCmpExpressionImpl(CMP_EXPRESSION)
                                DLanguageUnaryExpressionImpl(UNARY_EXPRESSION)
                                  DLanguagePrimaryExpressionImpl(PRIMARY_EXPRESSION)
                                    PsiElement(DLanguageTokenType.INTEGER_LITERAL)('2')
                          PsiElement(DLanguageTokenType.,)(',')
                          DLanguageArrayMemberInitializationImpl(ARRAY_MEMBER_INITIALIZATION)
                            DLanguageAssignExpressionImpl(ASSIGN_EXPRESSION)
                              DLanguageCmpExpressionImpl(CMP_EXPRESSION)
                                DLanguageUnaryExpressionImpl(UNARY_EXPRESSION)
                                  DLanguagePrimaryExpressionImpl(PRIMARY_EXPRESSION)
                                    PsiElement(DLanguageTokenType.INTEGER_LITERAL)('3')
                          PsiElement(DLanguageTokenType.])(']')
                  PsiElement(DLanguageTokenType.;)(';')
            DLanguageDeclarationOrStatementImpl(DECLARATION_OR_STATEMENT)
              DLanguageDeclarationImpl(DECLARATION)
                DLanguageVariableDeclarationImpl(VARIABLE_DECLARATION)
                  DLanguageAutoDeclarationImpl(AUTO_DECLARATION)
                    DLanguageStorageClassImpl(STORAGE_CLASS)
                      PsiElement(DLanguageTokenType.auto)('auto')
                    AUTO_DECLARATION_PART
                      IDENTIFIER
                        PsiElement(DLanguageTokenType.ID)('d')
                      PsiElement(DLanguageTokenType.=)('=')
                      DLanguageInitializerImpl(INITIALIZER)
                        DLanguageNonVoidInitializerImpl(NON_VOID_INITIALIZER)
                          DLanguageAssignExpressionImpl(ASSIGN_EXPRESSION)
                            DLanguageCmpExpressionImpl(CMP_EXPRESSION)
                              DLanguageUnaryExpressionImpl(UNARY_EXPRESSION)
                                DLanguageCastExpressionImpl(CAST_EXPRESSION)
                                  PsiElement(DLanguageTokenType.cast)('cast')
                                  PsiElement(DLanguageTokenType.()('(')
                                  DLanguageTypeImpl(TYPE)
                                    DLanguageType_2Impl(TYPE_2)
                                      DLanguageBuiltinTypeImpl(BUILTIN_TYPE)
                                        PsiElement(DLanguageTokenType.byte)('byte')
                                    DLanguageTypeSuffixImpl(TYPE_SUFFIX)
                                      PsiElement(DLanguageTokenType.[)('[')
                                      PsiElement(DLanguageTokenType.])(']')
                                  PsiElement(DLanguageTokenType.))(')')
                                  DLanguageUnaryExpressionImpl(UNARY_EXPRESSION)
                                    DLanguagePrimaryExpressionImpl(PRIMARY_EXPRESSION)
                                      DLanguageIdentifierOrTemplateInstanceImpl(IDENTIFIER_OR_TEMPLATE_INSTANCE)
                                        IDENTIFIER
                                          PsiElement(DLanguageTokenType.ID)('c')
                    PsiElement(DLanguageTokenType.;)(';')
            PsiComment(DLanguageTokenType.LINE_COMMENT)('// ok')
            PsiComment(DLanguageTokenType.LINE_COMMENT)('// prints:')
            PsiComment(DLanguageTokenType.LINE_COMMENT)('// [1, 0, 0, 0, 2, 0, 0, 0, 3, 0, 0, 0]')
            DLanguageDeclarationOrStatementImpl(DECLARATION_OR_STATEMENT)
              DLanguageStatementImpl(STATEMENT)
                DLanguageStatementNoCaseNoDefaultImpl(STATEMENT_NO_CASE_NO_DEFAULT)
                  DLanguageExpressionStatementImpl(EXPRESSION_STATEMENT)
                    DLanguageExpressionImpl(EXPRESSION)
                      DLanguageAssignExpressionImpl(ASSIGN_EXPRESSION)
                        DLanguageCmpExpressionImpl(CMP_EXPRESSION)
                          DLanguageUnaryExpressionImpl(UNARY_EXPRESSION)
                            DLanguageFunctionCallExpressionImpl(FUNCTION_CALL_EXPRESSION)
                              DLanguageUnaryExpressionImpl(UNARY_EXPRESSION)
                                DLanguagePrimaryExpressionImpl(PRIMARY_EXPRESSION)
                                  DLanguageIdentifierOrTemplateInstanceImpl(IDENTIFIER_OR_TEMPLATE_INSTANCE)
                                    IDENTIFIER
                                      PsiElement(DLanguageTokenType.ID)('writeln')
                              DLanguageArgumentsImpl(ARGUMENTS)
                                PsiElement(DLanguageTokenType.()('(')
                                DLanguageArgumentListImpl(ARGUMENT_LIST)
                                  DLanguageAssignExpressionImpl(ASSIGN_EXPRESSION)
                                    DLanguageCmpExpressionImpl(CMP_EXPRESSION)
                                      DLanguageUnaryExpressionImpl(UNARY_EXPRESSION)
                                        DLanguagePrimaryExpressionImpl(PRIMARY_EXPRESSION)
                                          DLanguageIdentifierOrTemplateInstanceImpl(IDENTIFIER_OR_TEMPLATE_INSTANCE)
                                            IDENTIFIER
                                              PsiElement(DLanguageTokenType.ID)('d')
                                PsiElement(DLanguageTokenType.))(')')
                    PsiElement(DLanguageTokenType.;)(';')
            DLanguageDeclarationOrStatementImpl(DECLARATION_OR_STATEMENT)
              DLanguageStatementImpl(STATEMENT)
                DLanguageStatementNoCaseNoDefaultImpl(STATEMENT_NO_CASE_NO_DEFAULT)
                  DLanguageReturnStatementImpl(RETURN_STATEMENT)
                    PsiElement(DLanguageTokenType.return)('return')
                    DLanguageExpressionImpl(EXPRESSION)
                      DLanguageAssignExpressionImpl(ASSIGN_EXPRESSION)
                        DLanguageCmpExpressionImpl(CMP_EXPRESSION)
                          DLanguageUnaryExpressionImpl(UNARY_EXPRESSION)
                            DLanguagePrimaryExpressionImpl(PRIMARY_EXPRESSION)
                              PsiElement(DLanguageTokenType.INTEGER_LITERAL)('0')
                    PsiElement(DLanguageTokenType.;)(';')
          PsiElement(DLanguageTokenType.})('}')
