D Language File
  DLanguageDeclarationImpl(DECLARATION)
    DLanguageTypeImpl(TYPE)
      DLanguageType_2Impl(TYPE_2)
        DLanguageBuiltinTypeImpl(BUILTIN_TYPE)
          PsiElement(DLanguageTokenType.void)('void')
    FUNCTION_DECLARATION
      IDENTIFIER
        PsiElement(DLanguageTokenType.ID)('foo')
      DLanguageParametersImpl(PARAMETERS)
        PsiElement(DLanguageTokenType.()('(')
        PARAMETER
          DLanguageTypeImpl(TYPE)
            DLanguageType_2Impl(TYPE_2)
              DLanguageBuiltinTypeImpl(BUILTIN_TYPE)
                PsiElement(DLanguageTokenType.int)('int')
            DLanguageTypeSuffixImpl(TYPE_SUFFIX)
              PsiElement(DLanguageTokenType.delegate)('delegate')
              DLanguageParametersImpl(PARAMETERS)
                PsiElement(DLanguageTokenType.()('(')
                PsiElement(DLanguageTokenType.))(')')
            DLanguageTypeSuffixImpl(TYPE_SUFFIX)
              PsiElement(DLanguageTokenType.[)('[')
              PsiElement(DLanguageTokenType.])(']')
          IDENTIFIER
            PsiElement(DLanguageTokenType.ID)('dgs')
          PsiElement(DLanguageTokenType....)('...')
        PsiElement(DLanguageTokenType.))(')')
      PsiElement(DLanguageTokenType.;)(';')
  DLanguageDeclarationImpl(DECLARATION)
    DLanguageTypeImpl(TYPE)
      DLanguageType_2Impl(TYPE_2)
        DLanguageBuiltinTypeImpl(BUILTIN_TYPE)
          PsiElement(DLanguageTokenType.int)('int')
      DLanguageTypeSuffixImpl(TYPE_SUFFIX)
        PsiElement(DLanguageTokenType.delegate)('delegate')
        DLanguageParametersImpl(PARAMETERS)
          PsiElement(DLanguageTokenType.()('(')
          PsiElement(DLanguageTokenType.))(')')
    DLanguageVariableDeclarationImpl(VARIABLE_DECLARATION)
      DECLARATOR
        IDENTIFIER
          PsiElement(DLanguageTokenType.ID)('dg')
      PsiElement(DLanguageTokenType.;)(';')
  DLanguageDeclarationImpl(DECLARATION)
    UNITTEST
      UNITTEST
        PsiElement(DLanguageTokenType.unittest)('unittest')
        DLanguageBlockStatementImpl(BLOCK_STATEMENT)
          PsiElement(DLanguageTokenType.{)('{')
          DLanguageDeclarationsAndStatementsImpl(DECLARATIONS_AND_STATEMENTS)
            DLanguageDeclarationOrStatementImpl(DECLARATION_OR_STATEMENT)
              DLanguageStatementImpl(STATEMENT)
                DLanguageStatementNoCaseNoDefaultImpl(STATEMENT_NO_CASE_NO_DEFAULT)
                  DLanguageExpressionStatementImpl(EXPRESSION_STATEMENT)
                    DLanguageExpressionImpl(EXPRESSION)
                      DLanguageAssignExpressionImpl(ASSIGN_EXPRESSION)
                        DLanguageCmpExpressionImpl(CMP_EXPRESSION)
                          DLanguageUnaryExpressionImpl(UNARY_EXPRESSION)
                            DLanguageFunctionCallExpressionImpl(FUNCTION_CALL_EXPRESSION)
                              DLanguageUnaryExpressionImpl(UNARY_EXPRESSION)
                                DLanguagePrimaryExpressionImpl(PRIMARY_EXPRESSION)
                                  DLanguageIdentifierOrTemplateInstanceImpl(IDENTIFIER_OR_TEMPLATE_INSTANCE)
                                    IDENTIFIER
                                      PsiElement(DLanguageTokenType.ID)('foo')
                              DLanguageArgumentsImpl(ARGUMENTS)
                                PsiElement(DLanguageTokenType.()('(')
                                DLanguageArgumentListImpl(ARGUMENT_LIST)
                                  DLanguageAssignExpressionImpl(ASSIGN_EXPRESSION)
                                    DLanguageCmpExpressionImpl(CMP_EXPRESSION)
                                      DLanguageUnaryExpressionImpl(UNARY_EXPRESSION)
                                        DLanguagePrimaryExpressionImpl(PRIMARY_EXPRESSION)
                                          PsiElement(DLanguageTokenType.INTEGER_LITERAL)('1')
                                  PsiElement(DLanguageTokenType.,)(',')
                                  DLanguageAssignExpressionImpl(ASSIGN_EXPRESSION)
                                    DLanguageCmpExpressionImpl(CMP_EXPRESSION)
                                      DLanguageAddExpressionImpl(ADD_EXPRESSION)
                                        DLanguageUnaryExpressionImpl(UNARY_EXPRESSION)
                                          DLanguagePrimaryExpressionImpl(PRIMARY_EXPRESSION)
                                            PsiElement(DLanguageTokenType.INTEGER_LITERAL)('3')
                                        PsiElement(DLanguageTokenType.+)('+')
                                        DLanguageUnaryExpressionImpl(UNARY_EXPRESSION)
                                          DLanguagePrimaryExpressionImpl(PRIMARY_EXPRESSION)
                                            DLanguageIdentifierOrTemplateInstanceImpl(IDENTIFIER_OR_TEMPLATE_INSTANCE)
                                              IDENTIFIER
                                                PsiElement(DLanguageTokenType.ID)('x')
                                  PsiElement(DLanguageTokenType.,)(',')
                                  DLanguageAssignExpressionImpl(ASSIGN_EXPRESSION)
                                    DLanguageCmpExpressionImpl(CMP_EXPRESSION)
                                      DLanguageUnaryExpressionImpl(UNARY_EXPRESSION)
                                        DLanguagePrimaryExpressionImpl(PRIMARY_EXPRESSION)
                                          DLanguageIdentifierOrTemplateInstanceImpl(IDENTIFIER_OR_TEMPLATE_INSTANCE)
                                            IDENTIFIER
                                              PsiElement(DLanguageTokenType.ID)('dg')
                                  PsiElement(DLanguageTokenType.,)(',')
                                  DLanguageAssignExpressionImpl(ASSIGN_EXPRESSION)
                                    DLanguageCmpExpressionImpl(CMP_EXPRESSION)
                                      DLanguageUnaryExpressionImpl(UNARY_EXPRESSION)
                                        DLanguageCastExpressionImpl(CAST_EXPRESSION)
                                          PsiElement(DLanguageTokenType.cast)('cast')
                                          PsiElement(DLanguageTokenType.()('(')
                                          DLanguageTypeImpl(TYPE)
                                            DLanguageType_2Impl(TYPE_2)
                                              DLanguageBuiltinTypeImpl(BUILTIN_TYPE)
                                                PsiElement(DLanguageTokenType.int)('int')
                                            DLanguageTypeSuffixImpl(TYPE_SUFFIX)
                                              PsiElement(DLanguageTokenType.delegate)('delegate')
                                              DLanguageParametersImpl(PARAMETERS)
                                                PsiElement(DLanguageTokenType.()('(')
                                                PsiElement(DLanguageTokenType.))(')')
                                          PsiElement(DLanguageTokenType.))(')')
                                          DLanguageUnaryExpressionImpl(UNARY_EXPRESSION)
                                            DLanguagePrimaryExpressionImpl(PRIMARY_EXPRESSION)
                                              PsiElement(DLanguageTokenType.null)('null')
                                PsiElement(DLanguageTokenType.))(')')
                    PsiElement(DLanguageTokenType.;)(';')
            DLanguageDeclarationOrStatementImpl(DECLARATION_OR_STATEMENT)
              DLanguageStatementImpl(STATEMENT)
                DLanguageStatementNoCaseNoDefaultImpl(STATEMENT_NO_CASE_NO_DEFAULT)
                  DLanguageExpressionStatementImpl(EXPRESSION_STATEMENT)
                    DLanguageExpressionImpl(EXPRESSION)
                      DLanguageAssignExpressionImpl(ASSIGN_EXPRESSION)
                        DLanguageCmpExpressionImpl(CMP_EXPRESSION)
                          DLanguageUnaryExpressionImpl(UNARY_EXPRESSION)
                            DLanguageFunctionCallExpressionImpl(FUNCTION_CALL_EXPRESSION)
                              DLanguageUnaryExpressionImpl(UNARY_EXPRESSION)
                                DLanguagePrimaryExpressionImpl(PRIMARY_EXPRESSION)
                                  DLanguageIdentifierOrTemplateInstanceImpl(IDENTIFIER_OR_TEMPLATE_INSTANCE)
                                    IDENTIFIER
                                      PsiElement(DLanguageTokenType.ID)('foo')
                              DLanguageArgumentsImpl(ARGUMENTS)
                                PsiElement(DLanguageTokenType.()('(')
                                DLanguageArgumentListImpl(ARGUMENT_LIST)
                                  DLanguageAssignExpressionImpl(ASSIGN_EXPRESSION)
                                    DLanguageCmpExpressionImpl(CMP_EXPRESSION)
                                      DLanguageUnaryExpressionImpl(UNARY_EXPRESSION)
                                        DLanguagePrimaryExpressionImpl(PRIMARY_EXPRESSION)
                                          DLanguageFunctionLiteralExpressionImpl(FUNCTION_LITERAL_EXPRESSION)
                                            DLanguageFunctionBodyImpl(FUNCTION_BODY)
                                              DLanguageBlockStatementImpl(BLOCK_STATEMENT)
                                                PsiElement(DLanguageTokenType.{)('{')
                                                DLanguageDeclarationsAndStatementsImpl(DECLARATIONS_AND_STATEMENTS)
                                                  DLanguageDeclarationOrStatementImpl(DECLARATION_OR_STATEMENT)
                                                    DLanguageStatementImpl(STATEMENT)
                                                      DLanguageStatementNoCaseNoDefaultImpl(STATEMENT_NO_CASE_NO_DEFAULT)
                                                        DLanguageReturnStatementImpl(RETURN_STATEMENT)
                                                          PsiElement(DLanguageTokenType.return)('return')
                                                          DLanguageExpressionImpl(EXPRESSION)
                                                            DLanguageAssignExpressionImpl(ASSIGN_EXPRESSION)
                                                              DLanguageCmpExpressionImpl(CMP_EXPRESSION)
                                                                DLanguageUnaryExpressionImpl(UNARY_EXPRESSION)
                                                                  DLanguagePrimaryExpressionImpl(PRIMARY_EXPRESSION)
                                                                    PsiElement(DLanguageTokenType.INTEGER_LITERAL)('1')
                                                          PsiElement(DLanguageTokenType.;)(';')
                                                PsiElement(DLanguageTokenType.})('}')
                                  PsiElement(DLanguageTokenType.,)(',')
                                  DLanguageAssignExpressionImpl(ASSIGN_EXPRESSION)
                                    DLanguageCmpExpressionImpl(CMP_EXPRESSION)
                                      DLanguageUnaryExpressionImpl(UNARY_EXPRESSION)
                                        DLanguagePrimaryExpressionImpl(PRIMARY_EXPRESSION)
                                          DLanguageFunctionLiteralExpressionImpl(FUNCTION_LITERAL_EXPRESSION)
                                            DLanguageFunctionBodyImpl(FUNCTION_BODY)
                                              DLanguageBlockStatementImpl(BLOCK_STATEMENT)
                                                PsiElement(DLanguageTokenType.{)('{')
                                                DLanguageDeclarationsAndStatementsImpl(DECLARATIONS_AND_STATEMENTS)
                                                  DLanguageDeclarationOrStatementImpl(DECLARATION_OR_STATEMENT)
                                                    DLanguageStatementImpl(STATEMENT)
                                                      DLanguageStatementNoCaseNoDefaultImpl(STATEMENT_NO_CASE_NO_DEFAULT)
                                                        DLanguageReturnStatementImpl(RETURN_STATEMENT)
                                                          PsiElement(DLanguageTokenType.return)('return')
                                                          DLanguageExpressionImpl(EXPRESSION)
                                                            DLanguageAssignExpressionImpl(ASSIGN_EXPRESSION)
                                                              DLanguageCmpExpressionImpl(CMP_EXPRESSION)
                                                                DLanguageAddExpressionImpl(ADD_EXPRESSION)
                                                                  DLanguageUnaryExpressionImpl(UNARY_EXPRESSION)
                                                                    DLanguagePrimaryExpressionImpl(PRIMARY_EXPRESSION)
                                                                      PsiElement(DLanguageTokenType.INTEGER_LITERAL)('3')
                                                                  PsiElement(DLanguageTokenType.+)('+')
                                                                  DLanguageUnaryExpressionImpl(UNARY_EXPRESSION)
                                                                    DLanguagePrimaryExpressionImpl(PRIMARY_EXPRESSION)
                                                                      DLanguageIdentifierOrTemplateInstanceImpl(IDENTIFIER_OR_TEMPLATE_INSTANCE)
                                                                        IDENTIFIER
                                                                          PsiElement(DLanguageTokenType.ID)('x')
                                                          PsiElement(DLanguageTokenType.;)(';')
                                                PsiElement(DLanguageTokenType.})('}')
                                  PsiElement(DLanguageTokenType.,)(',')
                                  DLanguageAssignExpressionImpl(ASSIGN_EXPRESSION)
                                    DLanguageCmpExpressionImpl(CMP_EXPRESSION)
                                      DLanguageUnaryExpressionImpl(UNARY_EXPRESSION)
                                        DLanguagePrimaryExpressionImpl(PRIMARY_EXPRESSION)
                                          DLanguageIdentifierOrTemplateInstanceImpl(IDENTIFIER_OR_TEMPLATE_INSTANCE)
                                            IDENTIFIER
                                              PsiElement(DLanguageTokenType.ID)('dg')
                                  PsiElement(DLanguageTokenType.,)(',')
                                  DLanguageAssignExpressionImpl(ASSIGN_EXPRESSION)
                                    DLanguageCmpExpressionImpl(CMP_EXPRESSION)
                                      DLanguageUnaryExpressionImpl(UNARY_EXPRESSION)
                                        DLanguagePrimaryExpressionImpl(PRIMARY_EXPRESSION)
                                          PsiElement(DLanguageTokenType.null)('null')
                                PsiElement(DLanguageTokenType.))(')')
                    PsiElement(DLanguageTokenType.;)(';')
          PsiElement(DLanguageTokenType.})('}')