D Language File
  DLanguageDeclarationImpl(DECLARATION)
    DLanguageAttributeImpl(ATTRIBUTE)
      DLanguageLinkageAttributeImpl(LINKAGE_ATTRIBUTE)
        PsiElement(DLanguageTokenType.extern)('extern')
        PsiElement(DLanguageTokenType.()('(')
        IDENTIFIER
          PsiElement(DLanguageTokenType.ID)('C')
        PsiElement(DLanguageTokenType.))(')')
    FUNCTION_DECLARATION
      DLanguageTypeImpl(TYPE)
        DLanguageType_2Impl(TYPE_2)
          DLanguageBuiltinTypeImpl(BUILTIN_TYPE)
            PsiElement(DLanguageTokenType.void)('void')
      IDENTIFIER
        PsiElement(DLanguageTokenType.ID)('foo')
      DLanguageParametersImpl(PARAMETERS)
        PsiElement(DLanguageTokenType.()('(')
        PARAMETER
          DLanguageTypeImpl(TYPE)
            DLanguageType_2Impl(TYPE_2)
              DLanguageBuiltinTypeImpl(BUILTIN_TYPE)
                PsiElement(DLanguageTokenType.int)('int')
          IDENTIFIER
            PsiElement(DLanguageTokenType.ID)('x')
        PsiElement(DLanguageTokenType.,)(',')
        PARAMETER
          DLanguageTypeImpl(TYPE)
            DLanguageType_2Impl(TYPE_2)
              DLanguageBuiltinTypeImpl(BUILTIN_TYPE)
                PsiElement(DLanguageTokenType.int)('int')
          IDENTIFIER
            PsiElement(DLanguageTokenType.ID)('y')
        PsiElement(DLanguageTokenType.,)(',')
        PsiElement(DLanguageTokenType....)('...')
        PsiElement(DLanguageTokenType.))(')')
      PsiElement(DLanguageTokenType.;)(';')
  DLanguageDeclarationImpl(DECLARATION)
    UNITTEST
      UNITTEST
        PsiElement(DLanguageTokenType.unittest)('unittest')
        DLanguageBlockStatementImpl(BLOCK_STATEMENT)
          PsiElement(DLanguageTokenType.{)('{')
          DLanguageDeclarationsAndStatementsImpl(DECLARATIONS_AND_STATEMENTS)
            DLanguageDeclarationOrStatementImpl(DECLARATION_OR_STATEMENT)
              DLanguageStatementImpl(STATEMENT)
                DLanguageStatementNoCaseNoDefaultImpl(STATEMENT_NO_CASE_NO_DEFAULT)
                  DLanguageExpressionStatementImpl(EXPRESSION_STATEMENT)
                    DLanguageExpressionImpl(EXPRESSION)
                      DLanguageAssignExpressionImpl(ASSIGN_EXPRESSION)
                        DLanguageCmpExpressionImpl(CMP_EXPRESSION)
                          DLanguageUnaryExpressionImpl(UNARY_EXPRESSION)
                            DLanguageFunctionCallExpressionImpl(FUNCTION_CALL_EXPRESSION)
                              DLanguageUnaryExpressionImpl(UNARY_EXPRESSION)
                                DLanguagePrimaryExpressionImpl(PRIMARY_EXPRESSION)
                                  DLanguageIdentifierOrTemplateInstanceImpl(IDENTIFIER_OR_TEMPLATE_INSTANCE)
                                    IDENTIFIER
                                      PsiElement(DLanguageTokenType.ID)('foo')
                              DLanguageArgumentsImpl(ARGUMENTS)
                                PsiElement(DLanguageTokenType.()('(')
                                DLanguageArgumentListImpl(ARGUMENT_LIST)
                                  DLanguageAssignExpressionImpl(ASSIGN_EXPRESSION)
                                    DLanguageCmpExpressionImpl(CMP_EXPRESSION)
                                      DLanguageUnaryExpressionImpl(UNARY_EXPRESSION)
                                        DLanguagePrimaryExpressionImpl(PRIMARY_EXPRESSION)
                                          PsiElement(DLanguageTokenType.INTEGER_LITERAL)('3')
                                  PsiElement(DLanguageTokenType.,)(',')
                                  DLanguageAssignExpressionImpl(ASSIGN_EXPRESSION)
                                    DLanguageCmpExpressionImpl(CMP_EXPRESSION)
                                      DLanguageUnaryExpressionImpl(UNARY_EXPRESSION)
                                        DLanguagePrimaryExpressionImpl(PRIMARY_EXPRESSION)
                                          PsiElement(DLanguageTokenType.INTEGER_LITERAL)('4')
                                PsiElement(DLanguageTokenType.))(')')
                    PsiElement(DLanguageTokenType.;)(';')
            PsiComment(DLanguageTokenType.LINE_COMMENT)('// ok')
            DLanguageDeclarationOrStatementImpl(DECLARATION_OR_STATEMENT)
              DLanguageStatementImpl(STATEMENT)
                DLanguageStatementNoCaseNoDefaultImpl(STATEMENT_NO_CASE_NO_DEFAULT)
                  DLanguageExpressionStatementImpl(EXPRESSION_STATEMENT)
                    DLanguageExpressionImpl(EXPRESSION)
                      DLanguageAssignExpressionImpl(ASSIGN_EXPRESSION)
                        DLanguageCmpExpressionImpl(CMP_EXPRESSION)
                          DLanguageUnaryExpressionImpl(UNARY_EXPRESSION)
                            DLanguageFunctionCallExpressionImpl(FUNCTION_CALL_EXPRESSION)
                              DLanguageUnaryExpressionImpl(UNARY_EXPRESSION)
                                DLanguagePrimaryExpressionImpl(PRIMARY_EXPRESSION)
                                  DLanguageIdentifierOrTemplateInstanceImpl(IDENTIFIER_OR_TEMPLATE_INSTANCE)
                                    IDENTIFIER
                                      PsiElement(DLanguageTokenType.ID)('foo')
                              DLanguageArgumentsImpl(ARGUMENTS)
                                PsiElement(DLanguageTokenType.()('(')
                                DLanguageArgumentListImpl(ARGUMENT_LIST)
                                  DLanguageAssignExpressionImpl(ASSIGN_EXPRESSION)
                                    DLanguageCmpExpressionImpl(CMP_EXPRESSION)
                                      DLanguageUnaryExpressionImpl(UNARY_EXPRESSION)
                                        DLanguagePrimaryExpressionImpl(PRIMARY_EXPRESSION)
                                          PsiElement(DLanguageTokenType.INTEGER_LITERAL)('3')
                                  PsiElement(DLanguageTokenType.,)(',')
                                  DLanguageAssignExpressionImpl(ASSIGN_EXPRESSION)
                                    DLanguageCmpExpressionImpl(CMP_EXPRESSION)
                                      DLanguageUnaryExpressionImpl(UNARY_EXPRESSION)
                                        DLanguagePrimaryExpressionImpl(PRIMARY_EXPRESSION)
                                          PsiElement(DLanguageTokenType.INTEGER_LITERAL)('4')
                                  PsiElement(DLanguageTokenType.,)(',')
                                  DLanguageAssignExpressionImpl(ASSIGN_EXPRESSION)
                                    DLanguageCmpExpressionImpl(CMP_EXPRESSION)
                                      DLanguageUnaryExpressionImpl(UNARY_EXPRESSION)
                                        DLanguagePrimaryExpressionImpl(PRIMARY_EXPRESSION)
                                          PsiElement(DLanguageTokenType.FLOAT_LITERAL)('6.8')
                                PsiElement(DLanguageTokenType.))(')')
                    PsiElement(DLanguageTokenType.;)(';')
            PsiComment(DLanguageTokenType.LINE_COMMENT)('// ok, one variadic argument')
            DLanguageDeclarationOrStatementImpl(DECLARATION_OR_STATEMENT)
              DLanguageStatementImpl(STATEMENT)
                DLanguageStatementNoCaseNoDefaultImpl(STATEMENT_NO_CASE_NO_DEFAULT)
                  DLanguageExpressionStatementImpl(EXPRESSION_STATEMENT)
                    DLanguageExpressionImpl(EXPRESSION)
                      DLanguageAssignExpressionImpl(ASSIGN_EXPRESSION)
                        DLanguageCmpExpressionImpl(CMP_EXPRESSION)
                          DLanguageUnaryExpressionImpl(UNARY_EXPRESSION)
                            DLanguageFunctionCallExpressionImpl(FUNCTION_CALL_EXPRESSION)
                              DLanguageUnaryExpressionImpl(UNARY_EXPRESSION)
                                DLanguagePrimaryExpressionImpl(PRIMARY_EXPRESSION)
                                  DLanguageIdentifierOrTemplateInstanceImpl(IDENTIFIER_OR_TEMPLATE_INSTANCE)
                                    IDENTIFIER
                                      PsiElement(DLanguageTokenType.ID)('foo')
                              DLanguageArgumentsImpl(ARGUMENTS)
                                PsiElement(DLanguageTokenType.()('(')
                                DLanguageArgumentListImpl(ARGUMENT_LIST)
                                  DLanguageAssignExpressionImpl(ASSIGN_EXPRESSION)
                                    DLanguageCmpExpressionImpl(CMP_EXPRESSION)
                                      DLanguageUnaryExpressionImpl(UNARY_EXPRESSION)
                                        DLanguagePrimaryExpressionImpl(PRIMARY_EXPRESSION)
                                          PsiElement(DLanguageTokenType.INTEGER_LITERAL)('2')
                                PsiElement(DLanguageTokenType.))(')')
                    PsiElement(DLanguageTokenType.;)(';')
          PsiComment(DLanguageTokenType.LINE_COMMENT)('// error, y is a required argument')
          PsiElement(DLanguageTokenType.})('}')
  DLanguageDeclarationImpl(DECLARATION)
    DLanguageAttributeImpl(ATTRIBUTE)
      DLanguageLinkageAttributeImpl(LINKAGE_ATTRIBUTE)
        PsiElement(DLanguageTokenType.extern)('extern')
        PsiElement(DLanguageTokenType.()('(')
        IDENTIFIER
          PsiElement(DLanguageTokenType.ID)('C')
        PsiElement(DLanguageTokenType.))(')')
    FUNCTION_DECLARATION
      DLanguageTypeImpl(TYPE)
        DLanguageType_2Impl(TYPE_2)
          DLanguageBuiltinTypeImpl(BUILTIN_TYPE)
            PsiElement(DLanguageTokenType.int)('int')
      IDENTIFIER
        PsiElement(DLanguageTokenType.ID)('def')
      DLanguageParametersImpl(PARAMETERS)
        PsiElement(DLanguageTokenType.()('(')
        PsiElement(DLanguageTokenType....)('...')
        PsiElement(DLanguageTokenType.))(')')
      PsiElement(DLanguageTokenType.;)(';')
  PsiComment(DLanguageTokenType.LINE_COMMENT)('// error, must have at least one parameter')
  DLanguageDeclarationImpl(DECLARATION)
    DLanguageImportDeclarationImpl(IMPORT_DECLARATION)
      PsiElement(DLanguageTokenType.singleImport)('singleImport')
      SINGLE_IMPORT
        DLanguageIdentifierChainImpl(IDENTIFIER_CHAIN)
          IDENTIFIER
            PsiElement(DLanguageTokenType.ID)('core')
          PsiElement(DLanguageTokenType..)('.')
          IDENTIFIER
            PsiElement(DLanguageTokenType.ID)('stdc')
          PsiElement(DLanguageTokenType..)('.')
          IDENTIFIER
            PsiElement(DLanguageTokenType.ID)('stdarg')
      PsiElement(DLanguageTokenType.;)(';')
  DLanguageDeclarationImpl(DECLARATION)
    FUNCTION_DECLARATION
      DLanguageTypeImpl(TYPE)
        DLanguageType_2Impl(TYPE_2)
          DLanguageBuiltinTypeImpl(BUILTIN_TYPE)
            PsiElement(DLanguageTokenType.void)('void')
      IDENTIFIER
        PsiElement(DLanguageTokenType.ID)('test')
      DLanguageParametersImpl(PARAMETERS)
        PsiElement(DLanguageTokenType.()('(')
        PsiElement(DLanguageTokenType.))(')')
      DLanguageFunctionBodyImpl(FUNCTION_BODY)
        DLanguageBlockStatementImpl(BLOCK_STATEMENT)
          PsiElement(DLanguageTokenType.{)('{')
          DLanguageDeclarationsAndStatementsImpl(DECLARATIONS_AND_STATEMENTS)
            DLanguageDeclarationOrStatementImpl(DECLARATION_OR_STATEMENT)
              DLanguageStatementImpl(STATEMENT)
                DLanguageStatementNoCaseNoDefaultImpl(STATEMENT_NO_CASE_NO_DEFAULT)
                  DLanguageExpressionStatementImpl(EXPRESSION_STATEMENT)
                    DLanguageExpressionImpl(EXPRESSION)
                      DLanguageAssignExpressionImpl(ASSIGN_EXPRESSION)
                        DLanguageCmpExpressionImpl(CMP_EXPRESSION)
                          DLanguageUnaryExpressionImpl(UNARY_EXPRESSION)
                            DLanguageFunctionCallExpressionImpl(FUNCTION_CALL_EXPRESSION)
                              DLanguageUnaryExpressionImpl(UNARY_EXPRESSION)
                                DLanguagePrimaryExpressionImpl(PRIMARY_EXPRESSION)
                                  DLanguageIdentifierOrTemplateInstanceImpl(IDENTIFIER_OR_TEMPLATE_INSTANCE)
                                    IDENTIFIER
                                      PsiElement(DLanguageTokenType.ID)('foo')
                              DLanguageArgumentsImpl(ARGUMENTS)
                                PsiElement(DLanguageTokenType.()('(')
                                DLanguageArgumentListImpl(ARGUMENT_LIST)
                                  DLanguageAssignExpressionImpl(ASSIGN_EXPRESSION)
                                    DLanguageCmpExpressionImpl(CMP_EXPRESSION)
                                      DLanguageUnaryExpressionImpl(UNARY_EXPRESSION)
                                        DLanguagePrimaryExpressionImpl(PRIMARY_EXPRESSION)
                                          PsiElement(DLanguageTokenType.INTEGER_LITERAL)('3')
                                  PsiElement(DLanguageTokenType.,)(',')
                                  DLanguageAssignExpressionImpl(ASSIGN_EXPRESSION)
                                    DLanguageCmpExpressionImpl(CMP_EXPRESSION)
                                      DLanguageUnaryExpressionImpl(UNARY_EXPRESSION)
                                        DLanguagePrimaryExpressionImpl(PRIMARY_EXPRESSION)
                                          PsiElement(DLanguageTokenType.INTEGER_LITERAL)('4')
                                  PsiElement(DLanguageTokenType.,)(',')
                                  DLanguageAssignExpressionImpl(ASSIGN_EXPRESSION)
                                    DLanguageCmpExpressionImpl(CMP_EXPRESSION)
                                      DLanguageUnaryExpressionImpl(UNARY_EXPRESSION)
                                        DLanguagePrimaryExpressionImpl(PRIMARY_EXPRESSION)
                                          PsiElement(DLanguageTokenType.INTEGER_LITERAL)('5')
                                PsiElement(DLanguageTokenType.))(')')
                    PsiElement(DLanguageTokenType.;)(';')
          PsiComment(DLanguageTokenType.LINE_COMMENT)('// first variadic argument is 5')
          PsiElement(DLanguageTokenType.})('}')
  DLanguageDeclarationImpl(DECLARATION)
    FUNCTION_DECLARATION
      DLanguageTypeImpl(TYPE)
        DLanguageType_2Impl(TYPE_2)
          DLanguageBuiltinTypeImpl(BUILTIN_TYPE)
            PsiElement(DLanguageTokenType.void)('void')
      IDENTIFIER
        PsiElement(DLanguageTokenType.ID)('foo')
      DLanguageParametersImpl(PARAMETERS)
        PsiElement(DLanguageTokenType.()('(')
        PARAMETER
          DLanguageTypeImpl(TYPE)
            DLanguageType_2Impl(TYPE_2)
              DLanguageBuiltinTypeImpl(BUILTIN_TYPE)
                PsiElement(DLanguageTokenType.int)('int')
          IDENTIFIER
            PsiElement(DLanguageTokenType.ID)('x')
        PsiElement(DLanguageTokenType.,)(',')
        PARAMETER
          DLanguageTypeImpl(TYPE)
            DLanguageType_2Impl(TYPE_2)
              DLanguageBuiltinTypeImpl(BUILTIN_TYPE)
                PsiElement(DLanguageTokenType.int)('int')
          IDENTIFIER
            PsiElement(DLanguageTokenType.ID)('y')
        PsiElement(DLanguageTokenType.,)(',')
        PsiElement(DLanguageTokenType....)('...')
        PsiElement(DLanguageTokenType.))(')')
      DLanguageFunctionBodyImpl(FUNCTION_BODY)
        DLanguageBlockStatementImpl(BLOCK_STATEMENT)
          PsiElement(DLanguageTokenType.{)('{')
          DLanguageDeclarationsAndStatementsImpl(DECLARATIONS_AND_STATEMENTS)
            DLanguageDeclarationOrStatementImpl(DECLARATION_OR_STATEMENT)
              DLanguageDeclarationImpl(DECLARATION)
                DLanguageVariableDeclarationImpl(VARIABLE_DECLARATION)
                  DLanguageTypeImpl(TYPE)
                    DLanguageType_2Impl(TYPE_2)
                      DLanguageSymbolImpl(SYMBOL)
                        DLanguageIdentifierOrTemplateChainImpl(IDENTIFIER_OR_TEMPLATE_CHAIN)
                          DLanguageIdentifierOrTemplateInstanceImpl(IDENTIFIER_OR_TEMPLATE_INSTANCE)
                            IDENTIFIER
                              PsiElement(DLanguageTokenType.ID)('va_list')
                  DECLARATOR
                    IDENTIFIER
                      PsiElement(DLanguageTokenType.ID)('args')
                  PsiElement(DLanguageTokenType.;)(';')
            DLanguageDeclarationOrStatementImpl(DECLARATION_OR_STATEMENT)
              DLanguageStatementImpl(STATEMENT)
                DLanguageStatementNoCaseNoDefaultImpl(STATEMENT_NO_CASE_NO_DEFAULT)
                  DLanguageConditionalStatementImpl(CONDITIONAL_STATEMENT)
                    DLanguageCompileConditionImpl(COMPILE_CONDITION)
                      DLanguageVersionConditionImpl(VERSION_CONDITION)
                        PsiElement(DLanguageTokenType.version)('version')
                        PsiElement(DLanguageTokenType.()('(')
                        IDENTIFIER
                          PsiElement(DLanguageTokenType.ID)('X86')
                        PsiElement(DLanguageTokenType.))(')')
                    DLanguageDeclarationOrStatementImpl(DECLARATION_OR_STATEMENT)
                      DLanguageStatementImpl(STATEMENT)
                        DLanguageStatementNoCaseNoDefaultImpl(STATEMENT_NO_CASE_NO_DEFAULT)
                          DLanguageExpressionStatementImpl(EXPRESSION_STATEMENT)
                            DLanguageExpressionImpl(EXPRESSION)
                              DLanguageAssignExpressionImpl(ASSIGN_EXPRESSION)
                                DLanguageCmpExpressionImpl(CMP_EXPRESSION)
                                  DLanguageUnaryExpressionImpl(UNARY_EXPRESSION)
                                    DLanguageFunctionCallExpressionImpl(FUNCTION_CALL_EXPRESSION)
                                      DLanguageUnaryExpressionImpl(UNARY_EXPRESSION)
                                        DLanguagePrimaryExpressionImpl(PRIMARY_EXPRESSION)
                                          DLanguageIdentifierOrTemplateInstanceImpl(IDENTIFIER_OR_TEMPLATE_INSTANCE)
                                            IDENTIFIER
                                              PsiElement(DLanguageTokenType.ID)('va_start')
                                      DLanguageArgumentsImpl(ARGUMENTS)
                                        PsiElement(DLanguageTokenType.()('(')
                                        DLanguageArgumentListImpl(ARGUMENT_LIST)
                                          DLanguageAssignExpressionImpl(ASSIGN_EXPRESSION)
                                            DLanguageCmpExpressionImpl(CMP_EXPRESSION)
                                              DLanguageUnaryExpressionImpl(UNARY_EXPRESSION)
                                                DLanguagePrimaryExpressionImpl(PRIMARY_EXPRESSION)
                                                  DLanguageIdentifierOrTemplateInstanceImpl(IDENTIFIER_OR_TEMPLATE_INSTANCE)
                                                    IDENTIFIER
                                                      PsiElement(DLanguageTokenType.ID)('args')
                                          PsiElement(DLanguageTokenType.,)(',')
                                          DLanguageAssignExpressionImpl(ASSIGN_EXPRESSION)
                                            DLanguageCmpExpressionImpl(CMP_EXPRESSION)
                                              DLanguageUnaryExpressionImpl(UNARY_EXPRESSION)
                                                DLanguagePrimaryExpressionImpl(PRIMARY_EXPRESSION)
                                                  DLanguageIdentifierOrTemplateInstanceImpl(IDENTIFIER_OR_TEMPLATE_INSTANCE)
                                                    IDENTIFIER
                                                      PsiElement(DLanguageTokenType.ID)('y')
                                        PsiElement(DLanguageTokenType.))(')')
                            PsiElement(DLanguageTokenType.;)(';')
                    PsiComment(DLanguageTokenType.LINE_COMMENT)('// y is the last named parameter')
                    PsiElement(DLanguageTokenType.else)('else')
                    DLanguageDeclarationOrStatementImpl(DECLARATION_OR_STATEMENT)
                      DLanguageStatementImpl(STATEMENT)
                        DLanguageStatementNoCaseNoDefaultImpl(STATEMENT_NO_CASE_NO_DEFAULT)
                          DLanguageConditionalStatementImpl(CONDITIONAL_STATEMENT)
                            DLanguageCompileConditionImpl(COMPILE_CONDITION)
                              DLanguageVersionConditionImpl(VERSION_CONDITION)
                                PsiElement(DLanguageTokenType.version)('version')
                                PsiElement(DLanguageTokenType.()('(')
                                IDENTIFIER
                                  PsiElement(DLanguageTokenType.ID)('Win64')
                                PsiElement(DLanguageTokenType.))(')')
                            DLanguageDeclarationOrStatementImpl(DECLARATION_OR_STATEMENT)
                              DLanguageStatementImpl(STATEMENT)
                                DLanguageStatementNoCaseNoDefaultImpl(STATEMENT_NO_CASE_NO_DEFAULT)
                                  DLanguageExpressionStatementImpl(EXPRESSION_STATEMENT)
                                    DLanguageExpressionImpl(EXPRESSION)
                                      DLanguageAssignExpressionImpl(ASSIGN_EXPRESSION)
                                        DLanguageCmpExpressionImpl(CMP_EXPRESSION)
                                          DLanguageUnaryExpressionImpl(UNARY_EXPRESSION)
                                            DLanguageFunctionCallExpressionImpl(FUNCTION_CALL_EXPRESSION)
                                              DLanguageUnaryExpressionImpl(UNARY_EXPRESSION)
                                                DLanguagePrimaryExpressionImpl(PRIMARY_EXPRESSION)
                                                  DLanguageIdentifierOrTemplateInstanceImpl(IDENTIFIER_OR_TEMPLATE_INSTANCE)
                                                    IDENTIFIER
                                                      PsiElement(DLanguageTokenType.ID)('va_start')
                                              DLanguageArgumentsImpl(ARGUMENTS)
                                                PsiElement(DLanguageTokenType.()('(')
                                                DLanguageArgumentListImpl(ARGUMENT_LIST)
                                                  DLanguageAssignExpressionImpl(ASSIGN_EXPRESSION)
                                                    DLanguageCmpExpressionImpl(CMP_EXPRESSION)
                                                      DLanguageUnaryExpressionImpl(UNARY_EXPRESSION)
                                                        DLanguagePrimaryExpressionImpl(PRIMARY_EXPRESSION)
                                                          DLanguageIdentifierOrTemplateInstanceImpl(IDENTIFIER_OR_TEMPLATE_INSTANCE)
                                                            IDENTIFIER
                                                              PsiElement(DLanguageTokenType.ID)('args')
                                                  PsiElement(DLanguageTokenType.,)(',')
                                                  DLanguageAssignExpressionImpl(ASSIGN_EXPRESSION)
                                                    DLanguageCmpExpressionImpl(CMP_EXPRESSION)
                                                      DLanguageUnaryExpressionImpl(UNARY_EXPRESSION)
                                                        DLanguagePrimaryExpressionImpl(PRIMARY_EXPRESSION)
                                                          DLanguageIdentifierOrTemplateInstanceImpl(IDENTIFIER_OR_TEMPLATE_INSTANCE)
                                                            IDENTIFIER
                                                              PsiElement(DLanguageTokenType.ID)('y')
                                                PsiElement(DLanguageTokenType.))(')')
                                    PsiElement(DLanguageTokenType.;)(';')
                            PsiComment(DLanguageTokenType.LINE_COMMENT)('// ditto')
                            PsiElement(DLanguageTokenType.else)('else')
                            DLanguageDeclarationOrStatementImpl(DECLARATION_OR_STATEMENT)
                              DLanguageStatementImpl(STATEMENT)
                                DLanguageStatementNoCaseNoDefaultImpl(STATEMENT_NO_CASE_NO_DEFAULT)
                                  DLanguageConditionalStatementImpl(CONDITIONAL_STATEMENT)
                                    DLanguageCompileConditionImpl(COMPILE_CONDITION)
                                      DLanguageVersionConditionImpl(VERSION_CONDITION)
                                        PsiElement(DLanguageTokenType.version)('version')
                                        PsiElement(DLanguageTokenType.()('(')
                                        IDENTIFIER
                                          PsiElement(DLanguageTokenType.ID)('X86_64')
                                        PsiElement(DLanguageTokenType.))(')')
                                    DLanguageDeclarationOrStatementImpl(DECLARATION_OR_STATEMENT)
                                      DLanguageStatementImpl(STATEMENT)
                                        DLanguageStatementNoCaseNoDefaultImpl(STATEMENT_NO_CASE_NO_DEFAULT)
                                          DLanguageExpressionStatementImpl(EXPRESSION_STATEMENT)
                                            DLanguageExpressionImpl(EXPRESSION)
                                              DLanguageAssignExpressionImpl(ASSIGN_EXPRESSION)
                                                DLanguageCmpExpressionImpl(CMP_EXPRESSION)
                                                  DLanguageUnaryExpressionImpl(UNARY_EXPRESSION)
                                                    DLanguageFunctionCallExpressionImpl(FUNCTION_CALL_EXPRESSION)
                                                      DLanguageUnaryExpressionImpl(UNARY_EXPRESSION)
                                                        DLanguagePrimaryExpressionImpl(PRIMARY_EXPRESSION)
                                                          DLanguageIdentifierOrTemplateInstanceImpl(IDENTIFIER_OR_TEMPLATE_INSTANCE)
                                                            IDENTIFIER
                                                              PsiElement(DLanguageTokenType.ID)('va_start')
                                                      DLanguageArgumentsImpl(ARGUMENTS)
                                                        PsiElement(DLanguageTokenType.()('(')
                                                        DLanguageArgumentListImpl(ARGUMENT_LIST)
                                                          DLanguageAssignExpressionImpl(ASSIGN_EXPRESSION)
                                                            DLanguageCmpExpressionImpl(CMP_EXPRESSION)
                                                              DLanguageUnaryExpressionImpl(UNARY_EXPRESSION)
                                                                DLanguagePrimaryExpressionImpl(PRIMARY_EXPRESSION)
                                                                  DLanguageIdentifierOrTemplateInstanceImpl(IDENTIFIER_OR_TEMPLATE_INSTANCE)
                                                                    IDENTIFIER
                                                                      PsiElement(DLanguageTokenType.ID)('args')
                                                          PsiElement(DLanguageTokenType.,)(',')
                                                          DLanguageAssignExpressionImpl(ASSIGN_EXPRESSION)
                                                            DLanguageCmpExpressionImpl(CMP_EXPRESSION)
                                                              DLanguageUnaryExpressionImpl(UNARY_EXPRESSION)
                                                                DLanguagePrimaryExpressionImpl(PRIMARY_EXPRESSION)
                                                                  DLanguageIdentifierOrTemplateInstanceImpl(IDENTIFIER_OR_TEMPLATE_INSTANCE)
                                                                    IDENTIFIER
                                                                      PsiElement(DLanguageTokenType.ID)('__va_argsave')
                                                        PsiElement(DLanguageTokenType.))(')')
                                            PsiElement(DLanguageTokenType.;)(';')
                                    PsiElement(DLanguageTokenType.else)('else')
                                    DLanguageDeclarationOrStatementImpl(DECLARATION_OR_STATEMENT)
                                      DLanguageDeclarationImpl(DECLARATION)
                                        DLanguageStaticAssertDeclarationImpl(STATIC_ASSERT_DECLARATION)
                                          DLanguageStaticAssertDeclarationImpl(STATIC_ASSERT_DECLARATION)
                                            DLanguageStaticAssertStatementImpl(STATIC_ASSERT_STATEMENT)
                                              DLanguageStaticAssertStatementImpl(STATIC_ASSERT_STATEMENT)
                                                PsiElement(DLanguageTokenType.static)('static')
                                                DLanguageAssertExpressionImpl(ASSERT_EXPRESSION)
                                                  PsiElement(DLanguageTokenType.assert)('assert')
                                                  PsiElement(DLanguageTokenType.()('(')
                                                  DLanguageAssignExpressionImpl(ASSIGN_EXPRESSION)
                                                    DLanguageCmpExpressionImpl(CMP_EXPRESSION)
                                                      DLanguageUnaryExpressionImpl(UNARY_EXPRESSION)
                                                        DLanguagePrimaryExpressionImpl(PRIMARY_EXPRESSION)
                                                          PsiElement(DLanguageTokenType.INTEGER_LITERAL)('0')
                                                  PsiElement(DLanguageTokenType.,)(',')
                                                  DLanguageAssignExpressionImpl(ASSIGN_EXPRESSION)
                                                    DLanguageCmpExpressionImpl(CMP_EXPRESSION)
                                                      DLanguageUnaryExpressionImpl(UNARY_EXPRESSION)
                                                        DLanguagePrimaryExpressionImpl(PRIMARY_EXPRESSION)
                                                          PsiElement(DLanguageTokenType.DOUBLE_QUOTED_STRING)('"Platform not supported."')
                                                  PsiElement(DLanguageTokenType.))(')')
                                                PsiElement(DLanguageTokenType.;)(';')
            DLanguageDeclarationOrStatementImpl(DECLARATION_OR_STATEMENT)
              DLanguageDeclarationImpl(DECLARATION)
                DLanguageVariableDeclarationImpl(VARIABLE_DECLARATION)
                  DLanguageTypeImpl(TYPE)
                    DLanguageType_2Impl(TYPE_2)
                      DLanguageBuiltinTypeImpl(BUILTIN_TYPE)
                        PsiElement(DLanguageTokenType.int)('int')
                  DECLARATOR
                    IDENTIFIER
                      PsiElement(DLanguageTokenType.ID)('z')
                  PsiElement(DLanguageTokenType.;)(';')
            DLanguageDeclarationOrStatementImpl(DECLARATION_OR_STATEMENT)
              DLanguageStatementImpl(STATEMENT)
                DLanguageStatementNoCaseNoDefaultImpl(STATEMENT_NO_CASE_NO_DEFAULT)
                  DLanguageExpressionStatementImpl(EXPRESSION_STATEMENT)
                    DLanguageExpressionImpl(EXPRESSION)
                      DLanguageAssignExpressionImpl(ASSIGN_EXPRESSION)
                        DLanguageCmpExpressionImpl(CMP_EXPRESSION)
                          DLanguageUnaryExpressionImpl(UNARY_EXPRESSION)
                            DLanguageFunctionCallExpressionImpl(FUNCTION_CALL_EXPRESSION)
                              DLanguageUnaryExpressionImpl(UNARY_EXPRESSION)
                                DLanguagePrimaryExpressionImpl(PRIMARY_EXPRESSION)
                                  DLanguageIdentifierOrTemplateInstanceImpl(IDENTIFIER_OR_TEMPLATE_INSTANCE)
                                    IDENTIFIER
                                      PsiElement(DLanguageTokenType.ID)('va_arg')
                              DLanguageArgumentsImpl(ARGUMENTS)
                                PsiElement(DLanguageTokenType.()('(')
                                DLanguageArgumentListImpl(ARGUMENT_LIST)
                                  DLanguageAssignExpressionImpl(ASSIGN_EXPRESSION)
                                    DLanguageCmpExpressionImpl(CMP_EXPRESSION)
                                      DLanguageUnaryExpressionImpl(UNARY_EXPRESSION)
                                        DLanguagePrimaryExpressionImpl(PRIMARY_EXPRESSION)
                                          DLanguageIdentifierOrTemplateInstanceImpl(IDENTIFIER_OR_TEMPLATE_INSTANCE)
                                            IDENTIFIER
                                              PsiElement(DLanguageTokenType.ID)('args')
                                  PsiElement(DLanguageTokenType.,)(',')
                                  DLanguageAssignExpressionImpl(ASSIGN_EXPRESSION)
                                    DLanguageCmpExpressionImpl(CMP_EXPRESSION)
                                      DLanguageUnaryExpressionImpl(UNARY_EXPRESSION)
                                        DLanguagePrimaryExpressionImpl(PRIMARY_EXPRESSION)
                                          DLanguageIdentifierOrTemplateInstanceImpl(IDENTIFIER_OR_TEMPLATE_INSTANCE)
                                            IDENTIFIER
                                              PsiElement(DLanguageTokenType.ID)('z')
                                PsiElement(DLanguageTokenType.))(')')
                    PsiElement(DLanguageTokenType.;)(';')
          PsiComment(DLanguageTokenType.LINE_COMMENT)('// z is set to 5')
          PsiElement(DLanguageTokenType.})('}')
