D Language File
  DLanguageDeclarationImpl(DECLARATION)
    STRUCT_DECLARATION
      PsiElement(DLanguageTokenType.struct)('struct')
      IDENTIFIER
        PsiElement(DLanguageTokenType.ID)('S')
      DLanguageStructBodyImpl(STRUCT_BODY)
        PsiElement(DLanguageTokenType.{)('{')
        DLanguageDeclarationImpl(DECLARATION)
          DLanguageTypeImpl(TYPE)
            DLanguageType_2Impl(TYPE_2)
              DLanguageBuiltinTypeImpl(BUILTIN_TYPE)
                PsiElement(DLanguageTokenType.int)('int')
          DLanguageVariableDeclarationImpl(VARIABLE_DECLARATION)
            DECLARATOR
              IDENTIFIER
                PsiElement(DLanguageTokenType.ID)('a')
            PsiElement(DLanguageTokenType.;)(';')
        DLanguageDeclarationImpl(DECLARATION)
          DLanguageAttributeImpl(ATTRIBUTE)
            DLanguageAtAttributeImpl(AT_ATTRIBUTE)
              PsiElement(DLanguageTokenType.@)('@')
              IDENTIFIER
                PsiElement(DLanguageTokenType.ID)('disable')
          CONSTRUCTOR
            PsiElement(DLanguageTokenType.this)('this')
            DLanguageParametersImpl(PARAMETERS)
              PsiElement(DLanguageTokenType.()('(')
              PsiElement(DLanguageTokenType.))(')')
            PsiElement(DLanguageTokenType.;)(';')
        DLanguageDeclarationImpl(DECLARATION)
          CONSTRUCTOR
            PsiElement(DLanguageTokenType.this)('this')
            DLanguageParametersImpl(PARAMETERS)
              PsiElement(DLanguageTokenType.()('(')
              PARAMETER
                DLanguageTypeImpl(TYPE)
                  DLanguageType_2Impl(TYPE_2)
                    DLanguageBuiltinTypeImpl(BUILTIN_TYPE)
                      PsiElement(DLanguageTokenType.int)('int')
                IDENTIFIER
                  PsiElement(DLanguageTokenType.ID)('n')
              PsiElement(DLanguageTokenType.))(')')
            DLanguageFunctionBodyImpl(FUNCTION_BODY)
              DLanguageBlockStatementImpl(BLOCK_STATEMENT)
                PsiElement(DLanguageTokenType.{)('{')
                DLanguageDeclarationsAndStatementsImpl(DECLARATIONS_AND_STATEMENTS)
                  DLanguageDeclarationOrStatementImpl(DECLARATION_OR_STATEMENT)
                    DLanguageStatementImpl(STATEMENT)
                      DLanguageStatementNoCaseNoDefaultImpl(STATEMENT_NO_CASE_NO_DEFAULT)
                        DLanguageExpressionStatementImpl(EXPRESSION_STATEMENT)
                          DLanguageExpressionImpl(EXPRESSION)
                            DLanguageAssignExpressionImpl(ASSIGN_EXPRESSION)
                              DLanguageCmpExpressionImpl(CMP_EXPRESSION)
                                DLanguageUnaryExpressionImpl(UNARY_EXPRESSION)
                                  DLanguagePrimaryExpressionImpl(PRIMARY_EXPRESSION)
                                    DLanguageIdentifierOrTemplateInstanceImpl(IDENTIFIER_OR_TEMPLATE_INSTANCE)
                                      IDENTIFIER
                                        PsiElement(DLanguageTokenType.ID)('a')
                              PsiElement(DLanguageTokenType.=)('=')
                              DLanguageAssignExpressionImpl(ASSIGN_EXPRESSION)
                                DLanguageCmpExpressionImpl(CMP_EXPRESSION)
                                  DLanguageUnaryExpressionImpl(UNARY_EXPRESSION)
                                    DLanguagePrimaryExpressionImpl(PRIMARY_EXPRESSION)
                                      DLanguageIdentifierOrTemplateInstanceImpl(IDENTIFIER_OR_TEMPLATE_INSTANCE)
                                        IDENTIFIER
                                          PsiElement(DLanguageTokenType.ID)('n')
                          PsiElement(DLanguageTokenType.;)(';')
                PsiElement(DLanguageTokenType.})('}')
        DLanguageDeclarationImpl(DECLARATION)
          DLanguageInvariantImpl(INVARIANT)
            PsiElement(DLanguageTokenType.invariant)('invariant')
            DLanguageBlockStatementImpl(BLOCK_STATEMENT)
              PsiElement(DLanguageTokenType.{)('{')
              DLanguageDeclarationsAndStatementsImpl(DECLARATIONS_AND_STATEMENTS)
                DLanguageDeclarationOrStatementImpl(DECLARATION_OR_STATEMENT)
                  DLanguageStatementImpl(STATEMENT)
                    DLanguageStatementNoCaseNoDefaultImpl(STATEMENT_NO_CASE_NO_DEFAULT)
                      DLanguageExpressionStatementImpl(EXPRESSION_STATEMENT)
                        DLanguageExpressionImpl(EXPRESSION)
                          DLanguageAssignExpressionImpl(ASSIGN_EXPRESSION)
                            DLanguageCmpExpressionImpl(CMP_EXPRESSION)
                              DLanguageUnaryExpressionImpl(UNARY_EXPRESSION)
                                DLanguageAssertExpressionImpl(ASSERT_EXPRESSION)
                                  PsiElement(DLanguageTokenType.assert)('assert')
                                  PsiElement(DLanguageTokenType.()('(')
                                  DLanguageAssignExpressionImpl(ASSIGN_EXPRESSION)
                                    DLanguageCmpExpressionImpl(CMP_EXPRESSION)
                                      DLanguageUnaryExpressionImpl(UNARY_EXPRESSION)
                                        DLanguagePrimaryExpressionImpl(PRIMARY_EXPRESSION)
                                          DLanguageIdentifierOrTemplateInstanceImpl(IDENTIFIER_OR_TEMPLATE_INSTANCE)
                                            IDENTIFIER
                                              PsiElement(DLanguageTokenType.ID)('a')
                                      DLanguageRelExpressionImpl(REL_EXPRESSION)
                                        PsiElement(DLanguageTokenType.>)('>')
                                        DLanguageUnaryExpressionImpl(UNARY_EXPRESSION)
                                          DLanguagePrimaryExpressionImpl(PRIMARY_EXPRESSION)
                                            PsiElement(DLanguageTokenType.INTEGER_LITERAL)('0')
                                  PsiElement(DLanguageTokenType.))(')')
                        PsiElement(DLanguageTokenType.;)(';')
              PsiElement(DLanguageTokenType.})('}')
        DLanguageDeclarationImpl(DECLARATION)
          DLanguageTypeImpl(TYPE)
            DLanguageType_2Impl(TYPE_2)
              DLanguageBuiltinTypeImpl(BUILTIN_TYPE)
                PsiElement(DLanguageTokenType.void)('void')
          FUNCTION_DECLARATION
            IDENTIFIER
              PsiElement(DLanguageTokenType.ID)('check')
            DLanguageParametersImpl(PARAMETERS)
              PsiElement(DLanguageTokenType.()('(')
              PsiElement(DLanguageTokenType.))(')')
            DLanguageFunctionBodyImpl(FUNCTION_BODY)
              DLanguageBlockStatementImpl(BLOCK_STATEMENT)
                PsiElement(DLanguageTokenType.{)('{')
                PsiElement(DLanguageTokenType.})('}')
        PsiElement(DLanguageTokenType.})('}')
  DLanguageDeclarationImpl(DECLARATION)
    DLanguageTypeImpl(TYPE)
      DLanguageType_2Impl(TYPE_2)
        DLanguageBuiltinTypeImpl(BUILTIN_TYPE)
          PsiElement(DLanguageTokenType.void)('void')
    FUNCTION_DECLARATION
      IDENTIFIER
        PsiElement(DLanguageTokenType.ID)('main')
      DLanguageParametersImpl(PARAMETERS)
        PsiElement(DLanguageTokenType.()('(')
        PsiElement(DLanguageTokenType.))(')')
      DLanguageFunctionBodyImpl(FUNCTION_BODY)
        DLanguageBlockStatementImpl(BLOCK_STATEMENT)
          PsiElement(DLanguageTokenType.{)('{')
          PsiComment(DLanguageTokenType.LINE_COMMENT)('//S s1;           // Error: variable s1 initializer required for type S')
          PsiComment(DLanguageTokenType.LINE_COMMENT)('//S s2 = S();     // Error: constructor S.this is not callable')
          PsiComment(DLanguageTokenType.LINE_COMMENT)('// because it is annotated with @disable')
          DLanguageDeclarationsAndStatementsImpl(DECLARATIONS_AND_STATEMENTS)
            DLanguageDeclarationOrStatementImpl(DECLARATION_OR_STATEMENT)
              DLanguageDeclarationImpl(DECLARATION)
                DLanguageTypeImpl(TYPE)
                  DLanguageType_2Impl(TYPE_2)
                    DLanguageSymbolImpl(SYMBOL)
                      DLanguageIdentifierOrTemplateChainImpl(IDENTIFIER_OR_TEMPLATE_CHAIN)
                        DLanguageIdentifierOrTemplateInstanceImpl(IDENTIFIER_OR_TEMPLATE_INSTANCE)
                          IDENTIFIER
                            PsiElement(DLanguageTokenType.ID)('S')
                DLanguageVariableDeclarationImpl(VARIABLE_DECLARATION)
                  DECLARATOR
                    IDENTIFIER
                      PsiElement(DLanguageTokenType.ID)('s3')
                    PsiElement(DLanguageTokenType.=)('=')
                    DLanguageInitializerImpl(INITIALIZER)
                      DLanguageNonVoidInitializerImpl(NON_VOID_INITIALIZER)
                        DLanguageAssignExpressionImpl(ASSIGN_EXPRESSION)
                          DLanguageCmpExpressionImpl(CMP_EXPRESSION)
                            DLanguageUnaryExpressionImpl(UNARY_EXPRESSION)
                              DLanguagePrimaryExpressionImpl(PRIMARY_EXPRESSION)
                                DLanguageIdentifierOrTemplateInstanceImpl(IDENTIFIER_OR_TEMPLATE_INSTANCE)
                                  IDENTIFIER
                                    PsiElement(DLanguageTokenType.ID)('S')
                              PsiElement(DLanguageTokenType..)('.')
                              DLanguageIdentifierOrTemplateInstanceImpl(IDENTIFIER_OR_TEMPLATE_INSTANCE)
                                IDENTIFIER
                                  PsiElement(DLanguageTokenType.ID)('init')
                  PsiElement(DLanguageTokenType.;)(';')
            PsiComment(DLanguageTokenType.LINE_COMMENT)('// Bad. s3.a == 0, and it violates the invariant of S.')
            DLanguageDeclarationOrStatementImpl(DECLARATION_OR_STATEMENT)
              DLanguageStatementImpl(STATEMENT)
                DLanguageStatementNoCaseNoDefaultImpl(STATEMENT_NO_CASE_NO_DEFAULT)
                  DLanguageExpressionStatementImpl(EXPRESSION_STATEMENT)
                    DLanguageExpressionImpl(EXPRESSION)
                      DLanguageAssignExpressionImpl(ASSIGN_EXPRESSION)
                        DLanguageCmpExpressionImpl(CMP_EXPRESSION)
                          DLanguageUnaryExpressionImpl(UNARY_EXPRESSION)
                            DLanguageFunctionCallExpressionImpl(FUNCTION_CALL_EXPRESSION)
                              DLanguageUnaryExpressionImpl(UNARY_EXPRESSION)
                                DLanguagePrimaryExpressionImpl(PRIMARY_EXPRESSION)
                                  DLanguageIdentifierOrTemplateInstanceImpl(IDENTIFIER_OR_TEMPLATE_INSTANCE)
                                    IDENTIFIER
                                      PsiElement(DLanguageTokenType.ID)('s3')
                                PsiElement(DLanguageTokenType..)('.')
                                DLanguageIdentifierOrTemplateInstanceImpl(IDENTIFIER_OR_TEMPLATE_INSTANCE)
                                  IDENTIFIER
                                    PsiElement(DLanguageTokenType.ID)('check')
                              DLanguageArgumentsImpl(ARGUMENTS)
                                PsiElement(DLanguageTokenType.()('(')
                                PsiElement(DLanguageTokenType.))(')')
                    PsiElement(DLanguageTokenType.;)(';')
          PsiComment(DLanguageTokenType.LINE_COMMENT)('// Assertion failure.')
          PsiElement(DLanguageTokenType.})('}')