D Language File
  DLanguageDeclarationImpl(DECLARATION)
    FUNCTION_DECLARATION
      DLanguageTypeImpl(TYPE)
        DLanguageType_2Impl(TYPE_2)
          DLanguageBuiltinTypeImpl(BUILTIN_TYPE)
            PsiElement(DLanguageTokenType.void)('void')
      IDENTIFIER
        PsiElement(DLanguageTokenType.ID)('test')
      DLanguageParametersImpl(PARAMETERS)
        PsiElement(DLanguageTokenType.()('(')
        PsiElement(DLanguageTokenType.))(')')
      DLanguageFunctionBodyImpl(FUNCTION_BODY)
        DLanguageBlockStatementImpl(BLOCK_STATEMENT)
          PsiElement(DLanguageTokenType.{)('{')
          DLanguageDeclarationsAndStatementsImpl(DECLARATIONS_AND_STATEMENTS)
            DLanguageDeclarationOrStatementImpl(DECLARATION_OR_STATEMENT)
              DLanguageStatementImpl(STATEMENT)
                DLanguageStatementNoCaseNoDefaultImpl(STATEMENT_NO_CASE_NO_DEFAULT)
                  DLanguageForeachStatementImpl(FOREACH_STATEMENT)
                    PsiElement(DLanguageTokenType.foreach)('foreach')
                    PsiElement(DLanguageTokenType.()('(')
                    DLanguageForeachTypeListImpl(FOREACH_TYPE_LIST)
                      FOREACH_TYPE
                        DLanguageTypeImpl(TYPE)
                          DLanguageType_2Impl(TYPE_2)
                            DLanguageBuiltinTypeImpl(BUILTIN_TYPE)
                              PsiElement(DLanguageTokenType.char)('char')
                        IDENTIFIER
                          PsiElement(DLanguageTokenType.ID)('c')
                    PsiElement(DLanguageTokenType.;)(';')
                    DLanguageExpressionImpl(EXPRESSION)
                      DLanguageAssignExpressionImpl(ASSIGN_EXPRESSION)
                        DLanguageCmpExpressionImpl(CMP_EXPRESSION)
                          DLanguageUnaryExpressionImpl(UNARY_EXPRESSION)
                            DLanguagePrimaryExpressionImpl(PRIMARY_EXPRESSION)
                              PsiElement(DLanguageTokenType.DOUBLE_QUOTED_STRING)('"ab"')
                    PsiElement(DLanguageTokenType.))(')')
                    DLanguageDeclarationOrStatementImpl(DECLARATION_OR_STATEMENT)
                      DLanguageStatementImpl(STATEMENT)
                        DLanguageStatementNoCaseNoDefaultImpl(STATEMENT_NO_CASE_NO_DEFAULT)
                          DLanguageBlockStatementImpl(BLOCK_STATEMENT)
                            PsiElement(DLanguageTokenType.{)('{')
                            DLanguageDeclarationsAndStatementsImpl(DECLARATIONS_AND_STATEMENTS)
                              DLanguageDeclarationOrStatementImpl(DECLARATION_OR_STATEMENT)
                                DLanguageStatementImpl(STATEMENT)
                                  DLanguageStatementNoCaseNoDefaultImpl(STATEMENT_NO_CASE_NO_DEFAULT)
                                    DLanguageExpressionStatementImpl(EXPRESSION_STATEMENT)
                                      DLanguageExpressionImpl(EXPRESSION)
                                        DLanguageAssignExpressionImpl(ASSIGN_EXPRESSION)
                                          DLanguageCmpExpressionImpl(CMP_EXPRESSION)
                                            DLanguageUnaryExpressionImpl(UNARY_EXPRESSION)
                                              DLanguageFunctionCallExpressionImpl(FUNCTION_CALL_EXPRESSION)
                                                DLanguageUnaryExpressionImpl(UNARY_EXPRESSION)
                                                  DLanguagePrimaryExpressionImpl(PRIMARY_EXPRESSION)
                                                    DLanguageIdentifierOrTemplateInstanceImpl(IDENTIFIER_OR_TEMPLATE_INSTANCE)
                                                      IDENTIFIER
                                                        PsiElement(DLanguageTokenType.ID)('writefln')
                                                DLanguageArgumentsImpl(ARGUMENTS)
                                                  PsiElement(DLanguageTokenType.()('(')
                                                  DLanguageArgumentListImpl(ARGUMENT_LIST)
                                                    DLanguageAssignExpressionImpl(ASSIGN_EXPRESSION)
                                                      DLanguageCmpExpressionImpl(CMP_EXPRESSION)
                                                        DLanguageUnaryExpressionImpl(UNARY_EXPRESSION)
                                                          DLanguagePrimaryExpressionImpl(PRIMARY_EXPRESSION)
                                                            PsiElement(DLanguageTokenType.DOUBLE_QUOTED_STRING)('"'%s'"')
                                                    PsiElement(DLanguageTokenType.,)(',')
                                                    DLanguageAssignExpressionImpl(ASSIGN_EXPRESSION)
                                                      DLanguageCmpExpressionImpl(CMP_EXPRESSION)
                                                        DLanguageUnaryExpressionImpl(UNARY_EXPRESSION)
                                                          DLanguagePrimaryExpressionImpl(PRIMARY_EXPRESSION)
                                                            DLanguageIdentifierOrTemplateInstanceImpl(IDENTIFIER_OR_TEMPLATE_INSTANCE)
                                                              IDENTIFIER
                                                                PsiElement(DLanguageTokenType.ID)('c')
                                                  PsiElement(DLanguageTokenType.))(')')
                                      PsiElement(DLanguageTokenType.;)(';')
                            PsiElement(DLanguageTokenType.})('}')
            DLanguageDeclarationOrStatementImpl(DECLARATION_OR_STATEMENT)
              DLanguageStatementImpl(STATEMENT)
                DLanguageStatementNoCaseNoDefaultImpl(STATEMENT_NO_CASE_NO_DEFAULT)
                  DLanguageForeachStatementImpl(FOREACH_STATEMENT)
                    PsiElement(DLanguageTokenType.foreach)('foreach')
                    PsiElement(DLanguageTokenType.()('(')
                    DLanguageForeachTypeListImpl(FOREACH_TYPE_LIST)
                      FOREACH_TYPE
                        DLanguageTypeImpl(TYPE)
                          DLanguageType_2Impl(TYPE_2)
                            DLanguageBuiltinTypeImpl(BUILTIN_TYPE)
                              PsiElement(DLanguageTokenType.wchar)('wchar')
                        IDENTIFIER
                          PsiElement(DLanguageTokenType.ID)('w')
                    PsiElement(DLanguageTokenType.;)(';')
                    DLanguageExpressionImpl(EXPRESSION)
                      DLanguageAssignExpressionImpl(ASSIGN_EXPRESSION)
                        DLanguageCmpExpressionImpl(CMP_EXPRESSION)
                          DLanguageUnaryExpressionImpl(UNARY_EXPRESSION)
                            DLanguagePrimaryExpressionImpl(PRIMARY_EXPRESSION)
                              PsiElement(DLanguageTokenType.DOUBLE_QUOTED_STRING)('"xy"')
                    PsiElement(DLanguageTokenType.))(')')
                    DLanguageDeclarationOrStatementImpl(DECLARATION_OR_STATEMENT)
                      DLanguageStatementImpl(STATEMENT)
                        DLanguageStatementNoCaseNoDefaultImpl(STATEMENT_NO_CASE_NO_DEFAULT)
                          DLanguageBlockStatementImpl(BLOCK_STATEMENT)
                            PsiElement(DLanguageTokenType.{)('{')
                            DLanguageDeclarationsAndStatementsImpl(DECLARATIONS_AND_STATEMENTS)
                              DLanguageDeclarationOrStatementImpl(DECLARATION_OR_STATEMENT)
                                DLanguageStatementImpl(STATEMENT)
                                  DLanguageStatementNoCaseNoDefaultImpl(STATEMENT_NO_CASE_NO_DEFAULT)
                                    DLanguageExpressionStatementImpl(EXPRESSION_STATEMENT)
                                      DLanguageExpressionImpl(EXPRESSION)
                                        DLanguageAssignExpressionImpl(ASSIGN_EXPRESSION)
                                          DLanguageCmpExpressionImpl(CMP_EXPRESSION)
                                            DLanguageUnaryExpressionImpl(UNARY_EXPRESSION)
                                              DLanguageFunctionCallExpressionImpl(FUNCTION_CALL_EXPRESSION)
                                                DLanguageUnaryExpressionImpl(UNARY_EXPRESSION)
                                                  DLanguagePrimaryExpressionImpl(PRIMARY_EXPRESSION)
                                                    DLanguageIdentifierOrTemplateInstanceImpl(IDENTIFIER_OR_TEMPLATE_INSTANCE)
                                                      IDENTIFIER
                                                        PsiElement(DLanguageTokenType.ID)('writefln')
                                                DLanguageArgumentsImpl(ARGUMENTS)
                                                  PsiElement(DLanguageTokenType.()('(')
                                                  DLanguageArgumentListImpl(ARGUMENT_LIST)
                                                    DLanguageAssignExpressionImpl(ASSIGN_EXPRESSION)
                                                      DLanguageCmpExpressionImpl(CMP_EXPRESSION)
                                                        DLanguageUnaryExpressionImpl(UNARY_EXPRESSION)
                                                          DLanguagePrimaryExpressionImpl(PRIMARY_EXPRESSION)
                                                            PsiElement(DLanguageTokenType.DOUBLE_QUOTED_STRING)('"'%s'"')
                                                    PsiElement(DLanguageTokenType.,)(',')
                                                    DLanguageAssignExpressionImpl(ASSIGN_EXPRESSION)
                                                      DLanguageCmpExpressionImpl(CMP_EXPRESSION)
                                                        DLanguageUnaryExpressionImpl(UNARY_EXPRESSION)
                                                          DLanguagePrimaryExpressionImpl(PRIMARY_EXPRESSION)
                                                            DLanguageIdentifierOrTemplateInstanceImpl(IDENTIFIER_OR_TEMPLATE_INSTANCE)
                                                              IDENTIFIER
                                                                PsiElement(DLanguageTokenType.ID)('w')
                                                  PsiElement(DLanguageTokenType.))(')')
                                      PsiElement(DLanguageTokenType.;)(';')
                            PsiElement(DLanguageTokenType.})('}')
          PsiElement(DLanguageTokenType.})('}')