D Language File
  DLanguageDeclarationImpl(DECLARATION)
    DLanguageTypeImpl(TYPE)
      DLanguageTypeImpl(TYPE)
        PsiElement(DLanguageTokenType.int)('int')
    DLanguageVarDeclarationsImpl(VAR_DECLARATIONS)
      DLanguageDeclaratorImpl(DECLARATOR)
        IDENTIFIER
          PsiElement(DLanguageTokenType.ID)('a')
      PsiElement(DLanguageTokenType.;)(';')
  PsiComment(DLanguageTokenType.LINE_COMMENT)('// declare a as type int and initialize it to 0')
  DLanguageDeclarationImpl(DECLARATION)
    STRUCT_DECLARATION
      PsiElement(DLanguageTokenType.struct)('struct')
      IDENTIFIER
        PsiElement(DLanguageTokenType.ID)('S')
      DLanguageAggregateBodyImpl(AGGREGATE_BODY)
        PsiElement(DLanguageTokenType.{)('{')
        PsiElement(DLanguageTokenType.})('}')
  PsiComment(DLanguageTokenType.LINE_COMMENT)('// declare struct s')
  DLanguageDeclarationImpl(DECLARATION)
    DLanguageAliasDeclarationImpl(ALIAS_DECLARATION)
      PsiElement(DLanguageTokenType.alias)('alias')
      ALIAS_DECLARATION_Y
        IDENTIFIER
          PsiElement(DLanguageTokenType.ID)('myint')
        PsiElement(DLanguageTokenType.=)('=')
        DLanguageTypeImpl(TYPE)
          DLanguageTypeImpl(TYPE)
            PsiElement(DLanguageTokenType.int)('int')
      PsiElement(DLanguageTokenType.;)(';')