D Language File
  DLanguageDeclDefsImpl(DECL_DEFS)
    DLanguageDeclDefImpl(DECL_DEF)
      DLanguageDeclarationImpl(DECLARATION)
        DLanguageVarDeclarationsImpl(VAR_DECLARATIONS)
          DLanguageBasicTypeImpl(BASIC_TYPE)
            DLanguageBasicTypeXImpl(BASIC_TYPE_X)
              PsiElement(DLanguageTokenType.int)('int')
          DLanguageDeclaratorsImpl(DECLARATORS)
            DECLARATOR_INITIALIZER
              DLanguageVarDeclaratorImpl(VAR_DECLARATOR)
                IDENTIFIER
                  PsiElement(DLanguageTokenType.ID)('i')
              PsiElement(DLanguageTokenType.=)('=')
              DLanguageInitializerImpl(INITIALIZER)
                DLanguageNonVoidInitializerImpl(NON_VOID_INITIALIZER)
                  DLanguageAssignExpressionImpl(ASSIGN_EXPRESSION)
                    DLanguageUnaryExpressionImpl(UNARY_EXPRESSION)
                      DLanguagePostfixExpressionImpl(POSTFIX_EXPRESSION)
                        DLanguagePrimaryExpressionImpl(PRIMARY_EXPRESSION)
                          PsiElement(DLanguageTokenType.INTEGER_LITERAL)('0')
          PsiElement(DLanguageTokenType.;)(';')
  DLanguageStatementImpl(STATEMENT)
    DLanguageNonEmptyStatementImpl(NON_EMPTY_STATEMENT)
      DLanguageDoStatementImpl(DO_STATEMENT)
        PsiElement(DLanguageTokenType.do)('do')
        DLanguageScopeStatementImpl(SCOPE_STATEMENT)
          DLanguageNonEmptyStatementImpl(NON_EMPTY_STATEMENT)
            DLanguageBlockStatementImpl(BLOCK_STATEMENT)
              PsiElement(DLanguageTokenType.{)('{')
              DLanguageStatementListImpl(STATEMENT_LIST)
                DLanguageStatementImpl(STATEMENT)
                  DLanguageNonEmptyStatementImpl(NON_EMPTY_STATEMENT)
                    DLanguageDeclarationStatementImpl(DECLARATION_STATEMENT)
                      DLanguageDeclarationImpl(DECLARATION)
                        DLanguageVarDeclarationsImpl(VAR_DECLARATIONS)
                          DLanguageBasicTypeImpl(BASIC_TYPE)
                            DLanguageIdentifierListImpl(IDENTIFIER_LIST)
                              IDENTIFIER
                                PsiElement(DLanguageTokenType.ID)('foo')
                          DLanguageDeclaratorsImpl(DECLARATORS)
                            DECLARATOR_INITIALIZER
                              DLanguageAltDeclaratorImpl(ALT_DECLARATOR)
                                PsiElement(DLanguageTokenType.()('(')
                                DLanguageAltDeclaratorXImpl(ALT_DECLARATOR_X)
                                  IDENTIFIER
                                    PsiElement(DLanguageTokenType.ID)('i')
                                PsiElement(DLanguageTokenType.))(')')
                          PsiElement(DLanguageTokenType.;)(';')
              PsiElement(DLanguageTokenType.})('}')
        PsiElement(DLanguageTokenType.while)('while')
        PsiElement(DLanguageTokenType.()('(')
        DLanguageCommaExpressionImpl(COMMA_EXPRESSION)
          DLanguageAssignExpressionImpl(ASSIGN_EXPRESSION)
            DLanguageUnaryExpressionImpl(UNARY_EXPRESSION)
              PsiElement(DLanguageTokenType.++)('++')
              DLanguageUnaryExpressionImpl(UNARY_EXPRESSION)
                DLanguagePostfixExpressionImpl(POSTFIX_EXPRESSION)
                  DLanguagePrimaryExpressionImpl(PRIMARY_EXPRESSION)
                    IDENTIFIER
                      PsiElement(DLanguageTokenType.ID)('i')
            DLanguageRelExpressionImpl(REL_EXPRESSION)
              PsiElement(DLanguageTokenType.<)('<')
              DLanguageUnaryExpressionImpl(UNARY_EXPRESSION)
                DLanguagePostfixExpressionImpl(POSTFIX_EXPRESSION)
                  DLanguagePrimaryExpressionImpl(PRIMARY_EXPRESSION)
                    PsiElement(DLanguageTokenType.INTEGER_LITERAL)('10')
        PsiElement(DLanguageTokenType.))(')')
        PsiElement(DLanguageTokenType.;)(';')