D Language File
  DLanguageDeclarationImpl(DECLARATION)
    UNITTEST
      UNITTEST
        PsiElement(DLanguageTokenType.unittest)('unittest')
        DLanguageBlockStatementImpl(BLOCK_STATEMENT)
          PsiElement(DLanguageTokenType.{)('{')
          DLanguageDeclarationsAndStatementsImpl(DECLARATIONS_AND_STATEMENTS)
            DLanguageDeclarationOrStatementImpl(DECLARATION_OR_STATEMENT)
              DLanguageDeclarationImpl(DECLARATION)
                DLanguageTypeImpl(TYPE)
                  DLanguageType_2Impl(TYPE_2)
                    DLanguageBuiltinTypeImpl(BUILTIN_TYPE)
                      PsiElement(DLanguageTokenType.double)('double')
                  DLanguageTypeSuffixImpl(TYPE_SUFFIX)
                    PsiElement(DLanguageTokenType.[)('[')
                    DLanguageTypeImpl(TYPE)
                      DLanguageType_2Impl(TYPE_2)
                        DLanguageSymbolImpl(SYMBOL)
                          DLanguageIdentifierOrTemplateChainImpl(IDENTIFIER_OR_TEMPLATE_CHAIN)
                            DLanguageIdentifierOrTemplateInstanceImpl(IDENTIFIER_OR_TEMPLATE_INSTANCE)
                              IDENTIFIER
                                PsiElement(DLanguageTokenType.ID)('string')
                    PsiElement(DLanguageTokenType.])(']')
                DLanguageVariableDeclarationImpl(VARIABLE_DECLARATION)
                  DECLARATOR
                    IDENTIFIER
                      PsiElement(DLanguageTokenType.ID)('a')
                  PsiElement(DLanguageTokenType.;)(';')
            PsiComment(DLanguageTokenType.LINE_COMMENT)('// index type is string, value type is double')
            DLanguageDeclarationOrStatementImpl(DECLARATION_OR_STATEMENT)
              DLanguageStatementImpl(STATEMENT)
                DLanguageStatementNoCaseNoDefaultImpl(STATEMENT_NO_CASE_NO_DEFAULT)
                  DLanguageForeachStatementImpl(FOREACH_STATEMENT)
                    PsiElement(DLanguageTokenType.foreach)('foreach')
                    PsiElement(DLanguageTokenType.()('(')
                    DLanguageForeachTypeListImpl(FOREACH_TYPE_LIST)
                      FOREACH_TYPE
                        DLanguageTypeImpl(TYPE)
                          DLanguageType_2Impl(TYPE_2)
                            DLanguageSymbolImpl(SYMBOL)
                              DLanguageIdentifierOrTemplateChainImpl(IDENTIFIER_OR_TEMPLATE_CHAIN)
                                DLanguageIdentifierOrTemplateInstanceImpl(IDENTIFIER_OR_TEMPLATE_INSTANCE)
                                  IDENTIFIER
                                    PsiElement(DLanguageTokenType.ID)('string')
                        IDENTIFIER
                          PsiElement(DLanguageTokenType.ID)('s')
                      PsiElement(DLanguageTokenType.,)(',')
                      FOREACH_TYPE
                        DLanguageTypeImpl(TYPE)
                          DLanguageType_2Impl(TYPE_2)
                            DLanguageBuiltinTypeImpl(BUILTIN_TYPE)
                              PsiElement(DLanguageTokenType.double)('double')
                        IDENTIFIER
                          PsiElement(DLanguageTokenType.ID)('d')
                    PsiElement(DLanguageTokenType.;)(';')
                    DLanguageExpressionImpl(EXPRESSION)
                      DLanguageCmpExpressionImpl(CMP_EXPRESSION)
                        DLanguageUnaryExpressionImpl(UNARY_EXPRESSION)
                          DLanguagePrimaryExpressionImpl(PRIMARY_EXPRESSION)
                            DLanguageIdentifierOrTemplateInstanceImpl(IDENTIFIER_OR_TEMPLATE_INSTANCE)
                              IDENTIFIER
                                PsiElement(DLanguageTokenType.ID)('a')
                    PsiElement(DLanguageTokenType.))(')')
                    DLanguageDeclarationOrStatementImpl(DECLARATION_OR_STATEMENT)
                      DLanguageStatementImpl(STATEMENT)
                        DLanguageStatementNoCaseNoDefaultImpl(STATEMENT_NO_CASE_NO_DEFAULT)
                          DLanguageBlockStatementImpl(BLOCK_STATEMENT)
                            PsiElement(DLanguageTokenType.{)('{')
                            DLanguageDeclarationsAndStatementsImpl(DECLARATIONS_AND_STATEMENTS)
                              DLanguageDeclarationOrStatementImpl(DECLARATION_OR_STATEMENT)
                                DLanguageStatementImpl(STATEMENT)
                                  DLanguageStatementNoCaseNoDefaultImpl(STATEMENT_NO_CASE_NO_DEFAULT)
                                    DLanguageExpressionStatementImpl(EXPRESSION_STATEMENT)
                                      DLanguageExpressionImpl(EXPRESSION)
                                        DLanguageCmpExpressionImpl(CMP_EXPRESSION)
                                          DLanguageUnaryExpressionImpl(UNARY_EXPRESSION)
                                            DLanguageFunctionCallExpressionImpl(FUNCTION_CALL_EXPRESSION)
                                              DLanguageUnaryExpressionImpl(UNARY_EXPRESSION)
                                                DLanguagePrimaryExpressionImpl(PRIMARY_EXPRESSION)
                                                  DLanguageIdentifierOrTemplateInstanceImpl(IDENTIFIER_OR_TEMPLATE_INSTANCE)
                                                    IDENTIFIER
                                                      PsiElement(DLanguageTokenType.ID)('writefln')
                                              DLanguageArgumentsImpl(ARGUMENTS)
                                                PsiElement(DLanguageTokenType.()('(')
                                                DLanguageArgumentListImpl(ARGUMENT_LIST)
                                                  DLanguageCmpExpressionImpl(CMP_EXPRESSION)
                                                    DLanguageUnaryExpressionImpl(UNARY_EXPRESSION)
                                                      DLanguagePrimaryExpressionImpl(PRIMARY_EXPRESSION)
                                                        PsiElement(DLanguageTokenType.DOUBLE_QUOTED_STRING)('"a['%s'] = %g"')
                                                  PsiElement(DLanguageTokenType.,)(',')
                                                  DLanguageCmpExpressionImpl(CMP_EXPRESSION)
                                                    DLanguageUnaryExpressionImpl(UNARY_EXPRESSION)
                                                      DLanguagePrimaryExpressionImpl(PRIMARY_EXPRESSION)
                                                        DLanguageIdentifierOrTemplateInstanceImpl(IDENTIFIER_OR_TEMPLATE_INSTANCE)
                                                          IDENTIFIER
                                                            PsiElement(DLanguageTokenType.ID)('s')
                                                  PsiElement(DLanguageTokenType.,)(',')
                                                  DLanguageCmpExpressionImpl(CMP_EXPRESSION)
                                                    DLanguageUnaryExpressionImpl(UNARY_EXPRESSION)
                                                      DLanguagePrimaryExpressionImpl(PRIMARY_EXPRESSION)
                                                        DLanguageIdentifierOrTemplateInstanceImpl(IDENTIFIER_OR_TEMPLATE_INSTANCE)
                                                          IDENTIFIER
                                                            PsiElement(DLanguageTokenType.ID)('d')
                                                PsiElement(DLanguageTokenType.))(')')
                                      PsiElement(DLanguageTokenType.;)(';')
                            PsiElement(DLanguageTokenType.})('}')
          PsiElement(DLanguageTokenType.})('}')