D Language File
  DLanguageDeclDefsImpl(DECL_DEFS)
    DLanguageDeclDefImpl(DECL_DEF)
      DLanguageDeclarationImpl(DECLARATION)
        FUNC_DECLARATION
          DLanguageBasicTypeImpl(BASIC_TYPE)
            DLanguageBasicTypeXImpl(BASIC_TYPE_X)
              PsiElement(DLanguageTokenType.void)('void')
          IDENTIFIER
            PsiElement(DLanguageTokenType.ID)('foo')
          DLanguageTemplateParametersImpl(TEMPLATE_PARAMETERS)
            PsiElement(DLanguageTokenType.()('(')
            DLanguageTemplateParameterListImpl(TEMPLATE_PARAMETER_LIST)
              TEMPLATE_PARAMETER
                DLanguageTemplateTypeParameterImpl(TEMPLATE_TYPE_PARAMETER)
                  DLanguageTypeImpl(TYPE)
                    DLanguageBasicTypeImpl(BASIC_TYPE)
                      DLanguageIdentifierListImpl(IDENTIFIER_LIST)
                        IDENTIFIER
                          PsiElement(DLanguageTokenType.ID)('T')
            PsiElement(DLanguageTokenType.))(')')
          DLanguageParametersImpl(PARAMETERS)
            PsiElement(DLanguageTokenType.()('(')
            PsiElement(DLanguageTokenType.))(')')
          DLanguageFunctionBodyImpl(FUNCTION_BODY)
            DLanguageBlockStatementImpl(BLOCK_STATEMENT)
              PsiElement(DLanguageTokenType.{)('{')
              PsiElement(DLanguageTokenType.})('}')
    DLanguageDeclDefImpl(DECL_DEF)
      DLanguageStaticAssertImpl(STATIC_ASSERT)
        PsiElement(DLanguageTokenType.static)('static')
        PsiElement(DLanguageTokenType.assert)('assert')
        PsiElement(DLanguageTokenType.()('(')
        DLanguageAssignExpressionImpl(ASSIGN_EXPRESSION)
          DLanguagePostfixExpressionImpl(POSTFIX_EXPRESSION)
            DLanguagePrimaryExpressionImpl(PRIMARY_EXPRESSION)
              DLanguageTraitsExpressionImpl(TRAITS_EXPRESSION)
                PsiElement(DLanguageTokenType.__traits)('__traits')
                PsiElement(DLanguageTokenType.()('(')
                DLanguageTraitsKeywordImpl(TRAITS_KEYWORD)
                  PsiElement(DLanguageTokenType.ID)('isTemplate')
                PsiElement(DLanguageTokenType.,)(',')
                DLanguageTraitsArgumentsImpl(TRAITS_ARGUMENTS)
                  DLanguageTraitsArgumentImpl(TRAITS_ARGUMENT)
                    DLanguageAssignExpressionImpl(ASSIGN_EXPRESSION)
                      DLanguagePostfixExpressionImpl(POSTFIX_EXPRESSION)
                        DLanguagePrimaryExpressionImpl(PRIMARY_EXPRESSION)
                          IDENTIFIER
                            PsiElement(DLanguageTokenType.ID)('foo')
                PsiElement(DLanguageTokenType.))(')')
        PsiElement(DLanguageTokenType.))(')')
        PsiElement(DLanguageTokenType.;)(';')
    DLanguageDeclDefImpl(DECL_DEF)
      DLanguageStaticAssertImpl(STATIC_ASSERT)
        PsiElement(DLanguageTokenType.static)('static')
        PsiElement(DLanguageTokenType.assert)('assert')
        PsiElement(DLanguageTokenType.()('(')
        DLanguageAssignExpressionImpl(ASSIGN_EXPRESSION)
          PsiElement(DLanguageTokenType.!)('!')
          DLanguagePostfixExpressionImpl(POSTFIX_EXPRESSION)
            DLanguagePrimaryExpressionImpl(PRIMARY_EXPRESSION)
              DLanguageTraitsExpressionImpl(TRAITS_EXPRESSION)
                PsiElement(DLanguageTokenType.__traits)('__traits')
                PsiElement(DLanguageTokenType.()('(')
                DLanguageTraitsKeywordImpl(TRAITS_KEYWORD)
                  PsiElement(DLanguageTokenType.ID)('isTemplate')
                PsiElement(DLanguageTokenType.,)(',')
                DLanguageTraitsArgumentsImpl(TRAITS_ARGUMENTS)
                  DLanguageTraitsArgumentImpl(TRAITS_ARGUMENT)
                    DLanguageAssignExpressionImpl(ASSIGN_EXPRESSION)
                      DLanguagePostfixExpressionImpl(POSTFIX_EXPRESSION)
                        DLanguagePrimaryExpressionImpl(PRIMARY_EXPRESSION)
                          DLanguageTemplateInstanceImpl(TEMPLATE_INSTANCE)
                            IDENTIFIER
                              PsiElement(DLanguageTokenType.ID)('foo')
                            DLanguageTemplateArgumentsImpl(TEMPLATE_ARGUMENTS)
                              PsiElement(DLanguageTokenType.!)('!')
                              DLanguageTemplateSingleArgumentImpl(TEMPLATE_SINGLE_ARGUMENT)
                                DLanguageBasicTypeXImpl(BASIC_TYPE_X)
                                  PsiElement(DLanguageTokenType.int)('int')
                      DLanguagePostfixExpressionImpl(POSTFIX_EXPRESSION)
                        DLanguagePrimaryExpressionImpl(PRIMARY_EXPRESSION)
                          DLanguageFunctionLiteralImpl(FUNCTION_LITERAL)
                            DLanguageParameterMemberAttributesImpl(PARAMETER_MEMBER_ATTRIBUTES)
                              DLanguageParametersImpl(PARAMETERS)
                                PsiElement(DLanguageTokenType.()('(')
                                PsiElement(DLanguageTokenType.))(')')
                PsiElement(DLanguageTokenType.))(')')
        PsiElement(DLanguageTokenType.))(')')
        PsiElement(DLanguageTokenType.;)(';')
    DLanguageDeclDefImpl(DECL_DEF)
      DLanguageStaticAssertImpl(STATIC_ASSERT)
        PsiElement(DLanguageTokenType.static)('static')
        PsiElement(DLanguageTokenType.assert)('assert')
        PsiElement(DLanguageTokenType.()('(')
        DLanguageAssignExpressionImpl(ASSIGN_EXPRESSION)
          PsiElement(DLanguageTokenType.!)('!')
          DLanguagePostfixExpressionImpl(POSTFIX_EXPRESSION)
            DLanguagePrimaryExpressionImpl(PRIMARY_EXPRESSION)
              DLanguageTraitsExpressionImpl(TRAITS_EXPRESSION)
                PsiElement(DLanguageTokenType.__traits)('__traits')
                PsiElement(DLanguageTokenType.()('(')
                DLanguageTraitsKeywordImpl(TRAITS_KEYWORD)
                  PsiElement(DLanguageTokenType.ID)('isTemplate')
                PsiElement(DLanguageTokenType.,)(',')
                DLanguageTraitsArgumentsImpl(TRAITS_ARGUMENTS)
                  DLanguageTraitsArgumentImpl(TRAITS_ARGUMENT)
                    DLanguageAssignExpressionImpl(ASSIGN_EXPRESSION)
                      DLanguagePostfixExpressionImpl(POSTFIX_EXPRESSION)
                        DLanguagePrimaryExpressionImpl(PRIMARY_EXPRESSION)
                          DLanguageStringLiteralsImpl(STRING_LITERALS)
                            DLanguageStringLiteralImpl(STRING_LITERAL)
                              PsiElement(DLanguageTokenType.DOUBLE_QUOTED_STRING)('"string"')
                PsiElement(DLanguageTokenType.))(')')
        PsiElement(DLanguageTokenType.))(')')
        PsiElement(DLanguageTokenType.;)(';')