DLanguageTokenType.class ('class')
WHITE_SPACE (' ')
DLanguageTokenType.ID ('Date')
WHITE_SPACE ('\n')
DLanguageTokenType.{ ('{')
WHITE_SPACE ('\n')
WHITE_SPACE ('    ')
DLanguageTokenType.int ('int')
WHITE_SPACE (' ')
DLanguageTokenType.ID ('day')
DLanguageTokenType.; (';')
WHITE_SPACE ('\n')
WHITE_SPACE ('    ')
DLanguageTokenType.int ('int')
WHITE_SPACE (' ')
DLanguageTokenType.ID ('hour')
DLanguageTokenType.; (';')
WHITE_SPACE ('\n\n')
WHITE_SPACE ('    ')
DLanguageTokenType.this ('this')
DLanguageTokenType.( ('(')
DLanguageTokenType.int ('int')
WHITE_SPACE (' ')
DLanguageTokenType.ID ('d')
DLanguageTokenType., (',')
WHITE_SPACE (' ')
DLanguageTokenType.int ('int')
WHITE_SPACE (' ')
DLanguageTokenType.ID ('h')
DLanguageTokenType.) (')')
WHITE_SPACE ('\n')
WHITE_SPACE ('    ')
DLanguageTokenType.{ ('{')
WHITE_SPACE ('\n')
WHITE_SPACE ('        ')
DLanguageTokenType.ID ('day')
WHITE_SPACE (' ')
DLanguageTokenType.= ('=')
WHITE_SPACE (' ')
DLanguageTokenType.ID ('d')
DLanguageTokenType.; (';')
WHITE_SPACE ('\n')
WHITE_SPACE ('        ')
DLanguageTokenType.ID ('hour')
WHITE_SPACE (' ')
DLanguageTokenType.= ('=')
WHITE_SPACE (' ')
DLanguageTokenType.ID ('h')
DLanguageTokenType.; (';')
WHITE_SPACE ('\n')
WHITE_SPACE ('    ')
DLanguageTokenType.} ('}')
WHITE_SPACE ('\n\n')
WHITE_SPACE ('    ')
DLanguageTokenType.invariant ('invariant')
DLanguageTokenType.( ('(')
DLanguageTokenType.) (')')
WHITE_SPACE ('\n')
WHITE_SPACE ('    ')
DLanguageTokenType.{ ('{')
WHITE_SPACE ('\n')
WHITE_SPACE ('        ')
DLanguageTokenType.assert ('assert')
DLanguageTokenType.( ('(')
DLanguageTokenType.INTEGER_LITERAL ('1')
WHITE_SPACE (' ')
DLanguageTokenType.<= ('<=')
WHITE_SPACE (' ')
DLanguageTokenType.ID ('day')
WHITE_SPACE (' ')
DLanguageTokenType.&& ('&&')
WHITE_SPACE (' ')
DLanguageTokenType.ID ('day')
WHITE_SPACE (' ')
DLanguageTokenType.<= ('<=')
WHITE_SPACE (' ')
DLanguageTokenType.INTEGER_LITERAL ('31')
DLanguageTokenType.) (')')
DLanguageTokenType.; (';')
WHITE_SPACE ('\n')
WHITE_SPACE ('        ')
DLanguageTokenType.assert ('assert')
DLanguageTokenType.( ('(')
DLanguageTokenType.INTEGER_LITERAL ('0')
WHITE_SPACE (' ')
DLanguageTokenType.<= ('<=')
WHITE_SPACE (' ')
DLanguageTokenType.ID ('hour')
WHITE_SPACE (' ')
DLanguageTokenType.&& ('&&')
WHITE_SPACE (' ')
DLanguageTokenType.ID ('hour')
WHITE_SPACE (' ')
DLanguageTokenType.< ('<')
WHITE_SPACE (' ')
DLanguageTokenType.INTEGER_LITERAL ('24')
DLanguageTokenType.) (')')
DLanguageTokenType.; (';')
WHITE_SPACE ('\n')
WHITE_SPACE ('    ')
DLanguageTokenType.} ('}')
WHITE_SPACE ('\n')
DLanguageTokenType.} ('}')