DlangTokenType.module ('module')
WHITE_SPACE (' ')
DlangTokenType.ID ('net')
DlangTokenType.. ('.')
DlangTokenType.ID ('masterthought')
DlangTokenType.. ('.')
DlangTokenType.ID ('dlanguage')
DlangTokenType.; (';')