DLanguageTokenType.import ('import')
WHITE_SPACE (' ')
DLanguageTokenType.ID ('std')
DLanguageTokenType.. ('.')
DLanguageTokenType.ID ('stdio')
DLanguageTokenType.; (';')
WHITE_SPACE ('\n\n')
DLanguageTokenType.void ('void')
WHITE_SPACE (' ')
DLanguageTokenType.ID ('main')
DLanguageTokenType.( ('(')
DLanguageTokenType.) (')')
DLanguageTokenType.{ ('{')
WHITE_SPACE ('\n')
WHITE_SPACE ('  ')
DLanguageTokenType.alias ('alias')
WHITE_SPACE (' ')
DLanguageTokenType.ID ('void16')
WHITE_SPACE (' ')
DLanguageTokenType.= ('=')
WHITE_SPACE (' ')
DLanguageTokenType.__vector ('__vector')
DLanguageTokenType.( ('(')
DLanguageTokenType.void ('void')
DLanguageTokenType.[ ('[')
DLanguageTokenType.INTEGER_LITERAL ('16')
DLanguageTokenType.] (']')
DLanguageTokenType.) (')')
DLanguageTokenType.; (';')
WHITE_SPACE ('\n')
DLanguageTokenType.} ('}')
