DLanguageTokenType.import ('singleImport')
WHITE_SPACE (' ')
DLanguageTokenType.ID ('std')
DLanguageTokenType.. ('.')
DLanguageTokenType.ID ('stdio')
DLanguageTokenType.; (';')
WHITE_SPACE ('\n\n')
DLanguageTokenType.int ('int')
WHITE_SPACE (' ')
DLanguageTokenType.ID ('main')
DLanguageTokenType.( ('(')
DLanguageTokenType.) (')')
WHITE_SPACE ('\n')
DLanguageTokenType.{ ('{')
WHITE_SPACE ('\n')
WHITE_SPACE ('    ')
DLanguageTokenType.try ('try')
WHITE_SPACE ('\n')
WHITE_SPACE ('    ')
DLanguageTokenType.{ ('{')
WHITE_SPACE ('\n')
WHITE_SPACE ('        ')
DLanguageTokenType.try ('try')
WHITE_SPACE ('\n')
WHITE_SPACE ('        ')
DLanguageTokenType.{ ('{')
WHITE_SPACE ('\n')
WHITE_SPACE ('            ')
DLanguageTokenType.throw ('throw')
WHITE_SPACE (' ')
DLanguageTokenType.new ('new')
WHITE_SPACE (' ')
DLanguageTokenType.ID ('Exception')
DLanguageTokenType.( ('(')
DLanguageTokenType.DOUBLE_QUOTED_STRING ('"first"')
DLanguageTokenType.) (')')
DLanguageTokenType.; (';')
WHITE_SPACE ('\n')
WHITE_SPACE ('        ')
DLanguageTokenType.} ('}')
WHITE_SPACE ('\n')
WHITE_SPACE ('        ')
DLanguageTokenType.finally ('finally')
WHITE_SPACE ('\n')
WHITE_SPACE ('        ')
DLanguageTokenType.{ ('{')
WHITE_SPACE ('\n')
WHITE_SPACE ('            ')
DLanguageTokenType.ID ('writeln')
DLanguageTokenType.( ('(')
DLanguageTokenType.DOUBLE_QUOTED_STRING ('"finally"')
DLanguageTokenType.) (')')
DLanguageTokenType.; (';')
WHITE_SPACE ('\n')
WHITE_SPACE ('            ')
DLanguageTokenType.throw ('throw')
WHITE_SPACE (' ')
DLanguageTokenType.new ('new')
WHITE_SPACE (' ')
DLanguageTokenType.ID ('Exception')
DLanguageTokenType.( ('(')
DLanguageTokenType.DOUBLE_QUOTED_STRING ('"second"')
DLanguageTokenType.) (')')
DLanguageTokenType.; (';')
WHITE_SPACE ('\n')
WHITE_SPACE ('        ')
DLanguageTokenType.} ('}')
WHITE_SPACE ('\n')
WHITE_SPACE ('    ')
DLanguageTokenType.} ('}')
WHITE_SPACE ('\n')
WHITE_SPACE ('    ')
DLanguageTokenType.catch ('catch')
WHITE_SPACE (' ')
DLanguageTokenType.( ('(')
DLanguageTokenType.ID ('Exception')
WHITE_SPACE (' ')
DLanguageTokenType.ID ('e')
DLanguageTokenType.) (')')
WHITE_SPACE ('\n')
WHITE_SPACE ('    ')
DLanguageTokenType.{ ('{')
WHITE_SPACE ('\n')
WHITE_SPACE ('        ')
DLanguageTokenType.ID ('writefln')
DLanguageTokenType.( ('(')
DLanguageTokenType.DOUBLE_QUOTED_STRING ('"catch %s"')
DLanguageTokenType., (',')
WHITE_SPACE (' ')
DLanguageTokenType.ID ('e')
DLanguageTokenType.. ('.')
DLanguageTokenType.ID ('msg')
DLanguageTokenType.) (')')
DLanguageTokenType.; (';')
WHITE_SPACE ('\n')
WHITE_SPACE ('    ')
DLanguageTokenType.} ('}')
WHITE_SPACE ('\n')
WHITE_SPACE ('    ')
DLanguageTokenType.ID ('writeln')
DLanguageTokenType.( ('(')
DLanguageTokenType.DOUBLE_QUOTED_STRING ('"done"')
DLanguageTokenType.) (')')
DLanguageTokenType.; (';')
WHITE_SPACE ('\n')
WHITE_SPACE ('    ')
DLanguageTokenType.return ('return')
WHITE_SPACE (' ')
DLanguageTokenType.INTEGER_LITERAL ('0')
DLanguageTokenType.; (';')
WHITE_SPACE ('\n')
DLanguageTokenType.} ('}')
