DLanguageTokenType.ID ('string')
WHITE_SPACE (' ')
DLanguageTokenType.ID ('thing')
WHITE_SPACE (' ')
DLanguageTokenType.= ('=')
WHITE_SPACE (' ')
DLanguageTokenType.TOKEN_STRING ('q{')
DLanguageTokenType.TOKEN_STRING ('i')
DLanguageTokenType.TOKEN_STRING ('n')
DLanguageTokenType.TOKEN_STRING ('t')
DLanguageTokenType.TOKEN_STRING (' ')
DLanguageTokenType.TOKEN_STRING ('v')
DLanguageTokenType.TOKEN_STRING ('a')
DLanguageTokenType.TOKEN_STRING ('l')
DLanguageTokenType.TOKEN_STRING ('i')
DLanguageTokenType.TOKEN_STRING ('d')
DLanguageTokenType.TOKEN_STRING ('_')
DLanguageTokenType.TOKEN_STRING ('t')
DLanguageTokenType.TOKEN_STRING ('o')
DLanguageTokenType.TOKEN_STRING ('k')
DLanguageTokenType.TOKEN_STRING ('e')
DLanguageTokenType.TOKEN_STRING ('n')
DLanguageTokenType.TOKEN_STRING (';')
DLanguageTokenType.TOKEN_STRING (' ')
DLanguageTokenType.TOKEN_STRING ('v')
DLanguageTokenType.TOKEN_STRING ('o')
DLanguageTokenType.TOKEN_STRING ('i')
DLanguageTokenType.TOKEN_STRING ('d')
DLanguageTokenType.TOKEN_STRING (' ')
DLanguageTokenType.TOKEN_STRING ('f')
DLanguageTokenType.TOKEN_STRING ('o')
DLanguageTokenType.TOKEN_STRING ('o')
DLanguageTokenType.TOKEN_STRING ('(')
DLanguageTokenType.TOKEN_STRING (')')
DLanguageTokenType.TOKEN_STRING ('{')
DLanguageTokenType.TOKEN_STRING ('r')
DLanguageTokenType.TOKEN_STRING ('e')
DLanguageTokenType.TOKEN_STRING ('t')
DLanguageTokenType.TOKEN_STRING ('u')
DLanguageTokenType.TOKEN_STRING ('r')
DLanguageTokenType.TOKEN_STRING ('n')
DLanguageTokenType.TOKEN_STRING (';')
DLanguageTokenType.TOKEN_STRING ('}')
DLanguageTokenType.TOKEN_STRING ('}')
DLanguageTokenType.; (';')
WHITE_SPACE ('\n\n')
DLanguageTokenType.enum ('enum')
WHITE_SPACE (' ')
DLanguageTokenType.ID ('pretty')
WHITE_SPACE (' ')
DLanguageTokenType.= ('=')
WHITE_SPACE (' ')
DLanguageTokenType.TOKEN_STRING ('q{')
DLanguageTokenType.TOKEN_STRING ('\n')
DLanguageTokenType.TOKEN_STRING (' ')
DLanguageTokenType.TOKEN_STRING (' ')
DLanguageTokenType.TOKEN_STRING (' ')
DLanguageTokenType.TOKEN_STRING (' ')
DLanguageTokenType.TOKEN_STRING (' ')
DLanguageTokenType.TOKEN_STRING (' ')
DLanguageTokenType.TOKEN_STRING (' ')
DLanguageTokenType.TOKEN_STRING ('i')
DLanguageTokenType.TOKEN_STRING ('m')
DLanguageTokenType.TOKEN_STRING ('p')
DLanguageTokenType.TOKEN_STRING ('o')
DLanguageTokenType.TOKEN_STRING ('r')
DLanguageTokenType.TOKEN_STRING ('t')
DLanguageTokenType.TOKEN_STRING (' ')
DLanguageTokenType.TOKEN_STRING ('s')
DLanguageTokenType.TOKEN_STRING ('t')
DLanguageTokenType.TOKEN_STRING ('d')
DLanguageTokenType.TOKEN_STRING ('.')
DLanguageTokenType.TOKEN_STRING ('s')
DLanguageTokenType.TOKEN_STRING ('t')
DLanguageTokenType.TOKEN_STRING ('d')
DLanguageTokenType.TOKEN_STRING ('i')
DLanguageTokenType.TOKEN_STRING ('o')
DLanguageTokenType.TOKEN_STRING (';')
DLanguageTokenType.TOKEN_STRING ('\n')
DLanguageTokenType.TOKEN_STRING (' ')
DLanguageTokenType.TOKEN_STRING (' ')
DLanguageTokenType.TOKEN_STRING (' ')
DLanguageTokenType.TOKEN_STRING (' ')
DLanguageTokenType.TOKEN_STRING (' ')
DLanguageTokenType.TOKEN_STRING (' ')
DLanguageTokenType.TOKEN_STRING (' ')
DLanguageTokenType.TOKEN_STRING ('v')
DLanguageTokenType.TOKEN_STRING ('o')
DLanguageTokenType.TOKEN_STRING ('i')
DLanguageTokenType.TOKEN_STRING ('d')
DLanguageTokenType.TOKEN_STRING (' ')
DLanguageTokenType.TOKEN_STRING ('m')
DLanguageTokenType.TOKEN_STRING ('a')
DLanguageTokenType.TOKEN_STRING ('i')
DLanguageTokenType.TOKEN_STRING ('n')
DLanguageTokenType.TOKEN_STRING ('(')
DLanguageTokenType.TOKEN_STRING (')')
DLanguageTokenType.TOKEN_STRING (' ')
DLanguageTokenType.TOKEN_STRING ('{')
DLanguageTokenType.TOKEN_STRING ('\n')
DLanguageTokenType.TOKEN_STRING (' ')
DLanguageTokenType.TOKEN_STRING (' ')
DLanguageTokenType.TOKEN_STRING (' ')
DLanguageTokenType.TOKEN_STRING (' ')
DLanguageTokenType.TOKEN_STRING (' ')
DLanguageTokenType.TOKEN_STRING (' ')
DLanguageTokenType.TOKEN_STRING (' ')
DLanguageTokenType.TOKEN_STRING (' ')
DLanguageTokenType.TOKEN_STRING (' ')
DLanguageTokenType.TOKEN_STRING (' ')
DLanguageTokenType.TOKEN_STRING (' ')
DLanguageTokenType.TOKEN_STRING ('w')
DLanguageTokenType.TOKEN_STRING ('r')
DLanguageTokenType.TOKEN_STRING ('i')
DLanguageTokenType.TOKEN_STRING ('t')
DLanguageTokenType.TOKEN_STRING ('e')
DLanguageTokenType.TOKEN_STRING ('l')
DLanguageTokenType.TOKEN_STRING ('n')
DLanguageTokenType.TOKEN_STRING ('(')
DLanguageTokenType.TOKEN_STRING ('"')
DLanguageTokenType.TOKEN_STRING ('H')
DLanguageTokenType.TOKEN_STRING ('e')
DLanguageTokenType.TOKEN_STRING ('l')
DLanguageTokenType.TOKEN_STRING ('l')
DLanguageTokenType.TOKEN_STRING ('o')
DLanguageTokenType.TOKEN_STRING ('"')
DLanguageTokenType.TOKEN_STRING (')')
DLanguageTokenType.TOKEN_STRING (';')
DLanguageTokenType.TOKEN_STRING ('\n')
DLanguageTokenType.TOKEN_STRING (' ')
DLanguageTokenType.TOKEN_STRING (' ')
DLanguageTokenType.TOKEN_STRING (' ')
DLanguageTokenType.TOKEN_STRING (' ')
DLanguageTokenType.TOKEN_STRING (' ')
DLanguageTokenType.TOKEN_STRING (' ')
DLanguageTokenType.TOKEN_STRING (' ')
DLanguageTokenType.TOKEN_STRING ('}')
DLanguageTokenType.TOKEN_STRING ('\n')
DLanguageTokenType.TOKEN_STRING (' ')
DLanguageTokenType.TOKEN_STRING (' ')
DLanguageTokenType.TOKEN_STRING (' ')
DLanguageTokenType.TOKEN_STRING (' ')
DLanguageTokenType.TOKEN_STRING ('}')
DLanguageTokenType.. ('.')
DLanguageTokenType.ID ('outdent')
DLanguageTokenType.( ('(')
DLanguageTokenType.) (')')
DLanguageTokenType.; (';')
WHITE_SPACE ('\n\n')
WHITE_SPACE ('    ')
DLanguageTokenType.enum ('enum')
WHITE_SPACE (' ')
DLanguageTokenType.ID ('ugly')
WHITE_SPACE (' ')
DLanguageTokenType.= ('=')
WHITE_SPACE (' ')
DLanguageTokenType.TOKEN_STRING ('q{')
DLanguageTokenType.TOKEN_STRING ('\n')
DLanguageTokenType.TOKEN_STRING ('i')
DLanguageTokenType.TOKEN_STRING ('m')
DLanguageTokenType.TOKEN_STRING ('p')
DLanguageTokenType.TOKEN_STRING ('o')
DLanguageTokenType.TOKEN_STRING ('r')
DLanguageTokenType.TOKEN_STRING ('t')
DLanguageTokenType.TOKEN_STRING (' ')
DLanguageTokenType.TOKEN_STRING ('s')
DLanguageTokenType.TOKEN_STRING ('t')
DLanguageTokenType.TOKEN_STRING ('d')
DLanguageTokenType.TOKEN_STRING ('.')
DLanguageTokenType.TOKEN_STRING ('s')
DLanguageTokenType.TOKEN_STRING ('t')
DLanguageTokenType.TOKEN_STRING ('d')
DLanguageTokenType.TOKEN_STRING ('i')
DLanguageTokenType.TOKEN_STRING ('o')
DLanguageTokenType.TOKEN_STRING (';')
DLanguageTokenType.TOKEN_STRING ('\n')
DLanguageTokenType.TOKEN_STRING ('v')
DLanguageTokenType.TOKEN_STRING ('o')
DLanguageTokenType.TOKEN_STRING ('i')
DLanguageTokenType.TOKEN_STRING ('d')
DLanguageTokenType.TOKEN_STRING (' ')
DLanguageTokenType.TOKEN_STRING ('m')
DLanguageTokenType.TOKEN_STRING ('a')
DLanguageTokenType.TOKEN_STRING ('i')
DLanguageTokenType.TOKEN_STRING ('n')
DLanguageTokenType.TOKEN_STRING ('(')
DLanguageTokenType.TOKEN_STRING (')')
DLanguageTokenType.TOKEN_STRING (' ')
DLanguageTokenType.TOKEN_STRING ('{')
DLanguageTokenType.TOKEN_STRING ('\n')
DLanguageTokenType.TOKEN_STRING (' ')
DLanguageTokenType.TOKEN_STRING (' ')
DLanguageTokenType.TOKEN_STRING (' ')
DLanguageTokenType.TOKEN_STRING (' ')
DLanguageTokenType.TOKEN_STRING ('w')
DLanguageTokenType.TOKEN_STRING ('r')
DLanguageTokenType.TOKEN_STRING ('i')
DLanguageTokenType.TOKEN_STRING ('t')
DLanguageTokenType.TOKEN_STRING ('e')
DLanguageTokenType.TOKEN_STRING ('l')
DLanguageTokenType.TOKEN_STRING ('n')
DLanguageTokenType.TOKEN_STRING ('(')
DLanguageTokenType.TOKEN_STRING ('"')
DLanguageTokenType.TOKEN_STRING ('H')
DLanguageTokenType.TOKEN_STRING ('e')
DLanguageTokenType.TOKEN_STRING ('l')
DLanguageTokenType.TOKEN_STRING ('l')
DLanguageTokenType.TOKEN_STRING ('o')
DLanguageTokenType.TOKEN_STRING ('"')
DLanguageTokenType.TOKEN_STRING (')')
DLanguageTokenType.TOKEN_STRING (';')
DLanguageTokenType.TOKEN_STRING ('\n')
DLanguageTokenType.TOKEN_STRING ('}')