DLanguageTokenType.foreach ('foreach')
WHITE_SPACE (' ')
DLanguageTokenType.( ('(')
DLanguageTokenType.ID ('i')
DLanguageTokenType.; (';')
WHITE_SPACE (' ')
DLanguageTokenType.INTEGER_LITERAL ('0')
WHITE_SPACE (' ')
DLanguageTokenType... ('..')
WHITE_SPACE (' ')
DLanguageTokenType.INTEGER_LITERAL ('10_000')
DLanguageTokenType.) (')')
WHITE_SPACE (' ')
DLanguageTokenType.{ ('{')
WHITE_SPACE ('\n')
WHITE_SPACE ('        ')
DLanguageTokenType.synchronized ('synchronized')
WHITE_SPACE (' ')
DLanguageTokenType.{ ('{')
WHITE_SPACE ('\n')
WHITE_SPACE ('            ')
DLanguageTokenType.int ('int')
WHITE_SPACE (' ')
DLanguageTokenType.ID ('temp')
WHITE_SPACE (' ')
DLanguageTokenType.= ('=')
WHITE_SPACE (' ')
DLanguageTokenType.* ('*')
DLanguageTokenType.ID ('b')
DLanguageTokenType.; (';')
WHITE_SPACE ('\n')
WHITE_SPACE ('            ')
DLanguageTokenType.* ('*')
DLanguageTokenType.ID ('b')
WHITE_SPACE (' ')
DLanguageTokenType.= ('=')
WHITE_SPACE (' ')
DLanguageTokenType.* ('*')
DLanguageTokenType.ID ('a')
DLanguageTokenType.; (';')
WHITE_SPACE ('\n')
WHITE_SPACE ('            ')
DLanguageTokenType.* ('*')
DLanguageTokenType.ID ('a')
WHITE_SPACE (' ')
DLanguageTokenType.= ('=')
WHITE_SPACE (' ')
DLanguageTokenType.ID ('temp')
DLanguageTokenType.; (';')
WHITE_SPACE ('\n')
WHITE_SPACE ('        ')
DLanguageTokenType.} ('}')
WHITE_SPACE ('\n')
WHITE_SPACE ('    ')
DLanguageTokenType.} ('}')