D Language File
  DLanguageDeclDefsImpl(DECL_DEFS)
    DLanguageDeclDefImpl(DECL_DEF)
      DLanguageAttributeSpecifierImpl(ATTRIBUTE_SPECIFIER)
        DLanguageAttributeImpl(ATTRIBUTE)
          DLanguageLinkageAttributeImpl(LINKAGE_ATTRIBUTE)
            PsiElement(DLanguageTokenType.extern)('extern')
            PsiElement(DLanguageTokenType.()('(')
            DLanguageLinkageTypeImpl(LINKAGE_TYPE)
              PsiElement(DLanguageTokenType.ID)('C')
            PsiElement(DLanguageTokenType.))(')')
        PsiElement(DLanguageTokenType.:)(':')
    DLanguageDeclDefsImpl(DECL_DEFS)
      DLanguageDeclDefImpl(DECL_DEF)
        DLanguageDeclarationImpl(DECLARATION)
          FUNC_DECLARATION
            DLanguageBasicTypeImpl(BASIC_TYPE)
              DLanguageBasicTypeXImpl(BASIC_TYPE_X)
                PsiElement(DLanguageTokenType.int)('int')
            DLanguageFuncDeclaratorImpl(FUNC_DECLARATOR)
              DLanguageIdentifierImpl(IDENTIFIER)
                PsiElement(DLanguageTokenType.ID)('foo')
              DLanguageFuncDeclaratorSuffixImpl(FUNC_DECLARATOR_SUFFIX)
                DLanguageParametersImpl(PARAMETERS)
                  PsiElement(DLanguageTokenType.()('(')
                  PsiElement(DLanguageTokenType.))(')')
            PsiElement(DLanguageTokenType.;)(';')
      PsiComment(DLanguageTokenType.line_comment)('// call foo() with C conventions')
      DLanguageDeclDefsImpl(DECL_DEFS)
        DLanguageDeclDefImpl(DECL_DEF)
          DLanguageAttributeSpecifierImpl(ATTRIBUTE_SPECIFIER)
            DLanguageAttributeImpl(ATTRIBUTE)
              DLanguageLinkageAttributeImpl(LINKAGE_ATTRIBUTE)
                PsiElement(DLanguageTokenType.extern)('extern')
                PsiElement(DLanguageTokenType.()('(')
                DLanguageLinkageTypeImpl(LINKAGE_TYPE)
                  PsiElement(DLanguageTokenType.ID)('D')
                PsiElement(DLanguageTokenType.))(')')
            PsiElement(DLanguageTokenType.:)(':')
        DLanguageDeclDefsImpl(DECL_DEFS)
          DLanguageDeclDefImpl(DECL_DEF)
            DLanguageAttributeSpecifierImpl(ATTRIBUTE_SPECIFIER)
              DLanguageAttributeImpl(ATTRIBUTE)
                DLanguageLinkageAttributeImpl(LINKAGE_ATTRIBUTE)
                  PsiElement(DLanguageTokenType.extern)('extern')
                  PsiElement(DLanguageTokenType.()('(')
                  DLanguageLinkageTypeImpl(LINKAGE_TYPE)
                    PsiElement(DLanguageTokenType.ID)('Windows')
                  PsiElement(DLanguageTokenType.))(')')
              PsiElement(DLanguageTokenType.:)(':')
          DLanguageDeclDefsImpl(DECL_DEFS)
            DLanguageDeclDefImpl(DECL_DEF)
              DLanguageDeclarationImpl(DECLARATION)
                FUNC_DECLARATION
                  DLanguageBasicTypeImpl(BASIC_TYPE)
                    DLanguageBasicTypeXImpl(BASIC_TYPE_X)
                      PsiElement(DLanguageTokenType.void)('void')
                  DLanguageFuncDeclaratorImpl(FUNC_DECLARATOR)
                    DLanguageBasicType2Impl(BASIC_TYPE_2)
                      DLanguageBasicType2XImpl(BASIC_TYPE_2_X)
                        PsiElement(DLanguageTokenType.*)('*')
                    DLanguageIdentifierImpl(IDENTIFIER)
                      PsiElement(DLanguageTokenType.ID)('VirtualAlloc')
                    DLanguageFuncDeclaratorSuffixImpl(FUNC_DECLARATOR_SUFFIX)
                      DLanguageParametersImpl(PARAMETERS)
                        PsiElement(DLanguageTokenType.()('(')
                        DLanguageParameterListImpl(PARAMETER_LIST)
                          DLanguageParameterImpl(PARAMETER)
                            DLanguageBasicTypeImpl(BASIC_TYPE)
                              DLanguageBasicTypeXImpl(BASIC_TYPE_X)
                                PsiElement(DLanguageTokenType.void)('void')
                            DLanguageDeclaratorImpl(DECLARATOR)
                              DLanguageVarDeclaratorImpl(VAR_DECLARATOR)
                                DLanguageBasicType2Impl(BASIC_TYPE_2)
                                  DLanguageBasicType2XImpl(BASIC_TYPE_2_X)
                                    PsiElement(DLanguageTokenType.*)('*')
                                DLanguageIdentifierImpl(IDENTIFIER)
                                  PsiElement(DLanguageTokenType.ID)('lpAddress')
                          PsiElement(DLanguageTokenType.,)(',')
                          DLanguageParameterListImpl(PARAMETER_LIST)
                            DLanguageParameterImpl(PARAMETER)
                              DLanguageBasicTypeImpl(BASIC_TYPE)
                                DLanguageBasicTypeXImpl(BASIC_TYPE_X)
                                  PsiElement(DLanguageTokenType.uint)('uint')
                              DLanguageDeclaratorImpl(DECLARATOR)
                                DLanguageVarDeclaratorImpl(VAR_DECLARATOR)
                                  DLanguageIdentifierImpl(IDENTIFIER)
                                    PsiElement(DLanguageTokenType.ID)('dwSize')
                            PsiElement(DLanguageTokenType.,)(',')
                            DLanguageParameterListImpl(PARAMETER_LIST)
                              DLanguageParameterImpl(PARAMETER)
                                DLanguageBasicTypeImpl(BASIC_TYPE)
                                  DLanguageBasicTypeXImpl(BASIC_TYPE_X)
                                    PsiElement(DLanguageTokenType.uint)('uint')
                                DLanguageDeclaratorImpl(DECLARATOR)
                                  DLanguageVarDeclaratorImpl(VAR_DECLARATOR)
                                    DLanguageIdentifierImpl(IDENTIFIER)
                                      PsiElement(DLanguageTokenType.ID)('flAllocationType')
                              PsiElement(DLanguageTokenType.,)(',')
                              DLanguageParameterListImpl(PARAMETER_LIST)
                                DLanguageParameterImpl(PARAMETER)
                                  DLanguageBasicTypeImpl(BASIC_TYPE)
                                    DLanguageBasicTypeXImpl(BASIC_TYPE_X)
                                      PsiElement(DLanguageTokenType.uint)('uint')
                                  DLanguageDeclaratorImpl(DECLARATOR)
                                    DLanguageVarDeclaratorImpl(VAR_DECLARATOR)
                                      DLanguageIdentifierImpl(IDENTIFIER)
                                        PsiElement(DLanguageTokenType.ID)('flProtect')
                        PsiElement(DLanguageTokenType.))(')')
                  PsiElement(DLanguageTokenType.;)(';')