D Language File
  DLanguageModuleDeclarationImpl(MODULE_DECLARATION)
    PsiElement(DLanguageTokenType.module)('module')
    DLanguageModuleFullyQualifiedNameImpl(MODULE_FULLY_QUALIFIED_NAME)
      DLanguageIdentifierImpl(IDENTIFIER)
        PsiElement(DLanguageTokenType.ID)('A')
    PsiElement(DLanguageTokenType.;)(';')
  DLanguageDeclDefsImpl(DECL_DEFS)
    DLanguageDeclDefImpl(DECL_DEF)
      DLanguageAttributeSpecifierImpl(ATTRIBUTE_SPECIFIER)
        DLanguageAttributeImpl(ATTRIBUTE)
          DLanguageProtectionAttributeImpl(PROTECTION_ATTRIBUTE)
            PsiElement(DLanguageTokenType.private)('private')
        DLanguageDeclarationBlockImpl(DECLARATION_BLOCK)
          DLanguageDeclDefImpl(DECL_DEF)
            DLanguageDeclarationImpl(DECLARATION)
              DLanguageAggregateDeclarationImpl(AGGREGATE_DECLARATION)
                DLanguageClassDeclarationImpl(CLASS_DECLARATION)
                  PsiElement(DLanguageTokenType.class)('class')
                  DLanguageIdentifierImpl(IDENTIFIER)
                    PsiElement(DLanguageTokenType.ID)('Foo')
                  DLanguageAggregateBodyImpl(AGGREGATE_BODY)
                    PsiElement(DLanguageTokenType.{)('{')
                    PsiElement(DLanguageTokenType.})('}')
  DLanguageModuleDeclarationImpl(MODULE_DECLARATION)
    PsiElement(DLanguageTokenType.module)('module')
    DLanguageModuleFullyQualifiedNameImpl(MODULE_FULLY_QUALIFIED_NAME)
      DLanguageIdentifierImpl(IDENTIFIER)
        PsiElement(DLanguageTokenType.ID)('B')
    PsiElement(DLanguageTokenType.;)(';')
  DLanguageDeclDefsImpl(DECL_DEFS)
    DLanguageDeclDefImpl(DECL_DEF)
      DLanguageAttributeSpecifierImpl(ATTRIBUTE_SPECIFIER)
        DLanguageAttributeImpl(ATTRIBUTE)
          DLanguageProtectionAttributeImpl(PROTECTION_ATTRIBUTE)
            PsiElement(DLanguageTokenType.public)('public')
        DLanguageDeclarationBlockImpl(DECLARATION_BLOCK)
          DLanguageDeclDefImpl(DECL_DEF)
            DLanguageDeclarationImpl(DECLARATION)
              DLanguageAggregateDeclarationImpl(AGGREGATE_DECLARATION)
                DLanguageClassDeclarationImpl(CLASS_DECLARATION)
                  PsiElement(DLanguageTokenType.class)('class')
                  DLanguageIdentifierImpl(IDENTIFIER)
                    PsiElement(DLanguageTokenType.ID)('Foo')
                  DLanguageAggregateBodyImpl(AGGREGATE_BODY)
                    PsiElement(DLanguageTokenType.{)('{')
                    PsiElement(DLanguageTokenType.})('}')
    DLanguageDeclDefsImpl(DECL_DEFS)
      DLanguageDeclDefImpl(DECL_DEF)
        DLanguageDeclarationImpl(DECLARATION)
          DLanguageImportDeclarationImpl(IMPORT_DECLARATION)
            PsiElement(DLanguageTokenType.import)('import')
            DLanguageImportListImpl(IMPORT_LIST)
              DLanguageImportImpl(IMPORT)
                DLanguageModuleFullyQualifiedNameImpl(MODULE_FULLY_QUALIFIED_NAME)
                  DLanguageIdentifierImpl(IDENTIFIER)
                    PsiElement(DLanguageTokenType.ID)('A')
            PsiElement(DLanguageTokenType.;)(';')
      DLanguageDeclDefsImpl(DECL_DEFS)
        DLanguageDeclDefImpl(DECL_DEF)
          DLanguageDeclarationImpl(DECLARATION)
            DLanguageImportDeclarationImpl(IMPORT_DECLARATION)
              PsiElement(DLanguageTokenType.import)('import')
              DLanguageImportListImpl(IMPORT_LIST)
                DLanguageImportImpl(IMPORT)
                  DLanguageModuleFullyQualifiedNameImpl(MODULE_FULLY_QUALIFIED_NAME)
                    DLanguageIdentifierImpl(IDENTIFIER)
                      PsiElement(DLanguageTokenType.ID)('B')
              PsiElement(DLanguageTokenType.;)(';')
        DLanguageDeclDefsImpl(DECL_DEFS)
          DLanguageDeclDefImpl(DECL_DEF)
            DLanguageDeclarationImpl(DECLARATION)
              DLanguageVarDeclarationsImpl(VAR_DECLARATIONS)
                DLanguageBasicTypeImpl(BASIC_TYPE)
                  DLanguageIdentifierListImpl(IDENTIFIER_LIST)
                    DLanguageIdentifierImpl(IDENTIFIER)
                      PsiElement(DLanguageTokenType.ID)('Foo')
                DLanguageDeclaratorsImpl(DECLARATORS)
                  DLanguageDeclaratorInitializerImpl(DECLARATOR_INITIALIZER)
                    DLanguageVarDeclaratorImpl(VAR_DECLARATOR)
                      DLanguageIdentifierImpl(IDENTIFIER)
                        PsiElement(DLanguageTokenType.ID)('f1')
                PsiElement(DLanguageTokenType.;)(';')
          PsiComment(DLanguageTokenType.line_comment)('// error, could be either A.Foo or B.Foo')
          DLanguageDeclDefsImpl(DECL_DEFS)
            DLanguageDeclDefImpl(DECL_DEF)
              DLanguageDeclarationImpl(DECLARATION)
                DLanguageVarDeclarationsImpl(VAR_DECLARATIONS)
                  DLanguageBasicTypeImpl(BASIC_TYPE)
                    DLanguageIdentifierListImpl(IDENTIFIER_LIST)
                      DLanguageIdentifierImpl(IDENTIFIER)
                        PsiElement(DLanguageTokenType.ID)('B')
                      PsiElement(DLanguageTokenType..)('.')
                      DLanguageIdentifierListImpl(IDENTIFIER_LIST)
                        DLanguageIdentifierImpl(IDENTIFIER)
                          PsiElement(DLanguageTokenType.ID)('Foo')
                  DLanguageDeclaratorsImpl(DECLARATORS)
                    DLanguageDeclaratorInitializerImpl(DECLARATOR_INITIALIZER)
                      DLanguageVarDeclaratorImpl(VAR_DECLARATOR)
                        DLanguageIdentifierImpl(IDENTIFIER)
                          PsiElement(DLanguageTokenType.ID)('f2')
                  PsiElement(DLanguageTokenType.;)(';')
  PsiComment(DLanguageTokenType.line_comment)('// ok')