D Language File
  DLanguageDeclarationImpl(DECLARATION)
    DLanguageDeclaration2Impl(DECLARATION_2)
      DLanguageVariableDeclarationImpl(VARIABLE_DECLARATION)
        DLanguageTypeImpl(TYPE)
          DLanguageType2Impl(TYPE_2)
            DLanguageBuiltinTypeImpl(BUILTIN_TYPE)
              PsiElement(DLanguageTokenType.int)('int')
        DLanguageDeclaratorImpl(DECLARATOR)
          DLanguageIdentifierImpl(IDENTIFIER)
            PsiElement(DLanguageTokenType.ID)('x')
        PsiElement(DLanguageTokenType.,)(',')
        DLanguageDeclaratorImpl(DECLARATOR)
          DLanguageIdentifierImpl(IDENTIFIER)
            PsiElement(DLanguageTokenType.ID)('y')
        PsiElement(DLanguageTokenType.;)(';')
  PsiComment(DLanguageTokenType.line_comment)('// x and y are ints')
  DLanguageDeclarationImpl(DECLARATION)
    DLanguageDeclaration2Impl(DECLARATION_2)
      DLanguageVariableDeclarationImpl(VARIABLE_DECLARATION)
        DLanguageTypeImpl(TYPE)
          DLanguageType2Impl(TYPE_2)
            DLanguageBuiltinTypeImpl(BUILTIN_TYPE)
              PsiElement(DLanguageTokenType.int)('int')
          DLanguageTypeSuffixImpl(TYPE_SUFFIX)
            PsiElement(DLanguageTokenType.*)('*')
        DLanguageDeclaratorImpl(DECLARATOR)
          DLanguageIdentifierImpl(IDENTIFIER)
            PsiElement(DLanguageTokenType.ID)('x')
        PsiElement(DLanguageTokenType.,)(',')
        DLanguageDeclaratorImpl(DECLARATOR)
          DLanguageIdentifierImpl(IDENTIFIER)
            PsiElement(DLanguageTokenType.ID)('y')
        PsiElement(DLanguageTokenType.;)(';')
  PsiComment(DLanguageTokenType.line_comment)('// x and y are pointers to ints')
  PsiElement(DLanguageTokenType.int)('int')
  PsiElement(DLanguageTokenType.ID)('x')
  PsiElement(DLanguageTokenType.,)(',')
  PsiErrorElement:DLanguageTokenType.ID expected, got '*'
    PsiElement(DLanguageTokenType.*)('*')
  PsiElement(DUMMY_BLOCK)
    PsiElement(DLanguageTokenType.ID)('y')
    PsiElement(DLanguageTokenType.;)(';')
    PsiComment(DLanguageTokenType.line_comment)('// error, multiple types')
    PsiElement(DLanguageTokenType.int)('int')
    PsiElement(DLanguageTokenType.[)('[')
    PsiElement(DLanguageTokenType.])(']')
    PsiElement(DLanguageTokenType.ID)('x')
    PsiElement(DLanguageTokenType.,)(',')
    PsiElement(DLanguageTokenType.ID)('y')
    PsiElement(DLanguageTokenType.;)(';')
    PsiComment(DLanguageTokenType.line_comment)('// x and y are arrays of ints')
    PsiElement(DLanguageTokenType.int)('int')
  PsiElement(DLanguageTokenType.ID)('x')
  PsiElement(DLanguageTokenType.[)('[')
  PsiElement(DLanguageTokenType.])(']')
  PsiElement(DLanguageTokenType.,)(',')
  PsiElement(DLanguageTokenType.ID)('y')
  PsiElement(DLanguageTokenType.;)(';')
  PsiComment(DLanguageTokenType.line_comment)('// error, multiple types')