D Language File
  DLanguageStatementImpl(STATEMENT)
    DLanguageStatementNoCaseNoDefaultImpl(STATEMENT_NO_CASE_NO_DEFAULT)
      DLanguageIfStatementImpl(IF_STATEMENT)
        PsiElement(DLanguageTokenType.if)('if')
        PsiElement(DLanguageTokenType.()('(')
        DLanguageIfConditionImpl(IF_CONDITION)
          DLanguageExpressionImpl(EXPRESSION)
            DLanguageAssignExpressionImpl(ASSIGN_EXPRESSION)
              DLanguageTernaryExpressionImpl(TERNARY_EXPRESSION)
                DLanguageOrOrExpressionImpl(OR_OR_EXPRESSION)
                  DLanguageAndAndExpressionImpl(AND_AND_EXPRESSION)
                    DLanguageOrExpressionImpl(OR_EXPRESSION)
                      DLanguageXorExpressionImpl(XOR_EXPRESSION)
                        DLanguageAndExpressionImpl(AND_EXPRESSION)
                          DLanguageCmpExpressionImpl(CMP_EXPRESSION)
                            DLanguageInExpressionImpl(IN_EXPRESSION)
                              DLanguageShiftExpressionImpl(SHIFT_EXPRESSION)
                                DLanguageAddExpressionImpl(ADD_EXPRESSION)
                                  DLanguageMulExpressionImpl(MUL_EXPRESSION)
                                    DLanguagePowExpressionImpl(POW_EXPRESSION)
                                      DLanguageUnaryExpressionImpl(UNARY_EXPRESSION)
                                        DLanguagePrimaryExpressionImpl(PRIMARY_EXPRESSION)
                                          DLanguageStringLiteralImpl(STRING_LITERAL)
                                            PsiElement(DLanguageTokenType.DOUBLE_QUOTED_STRING)('"hello"')
                              PsiElement(DLanguageTokenType.in)('in')
                              DLanguageShiftExpressionImpl(SHIFT_EXPRESSION)
                                DLanguageAddExpressionImpl(ADD_EXPRESSION)
                                  DLanguageMulExpressionImpl(MUL_EXPRESSION)
                                    DLanguagePowExpressionImpl(POW_EXPRESSION)
                                      DLanguageUnaryExpressionImpl(UNARY_EXPRESSION)
                                        DLanguagePrimaryExpressionImpl(PRIMARY_EXPRESSION)
                                          DLanguageIdentifierOrTemplateInstanceImpl(IDENTIFIER_OR_TEMPLATE_INSTANCE)
                                            DLanguageIdentifierImpl(IDENTIFIER)
                                              PsiElement(DLanguageTokenType.ID)('foo')
        PsiElement(DLanguageTokenType.))(')')
        DLanguageDeclarationOrStatementImpl(DECLARATION_OR_STATEMENT)
          DLanguageStatementImpl(STATEMENT)
            DLanguageStatementNoCaseNoDefaultImpl(STATEMENT_NO_CASE_NO_DEFAULT)
              DLanguageBlockStatementImpl(BLOCK_STATEMENT)
                PsiElement(DLanguageTokenType.{)('{')
                PsiElement(DLanguageTokenType.})('}')