D Language File
  DLanguageDeclarationImpl(DECLARATION)
    DLanguageDeclaration2Impl(DECLARATION_2)
      DLanguageFunctionDeclarationImpl(FUNCTION_DECLARATION)
        DLanguageTypeImpl(TYPE)
          DLanguageType2Impl(TYPE_2)
            DLanguageBuiltinTypeImpl(BUILTIN_TYPE)
              PsiElement(DLanguageTokenType.int)('int')
        DLanguageIdentifierImpl(IDENTIFIER)
          PsiElement(DLanguageTokenType.ID)('abc')
        DLanguageParametersImpl(PARAMETERS)
          PsiElement(DLanguageTokenType.()('(')
          DLanguageParameterImpl(PARAMETER)
            DLanguageTypeImpl(TYPE)
              DLanguageType2Impl(TYPE_2)
                DLanguageBuiltinTypeImpl(BUILTIN_TYPE)
                  PsiElement(DLanguageTokenType.int)('int')
              DLanguageTypeSuffixImpl(TYPE_SUFFIX)
                PsiElement(DLanguageTokenType.delegate)('delegate')
                DLanguageParametersImpl(PARAMETERS)
                  PsiElement(DLanguageTokenType.()('(')
                  DLanguageParameterImpl(PARAMETER)
                    DLanguageTypeImpl(TYPE)
                      DLanguageType2Impl(TYPE_2)
                        DLanguageBuiltinTypeImpl(BUILTIN_TYPE)
                          PsiElement(DLanguageTokenType.int)('int')
                    DLanguageIdentifierImpl(IDENTIFIER)
                      PsiElement(DLanguageTokenType.ID)('i')
                  PsiElement(DLanguageTokenType.))(')')
          PsiElement(DLanguageTokenType.))(')')
        PsiElement(DLanguageTokenType.;)(';')
  DLanguageDeclarationImpl(DECLARATION)
    DLanguageDeclaration2Impl(DECLARATION_2)
      DLanguageFunctionDeclarationImpl(FUNCTION_DECLARATION)
        DLanguageTypeImpl(TYPE)
          DLanguageType2Impl(TYPE_2)
            DLanguageBuiltinTypeImpl(BUILTIN_TYPE)
              PsiElement(DLanguageTokenType.int)('int')
        DLanguageIdentifierImpl(IDENTIFIER)
          PsiElement(DLanguageTokenType.ID)('def')
        DLanguageParametersImpl(PARAMETERS)
          PsiElement(DLanguageTokenType.()('(')
          DLanguageParameterImpl(PARAMETER)
            DLanguageTypeImpl(TYPE)
              DLanguageType2Impl(TYPE_2)
                DLanguageBuiltinTypeImpl(BUILTIN_TYPE)
                  PsiElement(DLanguageTokenType.int)('int')
              DLanguageTypeSuffixImpl(TYPE_SUFFIX)
                PsiElement(DLanguageTokenType.function)('function')
                DLanguageParametersImpl(PARAMETERS)
                  PsiElement(DLanguageTokenType.()('(')
                  DLanguageParameterImpl(PARAMETER)
                    DLanguageTypeImpl(TYPE)
                      DLanguageType2Impl(TYPE_2)
                        DLanguageBuiltinTypeImpl(BUILTIN_TYPE)
                          PsiElement(DLanguageTokenType.int)('int')
                    DLanguageIdentifierImpl(IDENTIFIER)
                      PsiElement(DLanguageTokenType.ID)('s')
                  PsiElement(DLanguageTokenType.))(')')
          PsiElement(DLanguageTokenType.))(')')
        PsiElement(DLanguageTokenType.;)(';')
  DLanguageDeclarationImpl(DECLARATION)
    DLanguageDeclaration2Impl(DECLARATION_2)
      DLanguageFunctionDeclarationImpl(FUNCTION_DECLARATION)
        DLanguageTypeImpl(TYPE)
          DLanguageType2Impl(TYPE_2)
            DLanguageBuiltinTypeImpl(BUILTIN_TYPE)
              PsiElement(DLanguageTokenType.void)('void')
        DLanguageIdentifierImpl(IDENTIFIER)
          PsiElement(DLanguageTokenType.ID)('test')
        DLanguageParametersImpl(PARAMETERS)
          PsiElement(DLanguageTokenType.()('(')
          PsiElement(DLanguageTokenType.))(')')
        DLanguageFunctionBodyImpl(FUNCTION_BODY)
          DLanguageBlockStatementImpl(BLOCK_STATEMENT)
            PsiElement(DLanguageTokenType.{)('{')
            DLanguageDeclarationsAndStatementsImpl(DECLARATIONS_AND_STATEMENTS)
              DLanguageDeclarationOrStatementImpl(DECLARATION_OR_STATEMENT)
                DLanguageDeclarationImpl(DECLARATION)
                  DLanguageDeclaration2Impl(DECLARATION_2)
                    DLanguageVariableDeclarationImpl(VARIABLE_DECLARATION)
                      DLanguageTypeImpl(TYPE)
                        DLanguageType2Impl(TYPE_2)
                          DLanguageBuiltinTypeImpl(BUILTIN_TYPE)
                            PsiElement(DLanguageTokenType.int)('int')
                      DLanguageDeclaratorImpl(DECLARATOR)
                        DLanguageIdentifierImpl(IDENTIFIER)
                          PsiElement(DLanguageTokenType.ID)('b')
                        PsiElement(DLanguageTokenType.=)('=')
                        DLanguageInitializerImpl(INITIALIZER)
                          DLanguageNonVoidInitializerImpl(NON_VOID_INITIALIZER)
                            DLanguageAssignExpressionImpl(ASSIGN_EXPRESSION)
                              DLanguageTernaryExpressionImpl(TERNARY_EXPRESSION)
                                DLanguageOrOrExpressionImpl(OR_OR_EXPRESSION)
                                  DLanguageAndAndExpressionImpl(AND_AND_EXPRESSION)
                                    DLanguageOrExpressionImpl(OR_EXPRESSION)
                                      DLanguageXorExpressionImpl(XOR_EXPRESSION)
                                        DLanguageAndExpressionImpl(AND_EXPRESSION)
                                          DLanguageCmpExpressionImpl(CMP_EXPRESSION)
                                            DLanguageRelExpressionImpl(REL_EXPRESSION)
                                              DLanguageShiftExpressionImpl(SHIFT_EXPRESSION)
                                                DLanguageAddExpressionImpl(ADD_EXPRESSION)
                                                  DLanguageMulExpressionImpl(MUL_EXPRESSION)
                                                    DLanguagePowExpressionImpl(POW_EXPRESSION)
                                                      DLanguageUnaryExpressionImpl(UNARY_EXPRESSION)
                                                        DLanguagePrimaryExpressionImpl(PRIMARY_EXPRESSION)
                                                          PsiElement(DLanguageTokenType.INTEGER_LITERAL)('3')
                      PsiElement(DLanguageTokenType.;)(';')
              DLanguageDeclarationOrStatementImpl(DECLARATION_OR_STATEMENT)
                DLanguageStatementImpl(STATEMENT)
                  DLanguageStatementNoCaseNoDefaultImpl(STATEMENT_NO_CASE_NO_DEFAULT)
                    DLanguageFunctionCallStatementImpl(FUNCTION_CALL_STATEMENT)
                      DLanguageFunctionCallExpressionImpl(FUNCTION_CALL_EXPRESSION)
                        DLanguageTypeImpl(TYPE)
                          DLanguageType2Impl(TYPE_2)
                            DLanguageSymbolImpl(SYMBOL)
                              DLanguageIdentifierOrTemplateChainImpl(IDENTIFIER_OR_TEMPLATE_CHAIN)
                                DLanguageIdentifierOrTemplateInstanceImpl(IDENTIFIER_OR_TEMPLATE_INSTANCE)
                                  DLanguageIdentifierImpl(IDENTIFIER)
                                    PsiElement(DLanguageTokenType.ID)('abc')
                        DLanguageArgumentsImpl(ARGUMENTS)
                          PsiElement(DLanguageTokenType.()('(')
                          DLanguageArgumentListImpl(ARGUMENT_LIST)
                            DLanguageAssignExpressionImpl(ASSIGN_EXPRESSION)
                              DLanguageTernaryExpressionImpl(TERNARY_EXPRESSION)
                                DLanguageOrOrExpressionImpl(OR_OR_EXPRESSION)
                                  DLanguageAndAndExpressionImpl(AND_AND_EXPRESSION)
                                    DLanguageOrExpressionImpl(OR_EXPRESSION)
                                      DLanguageXorExpressionImpl(XOR_EXPRESSION)
                                        DLanguageAndExpressionImpl(AND_EXPRESSION)
                                          DLanguageCmpExpressionImpl(CMP_EXPRESSION)
                                            DLanguageRelExpressionImpl(REL_EXPRESSION)
                                              DLanguageShiftExpressionImpl(SHIFT_EXPRESSION)
                                                DLanguageAddExpressionImpl(ADD_EXPRESSION)
                                                  DLanguageMulExpressionImpl(MUL_EXPRESSION)
                                                    DLanguagePowExpressionImpl(POW_EXPRESSION)
                                                      DLanguageUnaryExpressionImpl(UNARY_EXPRESSION)
                                                        DLanguagePrimaryExpressionImpl(PRIMARY_EXPRESSION)
                                                          DLanguageFunctionLiteralExpressionImpl(FUNCTION_LITERAL_EXPRESSION)
                                                            DLanguageParametersImpl(PARAMETERS)
                                                              PsiElement(DLanguageTokenType.()('(')
                                                              DLanguageParameterImpl(PARAMETER)
                                                                DLanguageTypeImpl(TYPE)
                                                                  DLanguageType2Impl(TYPE_2)
                                                                    DLanguageBuiltinTypeImpl(BUILTIN_TYPE)
                                                                      PsiElement(DLanguageTokenType.int)('int')
                                                                DLanguageIdentifierImpl(IDENTIFIER)
                                                                  PsiElement(DLanguageTokenType.ID)('c')
                                                              PsiElement(DLanguageTokenType.))(')')
                                                            DLanguageFunctionBodyImpl(FUNCTION_BODY)
                                                              DLanguageBlockStatementImpl(BLOCK_STATEMENT)
                                                                PsiElement(DLanguageTokenType.{)('{')
                                                                DLanguageDeclarationsAndStatementsImpl(DECLARATIONS_AND_STATEMENTS)
                                                                  DLanguageDeclarationOrStatementImpl(DECLARATION_OR_STATEMENT)
                                                                    DLanguageStatementImpl(STATEMENT)
                                                                      DLanguageStatementNoCaseNoDefaultImpl(STATEMENT_NO_CASE_NO_DEFAULT)
                                                                        DLanguageReturnStatementImpl(RETURN_STATEMENT)
                                                                          PsiElement(DLanguageTokenType.return)('return')
                                                                          DLanguageExpressionImpl(EXPRESSION)
                                                                            DLanguageAssignExpressionImpl(ASSIGN_EXPRESSION)
                                                                              DLanguageTernaryExpressionImpl(TERNARY_EXPRESSION)
                                                                                DLanguageOrOrExpressionImpl(OR_OR_EXPRESSION)
                                                                                  DLanguageAndAndExpressionImpl(AND_AND_EXPRESSION)
                                                                                    DLanguageOrExpressionImpl(OR_EXPRESSION)
                                                                                      DLanguageXorExpressionImpl(XOR_EXPRESSION)
                                                                                        DLanguageAndExpressionImpl(AND_EXPRESSION)
                                                                                          DLanguageCmpExpressionImpl(CMP_EXPRESSION)
                                                                                            DLanguageRelExpressionImpl(REL_EXPRESSION)
                                                                                              DLanguageShiftExpressionImpl(SHIFT_EXPRESSION)
                                                                                                DLanguageAddExpressionImpl(ADD_EXPRESSION)
                                                                                                  DLanguageMulExpressionImpl(MUL_EXPRESSION)
                                                                                                    DLanguagePowExpressionImpl(POW_EXPRESSION)
                                                                                                      DLanguageUnaryExpressionImpl(UNARY_EXPRESSION)
                                                                                                        DLanguagePrimaryExpressionImpl(PRIMARY_EXPRESSION)
                                                                                                          PsiElement(DLanguageTokenType.INTEGER_LITERAL)('6')
                                                                                                  PsiElement(DLanguageTokenType.+)('+')
                                                                                                  DLanguageAddExpressionImpl(ADD_EXPRESSION)
                                                                                                    DLanguageMulExpressionImpl(MUL_EXPRESSION)
                                                                                                      DLanguagePowExpressionImpl(POW_EXPRESSION)
                                                                                                        DLanguageUnaryExpressionImpl(UNARY_EXPRESSION)
                                                                                                          DLanguagePrimaryExpressionImpl(PRIMARY_EXPRESSION)
                                                                                                            DLanguageIdentifierOrTemplateInstanceImpl(IDENTIFIER_OR_TEMPLATE_INSTANCE)
                                                                                                              DLanguageIdentifierImpl(IDENTIFIER)
                                                                                                                PsiElement(DLanguageTokenType.ID)('b')
                                                                          PsiElement(DLanguageTokenType.;)(';')
                                                                PsiElement(DLanguageTokenType.})('}')
                          PsiElement(DLanguageTokenType.))(')')
                      PsiElement(DLanguageTokenType.;)(';')
              PsiComment(DLanguageTokenType.line_comment)('// inferred to delegate')
              DLanguageDeclarationOrStatementImpl(DECLARATION_OR_STATEMENT)
                DLanguageStatementImpl(STATEMENT)
                  DLanguageStatementNoCaseNoDefaultImpl(STATEMENT_NO_CASE_NO_DEFAULT)
                    DLanguageFunctionCallStatementImpl(FUNCTION_CALL_STATEMENT)
                      DLanguageFunctionCallExpressionImpl(FUNCTION_CALL_EXPRESSION)
                        DLanguageTypeImpl(TYPE)
                          DLanguageType2Impl(TYPE_2)
                            DLanguageSymbolImpl(SYMBOL)
                              DLanguageIdentifierOrTemplateChainImpl(IDENTIFIER_OR_TEMPLATE_CHAIN)
                                DLanguageIdentifierOrTemplateInstanceImpl(IDENTIFIER_OR_TEMPLATE_INSTANCE)
                                  DLanguageIdentifierImpl(IDENTIFIER)
                                    PsiElement(DLanguageTokenType.ID)('def')
                        DLanguageArgumentsImpl(ARGUMENTS)
                          PsiElement(DLanguageTokenType.()('(')
                          DLanguageArgumentListImpl(ARGUMENT_LIST)
                            DLanguageAssignExpressionImpl(ASSIGN_EXPRESSION)
                              DLanguageTernaryExpressionImpl(TERNARY_EXPRESSION)
                                DLanguageOrOrExpressionImpl(OR_OR_EXPRESSION)
                                  DLanguageAndAndExpressionImpl(AND_AND_EXPRESSION)
                                    DLanguageOrExpressionImpl(OR_EXPRESSION)
                                      DLanguageXorExpressionImpl(XOR_EXPRESSION)
                                        DLanguageAndExpressionImpl(AND_EXPRESSION)
                                          DLanguageCmpExpressionImpl(CMP_EXPRESSION)
                                            DLanguageRelExpressionImpl(REL_EXPRESSION)
                                              DLanguageShiftExpressionImpl(SHIFT_EXPRESSION)
                                                DLanguageAddExpressionImpl(ADD_EXPRESSION)
                                                  DLanguageMulExpressionImpl(MUL_EXPRESSION)
                                                    DLanguagePowExpressionImpl(POW_EXPRESSION)
                                                      DLanguageUnaryExpressionImpl(UNARY_EXPRESSION)
                                                        DLanguagePrimaryExpressionImpl(PRIMARY_EXPRESSION)
                                                          DLanguageFunctionLiteralExpressionImpl(FUNCTION_LITERAL_EXPRESSION)
                                                            DLanguageParametersImpl(PARAMETERS)
                                                              PsiElement(DLanguageTokenType.()('(')
                                                              DLanguageParameterImpl(PARAMETER)
                                                                DLanguageTypeImpl(TYPE)
                                                                  DLanguageType2Impl(TYPE_2)
                                                                    DLanguageBuiltinTypeImpl(BUILTIN_TYPE)
                                                                      PsiElement(DLanguageTokenType.int)('int')
                                                                DLanguageIdentifierImpl(IDENTIFIER)
                                                                  PsiElement(DLanguageTokenType.ID)('c')
                                                              PsiElement(DLanguageTokenType.))(')')
                                                            DLanguageFunctionBodyImpl(FUNCTION_BODY)
                                                              DLanguageBlockStatementImpl(BLOCK_STATEMENT)
                                                                PsiElement(DLanguageTokenType.{)('{')
                                                                DLanguageDeclarationsAndStatementsImpl(DECLARATIONS_AND_STATEMENTS)
                                                                  DLanguageDeclarationOrStatementImpl(DECLARATION_OR_STATEMENT)
                                                                    DLanguageStatementImpl(STATEMENT)
                                                                      DLanguageStatementNoCaseNoDefaultImpl(STATEMENT_NO_CASE_NO_DEFAULT)
                                                                        DLanguageReturnStatementImpl(RETURN_STATEMENT)
                                                                          PsiElement(DLanguageTokenType.return)('return')
                                                                          DLanguageExpressionImpl(EXPRESSION)
                                                                            DLanguageAssignExpressionImpl(ASSIGN_EXPRESSION)
                                                                              DLanguageTernaryExpressionImpl(TERNARY_EXPRESSION)
                                                                                DLanguageOrOrExpressionImpl(OR_OR_EXPRESSION)
                                                                                  DLanguageAndAndExpressionImpl(AND_AND_EXPRESSION)
                                                                                    DLanguageOrExpressionImpl(OR_EXPRESSION)
                                                                                      DLanguageXorExpressionImpl(XOR_EXPRESSION)
                                                                                        DLanguageAndExpressionImpl(AND_EXPRESSION)
                                                                                          DLanguageCmpExpressionImpl(CMP_EXPRESSION)
                                                                                            DLanguageRelExpressionImpl(REL_EXPRESSION)
                                                                                              DLanguageShiftExpressionImpl(SHIFT_EXPRESSION)
                                                                                                DLanguageAddExpressionImpl(ADD_EXPRESSION)
                                                                                                  DLanguageMulExpressionImpl(MUL_EXPRESSION)
                                                                                                    DLanguagePowExpressionImpl(POW_EXPRESSION)
                                                                                                      DLanguageUnaryExpressionImpl(UNARY_EXPRESSION)
                                                                                                        DLanguagePrimaryExpressionImpl(PRIMARY_EXPRESSION)
                                                                                                          DLanguageIdentifierOrTemplateInstanceImpl(IDENTIFIER_OR_TEMPLATE_INSTANCE)
                                                                                                            DLanguageIdentifierImpl(IDENTIFIER)
                                                                                                              PsiElement(DLanguageTokenType.ID)('c')
                                                                                                    PsiElement(DLanguageTokenType.*)('*')
                                                                                                    DLanguageMulExpressionImpl(MUL_EXPRESSION)
                                                                                                      DLanguagePowExpressionImpl(POW_EXPRESSION)
                                                                                                        DLanguageUnaryExpressionImpl(UNARY_EXPRESSION)
                                                                                                          DLanguagePrimaryExpressionImpl(PRIMARY_EXPRESSION)
                                                                                                            PsiElement(DLanguageTokenType.INTEGER_LITERAL)('2')
                                                                          PsiElement(DLanguageTokenType.;)(';')
                                                                PsiElement(DLanguageTokenType.})('}')
                          PsiElement(DLanguageTokenType.))(')')
                      PsiElement(DLanguageTokenType.;)(';')
            PsiComment(DLanguageTokenType.line_comment)('// inferred to function')
            PsiComment(DLanguageTokenType.line_comment)('//def( (int c) { return c * b; } );  // error!')
            PsiComment(DLanguageTokenType.line_comment)('// Because the FunctionLiteralBody accesses b, then the function literal type')
            PsiComment(DLanguageTokenType.line_comment)('// is inferred to delegate. But def cannot receive delegate.')
            PsiElement(DLanguageTokenType.})('}')
  DLanguageDeclarationImpl(DECLARATION)
    DLanguageDeclaration2Impl(DECLARATION_2)
      DLanguageFunctionDeclarationImpl(FUNCTION_DECLARATION)
        DLanguageTypeImpl(TYPE)
          DLanguageType2Impl(TYPE_2)
            DLanguageBuiltinTypeImpl(BUILTIN_TYPE)
              PsiElement(DLanguageTokenType.void)('void')
        DLanguageIdentifierImpl(IDENTIFIER)
          PsiElement(DLanguageTokenType.ID)('foo')
        DLanguageParametersImpl(PARAMETERS)
          PsiElement(DLanguageTokenType.()('(')
          DLanguageParameterImpl(PARAMETER)
            DLanguageTypeImpl(TYPE)
              DLanguageType2Impl(TYPE_2)
                DLanguageBuiltinTypeImpl(BUILTIN_TYPE)
                  PsiElement(DLanguageTokenType.int)('int')
              DLanguageTypeSuffixImpl(TYPE_SUFFIX)
                PsiElement(DLanguageTokenType.function)('function')
                DLanguageParametersImpl(PARAMETERS)
                  PsiElement(DLanguageTokenType.()('(')
                  DLanguageParameterImpl(PARAMETER)
                    DLanguageTypeImpl(TYPE)
                      DLanguageType2Impl(TYPE_2)
                        DLanguageBuiltinTypeImpl(BUILTIN_TYPE)
                          PsiElement(DLanguageTokenType.int)('int')
                  PsiElement(DLanguageTokenType.))(')')
            DLanguageIdentifierImpl(IDENTIFIER)
              PsiElement(DLanguageTokenType.ID)('fp')
          PsiElement(DLanguageTokenType.))(')')
        PsiElement(DLanguageTokenType.;)(';')
  PsiElement(DLanguageTokenType.void)('void')
  PsiElement(DLanguageTokenType.ID)('test')
  PsiElement(DLanguageTokenType.()('(')
  PsiElement(DLanguageTokenType.))(')')
  PsiElement(DLanguageTokenType.{)('{')
  PsiElement(DLanguageTokenType.int)('int')
  PsiElement(DLanguageTokenType.function)('function')
  PsiElement(DLanguageTokenType.()('(')
  PsiElement(DLanguageTokenType.int)('int')
  PsiElement(DLanguageTokenType.))(')')
  PsiElement(DLanguageTokenType.ID)('fp')
  PsiElement(DLanguageTokenType.=)('=')
  PsiElement(DLanguageTokenType.()('(')
  PsiElement(DLanguageTokenType.ID)('n')
  PsiElement(DLanguageTokenType.))(')')
  PsiElement(DLanguageTokenType.{)('{')
  PsiErrorElement:'return' unexpected
    PsiElement(DLanguageTokenType.return)('return')
  PsiElement(DUMMY_BLOCK)
    PsiElement(DUMMY_BLOCK)
      PsiElement(DLanguageTokenType.ID)('n')
      PsiElement(DLanguageTokenType.*)('*')
      PsiElement(DLanguageTokenType.INTEGER_LITERAL)('2')
      PsiElement(DLanguageTokenType.;)(';')
      PsiElement(DLanguageTokenType.})('}')
      PsiElement(DLanguageTokenType.;)(';')
      PsiComment(DLanguageTokenType.line_comment)('// The type of parameter n is inferred to int.')
      PsiElement(DLanguageTokenType.ID)('foo')
      PsiElement(DLanguageTokenType.()('(')
      PsiElement(DLanguageTokenType.()('(')
      PsiElement(DLanguageTokenType.ID)('n')
    PsiElement(DUMMY_BLOCK)
      PsiElement(DLanguageTokenType.))(')')
      PsiElement(DLanguageTokenType.{)('{')
      PsiElement(DLanguageTokenType.return)('return')
      PsiElement(DLanguageTokenType.ID)('n')
      PsiElement(DLanguageTokenType.*)('*')
      PsiElement(DLanguageTokenType.INTEGER_LITERAL)('2')
      PsiElement(DLanguageTokenType.;)(';')
      PsiElement(DLanguageTokenType.})('}')
      PsiElement(DLanguageTokenType.))(')')
      PsiElement(DLanguageTokenType.;)(';')
    PsiElement(DUMMY_BLOCK)
      PsiComment(DLanguageTokenType.line_comment)('// The type of parameter n is inferred to int.')
      PsiElement(DLanguageTokenType.})('}')
      PsiElement(DLanguageTokenType.double)('double')
      PsiElement(DLanguageTokenType.ID)('test')
      PsiElement(DLanguageTokenType.()('(')
      PsiElement(DLanguageTokenType.))(')')
      PsiElement(DLanguageTokenType.{)('{')
      PsiElement(DLanguageTokenType.double)('double')
      PsiElement(DLanguageTokenType.ID)('d')
      PsiElement(DLanguageTokenType.=)('=')
      PsiElement(DLanguageTokenType.FLOAT_LITERAL)('7.6')
    PsiElement(DUMMY_BLOCK)
      PsiElement(DLanguageTokenType.;)(';')
      PsiElement(DLanguageTokenType.float)('float')
      PsiElement(DLanguageTokenType.ID)('f')
      PsiElement(DLanguageTokenType.=)('=')
      PsiElement(DLanguageTokenType.FLOAT_LITERAL)('2.3')
      PsiElement(DLanguageTokenType.;)(';')
      PsiElement(DLanguageTokenType.void)('void')
      PsiElement(DLanguageTokenType.ID)('loop')
      PsiElement(DLanguageTokenType.()('(')
      PsiElement(DLanguageTokenType.int)('int')
    PsiElement(DUMMY_BLOCK)
      PsiElement(DLanguageTokenType.ID)('k')
      PsiElement(DLanguageTokenType.,)(',')
      PsiElement(DLanguageTokenType.int)('int')
      PsiElement(DLanguageTokenType.ID)('j')
      PsiElement(DLanguageTokenType.,)(',')
      PsiElement(DLanguageTokenType.void)('void')
      PsiElement(DLanguageTokenType.delegate)('delegate')
      PsiElement(DLanguageTokenType.()('(')
      PsiElement(DLanguageTokenType.))(')')
      PsiElement(DLanguageTokenType.ID)('statement')
    PsiElement(DUMMY_BLOCK)
      PsiElement(DLanguageTokenType.))(')')
      PsiElement(DLanguageTokenType.{)('{')
      PsiElement(DLanguageTokenType.for)('for')
      PsiElement(DLanguageTokenType.()('(')
      PsiElement(DLanguageTokenType.int)('int')
      PsiElement(DLanguageTokenType.ID)('i')
      PsiElement(DLanguageTokenType.=)('=')
      PsiElement(DLanguageTokenType.ID)('k')
      PsiElement(DLanguageTokenType.;)(';')
      PsiElement(DLanguageTokenType.ID)('i')
    PsiElement(DUMMY_BLOCK)
      PsiElement(DLanguageTokenType.<)('<')
      PsiElement(DLanguageTokenType.ID)('j')
      PsiElement(DLanguageTokenType.;)(';')
      PsiElement(DLanguageTokenType.ID)('i')
      PsiElement(DLanguageTokenType.++)('++')
      PsiElement(DLanguageTokenType.))(')')
      PsiElement(DLanguageTokenType.{)('{')
      PsiElement(DLanguageTokenType.ID)('statement')
      PsiElement(DLanguageTokenType.()('(')
      PsiElement(DLanguageTokenType.))(')')
    PsiElement(DUMMY_BLOCK)
      PsiElement(DLanguageTokenType.;)(';')
      PsiElement(DLanguageTokenType.})('}')
      PsiElement(DLanguageTokenType.})('}')
      PsiElement(DLanguageTokenType.ID)('loop')
      PsiElement(DLanguageTokenType.()('(')
      PsiElement(DLanguageTokenType.INTEGER_LITERAL)('5')
      PsiElement(DLanguageTokenType.,)(',')
      PsiElement(DLanguageTokenType.INTEGER_LITERAL)('100')
      PsiElement(DLanguageTokenType.,)(',')
      PsiElement(DLanguageTokenType.{)('{')
    PsiElement(DUMMY_BLOCK)
      PsiElement(DLanguageTokenType.ID)('d')
      PsiElement(DLanguageTokenType.+=)('+=')
      PsiElement(DLanguageTokenType.INTEGER_LITERAL)('1')
      PsiElement(DLanguageTokenType.;)(';')
      PsiElement(DLanguageTokenType.})('}')
      PsiElement(DLanguageTokenType.))(')')
      PsiElement(DLanguageTokenType.;)(';')
      PsiElement(DLanguageTokenType.ID)('loop')
      PsiElement(DLanguageTokenType.()('(')
      PsiElement(DLanguageTokenType.INTEGER_LITERAL)('3')
    PsiElement(DUMMY_BLOCK)
      PsiElement(DLanguageTokenType.,)(',')
      PsiElement(DLanguageTokenType.INTEGER_LITERAL)('10')
      PsiElement(DLanguageTokenType.,)(',')
      PsiElement(DLanguageTokenType.{)('{')
      PsiElement(DLanguageTokenType.ID)('f')
      PsiElement(DLanguageTokenType.+=)('+=')
      PsiElement(DLanguageTokenType.INTEGER_LITERAL)('3')
      PsiElement(DLanguageTokenType.;)(';')
      PsiElement(DLanguageTokenType.})('}')
      PsiElement(DLanguageTokenType.))(')')
  PsiElement(DLanguageTokenType.;)(';')
  PsiElement(DLanguageTokenType.return)('return')
  PsiElement(DLanguageTokenType.ID)('d')
  PsiElement(DLanguageTokenType.+)('+')
  PsiElement(DLanguageTokenType.ID)('f')
  PsiElement(DLanguageTokenType.;)(';')
  PsiElement(DLanguageTokenType.})('}')