D Language File
  DLanguageStatementImpl(STATEMENT)
    DLanguageNonEmptyStatementImpl(NON_EMPTY_STATEMENT)
      DLanguageNonEmptyStatementNoCaseNoDefaultImpl(NON_EMPTY_STATEMENT_NO_CASE_NO_DEFAULT)
        DLanguageExpressionStatementImpl(EXPRESSION_STATEMENT)
          DLanguageExpressionImpl(EXPRESSION)
            DLanguageCommaExpressionImpl(COMMA_EXPRESSION)
              DLanguageAssignExpressionImpl(ASSIGN_EXPRESSION)
                DLanguageConditionalExpressionImpl(CONDITIONAL_EXPRESSION)
                  DLanguageOrOrExpressionImpl(OR_OR_EXPRESSION)
                    DLanguageAndAndExpressionImpl(AND_AND_EXPRESSION)
                      DLanguageOrExpressionImpl(OR_EXPRESSION)
                        DLanguageXorExpressionImpl(XOR_EXPRESSION)
                          DLanguageAndExpressionImpl(AND_EXPRESSION)
                            DLanguageShiftExpressionImpl(SHIFT_EXPRESSION)
                              DLanguageAddExpressionImpl(ADD_EXPRESSION)
                                DLanguageMulExpressionImpl(MUL_EXPRESSION)
                                  DLanguageUnaryExpressionImpl(UNARY_EXPRESSION)
                                    DLanguagePowExpressionImpl(POW_EXPRESSION)
                                      DLanguagePostfixExpressionImpl(POSTFIX_EXPRESSION)
                                        PRIMARY_EXPRESSION
                                          DLanguageIdentifierImpl(IDENTIFIER)
                                            PsiElement(DLanguageTokenType.ID)('x')
                        DLanguageOrExpressionImpl(OR_EXPRESSION)
                          DLanguageXorExpressionImpl(XOR_EXPRESSION)
                            DLanguageAndExpressionImpl(AND_EXPRESSION)
                              DLanguageShiftExpressionImpl(SHIFT_EXPRESSION)
                                DLanguageAddExpressionImpl(ADD_EXPRESSION)
                                  DLanguageMulExpressionImpl(MUL_EXPRESSION)
                                    DLanguageUnaryExpressionImpl(UNARY_EXPRESSION)
                                      DLanguagePowExpressionImpl(POW_EXPRESSION)
                                        DLanguagePostfixExpressionImpl(POSTFIX_EXPRESSION)
                                          PRIMARY_EXPRESSION
                                            PsiElement(DLanguageTokenType..)('.')
                                            DLanguageIdentifierImpl(IDENTIFIER)
                                              PsiElement(DLanguageTokenType.ID)('re')
                      DLanguageAndAndExpressionImpl(AND_AND_EXPRESSION)
                        DLanguageCmpExpressionImpl(CMP_EXPRESSION)
                          DLanguageEqualExpressionImpl(EQUAL_EXPRESSION)
                            PsiElement(DLanguageTokenType.==)('==')
                            DLanguageShiftExpressionImpl(SHIFT_EXPRESSION)
                              DLanguageAddExpressionImpl(ADD_EXPRESSION)
                                DLanguageMulExpressionImpl(MUL_EXPRESSION)
                                  DLanguageUnaryExpressionImpl(UNARY_EXPRESSION)
                                    DLanguagePowExpressionImpl(POW_EXPRESSION)
                                      DLanguagePostfixExpressionImpl(POSTFIX_EXPRESSION)
                                        PRIMARY_EXPRESSION
                                          DLanguageIdentifierImpl(IDENTIFIER)
                                            PsiElement(DLanguageTokenType.ID)('y')
                        DLanguageAndAndExpressionImpl(AND_AND_EXPRESSION)
                          DLanguageOrExpressionImpl(OR_EXPRESSION)
                            DLanguageXorExpressionImpl(XOR_EXPRESSION)
                              DLanguageAndExpressionImpl(AND_EXPRESSION)
                                DLanguageShiftExpressionImpl(SHIFT_EXPRESSION)
                                  DLanguageAddExpressionImpl(ADD_EXPRESSION)
                                    DLanguageMulExpressionImpl(MUL_EXPRESSION)
                                      DLanguageUnaryExpressionImpl(UNARY_EXPRESSION)
                                        DLanguagePowExpressionImpl(POW_EXPRESSION)
                                          DLanguagePostfixExpressionImpl(POSTFIX_EXPRESSION)
                                            PRIMARY_EXPRESSION
                                              PsiElement(DLanguageTokenType..)('.')
                                              DLanguageIdentifierImpl(IDENTIFIER)
                                                PsiElement(DLanguageTokenType.ID)('re')
                          DLanguageAndAndExpressionImpl(AND_AND_EXPRESSION)
                            PsiElement(DLanguageTokenType.&&)('&&')
                            DLanguageOrExpressionImpl(OR_EXPRESSION)
                              DLanguageXorExpressionImpl(XOR_EXPRESSION)
                                DLanguageAndExpressionImpl(AND_EXPRESSION)
                                  DLanguageShiftExpressionImpl(SHIFT_EXPRESSION)
                                    DLanguageAddExpressionImpl(ADD_EXPRESSION)
                                      DLanguageMulExpressionImpl(MUL_EXPRESSION)
                                        DLanguageUnaryExpressionImpl(UNARY_EXPRESSION)
                                          DLanguagePowExpressionImpl(POW_EXPRESSION)
                                            DLanguagePostfixExpressionImpl(POSTFIX_EXPRESSION)
                                              PRIMARY_EXPRESSION
                                                DLanguageIdentifierImpl(IDENTIFIER)
                                                  PsiElement(DLanguageTokenType.ID)('x')
                              DLanguageOrExpressionImpl(OR_EXPRESSION)
                                DLanguageXorExpressionImpl(XOR_EXPRESSION)
                                  DLanguageAndExpressionImpl(AND_EXPRESSION)
                                    DLanguageShiftExpressionImpl(SHIFT_EXPRESSION)
                                      DLanguageAddExpressionImpl(ADD_EXPRESSION)
                                        DLanguageMulExpressionImpl(MUL_EXPRESSION)
                                          DLanguageUnaryExpressionImpl(UNARY_EXPRESSION)
                                            DLanguagePowExpressionImpl(POW_EXPRESSION)
                                              DLanguagePostfixExpressionImpl(POSTFIX_EXPRESSION)
                                                PRIMARY_EXPRESSION
                                                  PsiElement(DLanguageTokenType..)('.')
                                                  DLanguageIdentifierImpl(IDENTIFIER)
                                                    PsiElement(DLanguageTokenType.ID)('im')
                            DLanguageAndAndExpressionImpl(AND_AND_EXPRESSION)
                              DLanguageCmpExpressionImpl(CMP_EXPRESSION)
                                DLanguageEqualExpressionImpl(EQUAL_EXPRESSION)
                                  PsiElement(DLanguageTokenType.==)('==')
                                  DLanguageShiftExpressionImpl(SHIFT_EXPRESSION)
                                    DLanguageAddExpressionImpl(ADD_EXPRESSION)
                                      DLanguageMulExpressionImpl(MUL_EXPRESSION)
                                        DLanguageUnaryExpressionImpl(UNARY_EXPRESSION)
                                          DLanguagePowExpressionImpl(POW_EXPRESSION)
                                            DLanguagePostfixExpressionImpl(POSTFIX_EXPRESSION)
                                              PRIMARY_EXPRESSION
                                                DLanguageIdentifierImpl(IDENTIFIER)
                                                  PsiElement(DLanguageTokenType.ID)('y')
                              DLanguageAndAndExpressionImpl(AND_AND_EXPRESSION)
                                DLanguageOrExpressionImpl(OR_EXPRESSION)
                                  DLanguageXorExpressionImpl(XOR_EXPRESSION)
                                    DLanguageAndExpressionImpl(AND_EXPRESSION)
                                      DLanguageShiftExpressionImpl(SHIFT_EXPRESSION)
                                        DLanguageAddExpressionImpl(ADD_EXPRESSION)
                                          DLanguageMulExpressionImpl(MUL_EXPRESSION)
                                            DLanguageUnaryExpressionImpl(UNARY_EXPRESSION)
                                              DLanguagePowExpressionImpl(POW_EXPRESSION)
                                                DLanguagePostfixExpressionImpl(POSTFIX_EXPRESSION)
                                                  PRIMARY_EXPRESSION
                                                    PsiElement(DLanguageTokenType..)('.')
                                                    DLanguageIdentifierImpl(IDENTIFIER)
                                                      PsiElement(DLanguageTokenType.ID)('im')
          PsiElement(DLanguageTokenType.;)(';')
  DLanguageStatementImpl(STATEMENT)
    DLanguageNonEmptyStatementImpl(NON_EMPTY_STATEMENT)
      DLanguageNonEmptyStatementNoCaseNoDefaultImpl(NON_EMPTY_STATEMENT_NO_CASE_NO_DEFAULT)
        DLanguageExpressionStatementImpl(EXPRESSION_STATEMENT)
          DLanguageExpressionImpl(EXPRESSION)
            DLanguageCommaExpressionImpl(COMMA_EXPRESSION)
              DLanguageAssignExpressionImpl(ASSIGN_EXPRESSION)
                DLanguageConditionalExpressionImpl(CONDITIONAL_EXPRESSION)
                  DLanguageOrOrExpressionImpl(OR_OR_EXPRESSION)
                    DLanguageAndAndExpressionImpl(AND_AND_EXPRESSION)
                      DLanguageOrExpressionImpl(OR_EXPRESSION)
                        DLanguageXorExpressionImpl(XOR_EXPRESSION)
                          DLanguageAndExpressionImpl(AND_EXPRESSION)
                            DLanguageShiftExpressionImpl(SHIFT_EXPRESSION)
                              DLanguageAddExpressionImpl(ADD_EXPRESSION)
                                DLanguageMulExpressionImpl(MUL_EXPRESSION)
                                  DLanguageUnaryExpressionImpl(UNARY_EXPRESSION)
                                    DLanguagePowExpressionImpl(POW_EXPRESSION)
                                      DLanguagePostfixExpressionImpl(POSTFIX_EXPRESSION)
                                        PRIMARY_EXPRESSION
                                          DLanguageIdentifierImpl(IDENTIFIER)
                                            PsiElement(DLanguageTokenType.ID)('x')
                        DLanguageOrExpressionImpl(OR_EXPRESSION)
                          DLanguageXorExpressionImpl(XOR_EXPRESSION)
                            DLanguageAndExpressionImpl(AND_EXPRESSION)
                              DLanguageShiftExpressionImpl(SHIFT_EXPRESSION)
                                DLanguageAddExpressionImpl(ADD_EXPRESSION)
                                  DLanguageMulExpressionImpl(MUL_EXPRESSION)
                                    DLanguageUnaryExpressionImpl(UNARY_EXPRESSION)
                                      DLanguagePowExpressionImpl(POW_EXPRESSION)
                                        DLanguagePostfixExpressionImpl(POSTFIX_EXPRESSION)
                                          PRIMARY_EXPRESSION
                                            PsiElement(DLanguageTokenType..)('.')
                                            DLanguageIdentifierImpl(IDENTIFIER)
                                              PsiElement(DLanguageTokenType.ID)('re')
                      DLanguageAndAndExpressionImpl(AND_AND_EXPRESSION)
                        DLanguageCmpExpressionImpl(CMP_EXPRESSION)
                          DLanguageEqualExpressionImpl(EQUAL_EXPRESSION)
                            PsiElement(DLanguageTokenType.!=)('!=')
                            DLanguageShiftExpressionImpl(SHIFT_EXPRESSION)
                              DLanguageAddExpressionImpl(ADD_EXPRESSION)
                                DLanguageMulExpressionImpl(MUL_EXPRESSION)
                                  DLanguageUnaryExpressionImpl(UNARY_EXPRESSION)
                                    DLanguagePowExpressionImpl(POW_EXPRESSION)
                                      DLanguagePostfixExpressionImpl(POSTFIX_EXPRESSION)
                                        PRIMARY_EXPRESSION
                                          DLanguageIdentifierImpl(IDENTIFIER)
                                            PsiElement(DLanguageTokenType.ID)('y')
                        DLanguageAndAndExpressionImpl(AND_AND_EXPRESSION)
                          DLanguageOrExpressionImpl(OR_EXPRESSION)
                            DLanguageXorExpressionImpl(XOR_EXPRESSION)
                              DLanguageAndExpressionImpl(AND_EXPRESSION)
                                DLanguageShiftExpressionImpl(SHIFT_EXPRESSION)
                                  DLanguageAddExpressionImpl(ADD_EXPRESSION)
                                    DLanguageMulExpressionImpl(MUL_EXPRESSION)
                                      DLanguageUnaryExpressionImpl(UNARY_EXPRESSION)
                                        DLanguagePowExpressionImpl(POW_EXPRESSION)
                                          DLanguagePostfixExpressionImpl(POSTFIX_EXPRESSION)
                                            PRIMARY_EXPRESSION
                                              PsiElement(DLanguageTokenType..)('.')
                                              DLanguageIdentifierImpl(IDENTIFIER)
                                                PsiElement(DLanguageTokenType.ID)('re')
                    PsiElement(DLanguageTokenType.||)('||')
                    DLanguageOrOrExpressionImpl(OR_OR_EXPRESSION)
                      DLanguageAndAndExpressionImpl(AND_AND_EXPRESSION)
                        DLanguageOrExpressionImpl(OR_EXPRESSION)
                          DLanguageXorExpressionImpl(XOR_EXPRESSION)
                            DLanguageAndExpressionImpl(AND_EXPRESSION)
                              DLanguageShiftExpressionImpl(SHIFT_EXPRESSION)
                                DLanguageAddExpressionImpl(ADD_EXPRESSION)
                                  DLanguageMulExpressionImpl(MUL_EXPRESSION)
                                    DLanguageUnaryExpressionImpl(UNARY_EXPRESSION)
                                      DLanguagePowExpressionImpl(POW_EXPRESSION)
                                        DLanguagePostfixExpressionImpl(POSTFIX_EXPRESSION)
                                          PRIMARY_EXPRESSION
                                            DLanguageIdentifierImpl(IDENTIFIER)
                                              PsiElement(DLanguageTokenType.ID)('x')
                          DLanguageOrExpressionImpl(OR_EXPRESSION)
                            DLanguageXorExpressionImpl(XOR_EXPRESSION)
                              DLanguageAndExpressionImpl(AND_EXPRESSION)
                                DLanguageShiftExpressionImpl(SHIFT_EXPRESSION)
                                  DLanguageAddExpressionImpl(ADD_EXPRESSION)
                                    DLanguageMulExpressionImpl(MUL_EXPRESSION)
                                      DLanguageUnaryExpressionImpl(UNARY_EXPRESSION)
                                        DLanguagePowExpressionImpl(POW_EXPRESSION)
                                          DLanguagePostfixExpressionImpl(POSTFIX_EXPRESSION)
                                            PRIMARY_EXPRESSION
                                              PsiElement(DLanguageTokenType..)('.')
                                              DLanguageIdentifierImpl(IDENTIFIER)
                                                PsiElement(DLanguageTokenType.ID)('im')
                        DLanguageAndAndExpressionImpl(AND_AND_EXPRESSION)
                          DLanguageCmpExpressionImpl(CMP_EXPRESSION)
                            DLanguageEqualExpressionImpl(EQUAL_EXPRESSION)
                              PsiElement(DLanguageTokenType.!=)('!=')
                              DLanguageShiftExpressionImpl(SHIFT_EXPRESSION)
                                DLanguageAddExpressionImpl(ADD_EXPRESSION)
                                  DLanguageMulExpressionImpl(MUL_EXPRESSION)
                                    DLanguageUnaryExpressionImpl(UNARY_EXPRESSION)
                                      DLanguagePowExpressionImpl(POW_EXPRESSION)
                                        DLanguagePostfixExpressionImpl(POSTFIX_EXPRESSION)
                                          PRIMARY_EXPRESSION
                                            DLanguageIdentifierImpl(IDENTIFIER)
                                              PsiElement(DLanguageTokenType.ID)('y')
                          DLanguageAndAndExpressionImpl(AND_AND_EXPRESSION)
                            DLanguageOrExpressionImpl(OR_EXPRESSION)
                              DLanguageXorExpressionImpl(XOR_EXPRESSION)
                                DLanguageAndExpressionImpl(AND_EXPRESSION)
                                  DLanguageShiftExpressionImpl(SHIFT_EXPRESSION)
                                    DLanguageAddExpressionImpl(ADD_EXPRESSION)
                                      DLanguageMulExpressionImpl(MUL_EXPRESSION)
                                        DLanguageUnaryExpressionImpl(UNARY_EXPRESSION)
                                          DLanguagePowExpressionImpl(POW_EXPRESSION)
                                            DLanguagePostfixExpressionImpl(POSTFIX_EXPRESSION)
                                              PRIMARY_EXPRESSION
                                                PsiElement(DLanguageTokenType..)('.')
                                                DLanguageIdentifierImpl(IDENTIFIER)
                                                  PsiElement(DLanguageTokenType.ID)('im')
          PsiElement(DLanguageTokenType.;)(';')