D Language File
  DLanguageDeclarationImpl(DECLARATION)
    DLanguageDeclaration2Impl(DECLARATION_2)
      DLanguageImportDeclarationImpl(IMPORT_DECLARATION)
        PsiElement(DLanguageTokenType.import)('import')
        DLanguageSingleImportImpl(SINGLE_IMPORT)
          DLanguageIdentifierChainImpl(IDENTIFIER_CHAIN)
            DLanguageIdentifierImpl(IDENTIFIER)
              PsiElement(DLanguageTokenType.ID)('std')
            PsiElement(DLanguageTokenType..)('.')
            DLanguageIdentifierImpl(IDENTIFIER)
              PsiElement(DLanguageTokenType.ID)('stdio')
        PsiElement(DLanguageTokenType.;)(';')
  DLanguageDeclarationImpl(DECLARATION)
    DLanguageDeclaration2Impl(DECLARATION_2)
      DLanguageImportDeclarationImpl(IMPORT_DECLARATION)
        PsiElement(DLanguageTokenType.import)('import')
        DLanguageSingleImportImpl(SINGLE_IMPORT)
          DLanguageIdentifierChainImpl(IDENTIFIER_CHAIN)
            DLanguageIdentifierImpl(IDENTIFIER)
              PsiElement(DLanguageTokenType.ID)('foo')
        PsiElement(DLanguageTokenType.,)(',')
        DLanguageSingleImportImpl(SINGLE_IMPORT)
          DLanguageIdentifierChainImpl(IDENTIFIER_CHAIN)
            DLanguageIdentifierImpl(IDENTIFIER)
              PsiElement(DLanguageTokenType.ID)('bar')
        PsiElement(DLanguageTokenType.;)(';')
  DLanguageDeclarationImpl(DECLARATION)
    DLanguageAttributeImpl(ATTRIBUTE)
      PsiElement(DLanguageTokenType.public)('public')
    DLanguageDeclaration2Impl(DECLARATION_2)
      DLanguageImportDeclarationImpl(IMPORT_DECLARATION)
        PsiElement(DLanguageTokenType.import)('import')
        DLanguageSingleImportImpl(SINGLE_IMPORT)
          DLanguageIdentifierChainImpl(IDENTIFIER_CHAIN)
            DLanguageIdentifierImpl(IDENTIFIER)
              PsiElement(DLanguageTokenType.ID)('B')
        PsiElement(DLanguageTokenType.;)(';')
  DLanguageDeclarationImpl(DECLARATION)
    DLanguageAttributeImpl(ATTRIBUTE)
      PsiElement(DLanguageTokenType.static)('static')
    DLanguageDeclaration2Impl(DECLARATION_2)
      DLanguageImportDeclarationImpl(IMPORT_DECLARATION)
        PsiElement(DLanguageTokenType.import)('import')
        DLanguageSingleImportImpl(SINGLE_IMPORT)
          DLanguageIdentifierChainImpl(IDENTIFIER_CHAIN)
            DLanguageIdentifierImpl(IDENTIFIER)
              PsiElement(DLanguageTokenType.ID)('std')
            PsiElement(DLanguageTokenType..)('.')
            DLanguageIdentifierImpl(IDENTIFIER)
              PsiElement(DLanguageTokenType.ID)('stdio')
        PsiElement(DLanguageTokenType.;)(';')
  DLanguageDeclarationImpl(DECLARATION)
    DLanguageDeclaration2Impl(DECLARATION_2)
      DLanguageImportDeclarationImpl(IMPORT_DECLARATION)
        PsiElement(DLanguageTokenType.import)('import')
        DLanguageSingleImportImpl(SINGLE_IMPORT)
          DLanguageIdentifierImpl(IDENTIFIER)
            PsiElement(DLanguageTokenType.ID)('io')
          PsiElement(DLanguageTokenType.=)('=')
          DLanguageIdentifierChainImpl(IDENTIFIER_CHAIN)
            DLanguageIdentifierImpl(IDENTIFIER)
              PsiElement(DLanguageTokenType.ID)('std')
            PsiElement(DLanguageTokenType..)('.')
            DLanguageIdentifierImpl(IDENTIFIER)
              PsiElement(DLanguageTokenType.ID)('stdio')
        PsiElement(DLanguageTokenType.;)(';')
  DLanguageDeclarationImpl(DECLARATION)
    DLanguageDeclaration2Impl(DECLARATION_2)
      DLanguageImportDeclarationImpl(IMPORT_DECLARATION)
        PsiElement(DLanguageTokenType.import)('import')
        DLanguageImportBindingsImpl(IMPORT_BINDINGS)
          DLanguageSingleImportImpl(SINGLE_IMPORT)
            DLanguageIdentifierChainImpl(IDENTIFIER_CHAIN)
              DLanguageIdentifierImpl(IDENTIFIER)
                PsiElement(DLanguageTokenType.ID)('std')
              PsiElement(DLanguageTokenType..)('.')
              DLanguageIdentifierImpl(IDENTIFIER)
                PsiElement(DLanguageTokenType.ID)('stdio')
          PsiElement(DLanguageTokenType.:)(':')
          DLanguageImportBindImpl(IMPORT_BIND)
            DLanguageIdentifierImpl(IDENTIFIER)
              PsiElement(DLanguageTokenType.ID)('writeln')
          PsiElement(DLanguageTokenType.,)(',')
          DLanguageImportBindImpl(IMPORT_BIND)
            DLanguageIdentifierImpl(IDENTIFIER)
              PsiElement(DLanguageTokenType.ID)('foo')
            PsiElement(DLanguageTokenType.=)('=')
            DLanguageIdentifierImpl(IDENTIFIER)
              PsiElement(DLanguageTokenType.ID)('write')
        PsiElement(DLanguageTokenType.;)(';')
  DLanguageDeclarationImpl(DECLARATION)
    DLanguageDeclaration2Impl(DECLARATION_2)
      DLanguageImportDeclarationImpl(IMPORT_DECLARATION)
        PsiElement(DLanguageTokenType.import)('import')
        DLanguageImportBindingsImpl(IMPORT_BINDINGS)
          DLanguageSingleImportImpl(SINGLE_IMPORT)
            DLanguageIdentifierImpl(IDENTIFIER)
              PsiElement(DLanguageTokenType.ID)('io')
            PsiElement(DLanguageTokenType.=)('=')
            DLanguageIdentifierChainImpl(IDENTIFIER_CHAIN)
              DLanguageIdentifierImpl(IDENTIFIER)
                PsiElement(DLanguageTokenType.ID)('std')
              PsiElement(DLanguageTokenType..)('.')
              DLanguageIdentifierImpl(IDENTIFIER)
                PsiElement(DLanguageTokenType.ID)('stdio')
          PsiElement(DLanguageTokenType.:)(':')
          DLanguageImportBindImpl(IMPORT_BIND)
            DLanguageIdentifierImpl(IDENTIFIER)
              PsiElement(DLanguageTokenType.ID)('foo')
            PsiElement(DLanguageTokenType.=)('=')
            DLanguageIdentifierImpl(IDENTIFIER)
              PsiElement(DLanguageTokenType.ID)('writeln')
        PsiElement(DLanguageTokenType.;)(';')
  DLanguageDeclarationImpl(DECLARATION)
    DLanguageDeclaration2Impl(DECLARATION_2)
      DLanguageFunctionDeclarationImpl(FUNCTION_DECLARATION)
        DLanguageTypeImpl(TYPE)
          DLanguageType2Impl(TYPE_2)
            DLanguageBuiltinTypeImpl(BUILTIN_TYPE)
              PsiElement(DLanguageTokenType.void)('void')
        DLanguageIdentifierImpl(IDENTIFIER)
          PsiElement(DLanguageTokenType.ID)('main')
        DLanguageParametersImpl(PARAMETERS)
          PsiElement(DLanguageTokenType.()('(')
          PsiElement(DLanguageTokenType.))(')')
        DLanguageFunctionBodyImpl(FUNCTION_BODY)
          DLanguageBlockStatementImpl(BLOCK_STATEMENT)
            PsiElement(DLanguageTokenType.{)('{')
            DLanguageDeclarationsAndStatementsImpl(DECLARATIONS_AND_STATEMENTS)
              DLanguageDeclarationOrStatementImpl(DECLARATION_OR_STATEMENT)
                DLanguageDeclarationImpl(DECLARATION)
                  DLanguageDeclaration2Impl(DECLARATION_2)
                    DLanguageImportDeclarationImpl(IMPORT_DECLARATION)
                      PsiElement(DLanguageTokenType.import)('import')
                      DLanguageSingleImportImpl(SINGLE_IMPORT)
                        DLanguageIdentifierChainImpl(IDENTIFIER_CHAIN)
                          DLanguageIdentifierImpl(IDENTIFIER)
                            PsiElement(DLanguageTokenType.ID)('std')
                          PsiElement(DLanguageTokenType..)('.')
                          DLanguageIdentifierImpl(IDENTIFIER)
                            PsiElement(DLanguageTokenType.ID)('stdio')
                      PsiElement(DLanguageTokenType.;)(';')
              DLanguageDeclarationOrStatementImpl(DECLARATION_OR_STATEMENT)
                DLanguageStatementImpl(STATEMENT)
                  DLanguageStatementNoCaseNoDefaultImpl(STATEMENT_NO_CASE_NO_DEFAULT)
                    DLanguageFunctionCallStatementImpl(FUNCTION_CALL_STATEMENT)
                      DLanguageFunctionCallExpressionImpl(FUNCTION_CALL_EXPRESSION)
                        DLanguageTypeImpl(TYPE)
                          DLanguageType2Impl(TYPE_2)
                            DLanguageSymbolImpl(SYMBOL)
                              DLanguageIdentifierOrTemplateChainImpl(IDENTIFIER_OR_TEMPLATE_CHAIN)
                                DLanguageIdentifierOrTemplateInstanceImpl(IDENTIFIER_OR_TEMPLATE_INSTANCE)
                                  DLanguageIdentifierImpl(IDENTIFIER)
                                    PsiElement(DLanguageTokenType.ID)('writeln')
                        DLanguageArgumentsImpl(ARGUMENTS)
                          PsiElement(DLanguageTokenType.()('(')
                          DLanguageArgumentListImpl(ARGUMENT_LIST)
                            DLanguageAssignExpressionImpl(ASSIGN_EXPRESSION)
                              DLanguageTernaryExpressionImpl(TERNARY_EXPRESSION)
                                DLanguageOrOrExpressionImpl(OR_OR_EXPRESSION)
                                  DLanguageAndAndExpressionImpl(AND_AND_EXPRESSION)
                                    DLanguageOrExpressionImpl(OR_EXPRESSION)
                                      DLanguageXorExpressionImpl(XOR_EXPRESSION)
                                        DLanguageAndExpressionImpl(AND_EXPRESSION)
                                          DLanguageCmpExpressionImpl(CMP_EXPRESSION)
                                            DLanguageRelExpressionImpl(REL_EXPRESSION)
                                              DLanguageShiftExpressionImpl(SHIFT_EXPRESSION)
                                                DLanguageAddExpressionImpl(ADD_EXPRESSION)
                                                  DLanguageMulExpressionImpl(MUL_EXPRESSION)
                                                    DLanguagePowExpressionImpl(POW_EXPRESSION)
                                                      DLanguageUnaryExpressionImpl(UNARY_EXPRESSION)
                                                        DLanguagePrimaryExpressionImpl(PRIMARY_EXPRESSION)
                                                          DLanguageStringLiteralImpl(STRING_LITERAL)
                                                            PsiElement(DLanguageTokenType.DOUBLE_QUOTED_STRING)('"bar"')
                          PsiElement(DLanguageTokenType.))(')')
                      PsiElement(DLanguageTokenType.;)(';')
            PsiElement(DLanguageTokenType.})('}')