D Language File
  DLanguageDeclDefsImpl(DECL_DEFS)
    DLanguageDeclDefImpl(DECL_DEF)
      DLanguageAttributeSpecifierImpl(ATTRIBUTE_SPECIFIER)
        DLanguageAttributeImpl(ATTRIBUTE)
          DLanguagePragmaImpl(PRAGMA)
            PsiElement(DLanguageTokenType.pragma)('pragma')
            PsiElement(DLanguageTokenType.()('(')
            DLanguageIdentifierImpl(IDENTIFIER)
              PsiElement(DLanguageTokenType.ID)('inline')
            PsiElement(DLanguageTokenType.))(')')
        DLanguageDeclarationBlockImpl(DECLARATION_BLOCK)
          DLanguageDeclDefImpl(DECL_DEF)
            DLanguageAttributeSpecifierImpl(ATTRIBUTE_SPECIFIER)
              DLanguageAttributeImpl(ATTRIBUTE)
                DLanguagePragmaImpl(PRAGMA)
                  PsiElement(DLanguageTokenType.pragma)('pragma')
                  PsiElement(DLanguageTokenType.()('(')
                  DLanguageIdentifierImpl(IDENTIFIER)
                    PsiElement(DLanguageTokenType.ID)('inline')
                  PsiElement(DLanguageTokenType.,)(',')
                  DLanguageArgumentListImpl(ARGUMENT_LIST)
                    DLanguageAssignExpressionImpl(ASSIGN_EXPRESSION)
                      DLanguageConditionalExpressionImpl(CONDITIONAL_EXPRESSION)
                        DLanguageOrOrExpressionImpl(OR_OR_EXPRESSION)
                          DLanguageAndAndExpressionImpl(AND_AND_EXPRESSION)
                            DLanguageOrExpressionImpl(OR_EXPRESSION)
                              DLanguageXorExpressionImpl(XOR_EXPRESSION)
                                DLanguageAndExpressionImpl(AND_EXPRESSION)
                                  DLanguageShiftExpressionImpl(SHIFT_EXPRESSION)
                                    DLanguageAddExpressionImpl(ADD_EXPRESSION)
                                      DLanguageMulExpressionImpl(MUL_EXPRESSION)
                                        DLanguageUnaryExpressionImpl(UNARY_EXPRESSION)
                                          DLanguagePowExpressionImpl(POW_EXPRESSION)
                                            DLanguagePostfixExpressionImpl(POSTFIX_EXPRESSION)
                                              DLanguagePrimaryExpressionImpl(PRIMARY_EXPRESSION)
                                                PsiElement(DLanguageTokenType.false)('false')
                  PsiElement(DLanguageTokenType.))(')')
              DLanguageDeclarationBlockImpl(DECLARATION_BLOCK)
                DLanguageDeclDefImpl(DECL_DEF)
                  DLanguageAttributeSpecifierImpl(ATTRIBUTE_SPECIFIER)
                    DLanguageAttributeImpl(ATTRIBUTE)
                      DLanguagePragmaImpl(PRAGMA)
                        PsiElement(DLanguageTokenType.pragma)('pragma')
                        PsiElement(DLanguageTokenType.()('(')
                        DLanguageIdentifierImpl(IDENTIFIER)
                          PsiElement(DLanguageTokenType.ID)('inline')
                        PsiElement(DLanguageTokenType.,)(',')
                        DLanguageArgumentListImpl(ARGUMENT_LIST)
                          DLanguageAssignExpressionImpl(ASSIGN_EXPRESSION)
                            DLanguageConditionalExpressionImpl(CONDITIONAL_EXPRESSION)
                              DLanguageOrOrExpressionImpl(OR_OR_EXPRESSION)
                                DLanguageAndAndExpressionImpl(AND_AND_EXPRESSION)
                                  DLanguageOrExpressionImpl(OR_EXPRESSION)
                                    DLanguageXorExpressionImpl(XOR_EXPRESSION)
                                      DLanguageAndExpressionImpl(AND_EXPRESSION)
                                        DLanguageShiftExpressionImpl(SHIFT_EXPRESSION)
                                          DLanguageAddExpressionImpl(ADD_EXPRESSION)
                                            DLanguageMulExpressionImpl(MUL_EXPRESSION)
                                              DLanguageUnaryExpressionImpl(UNARY_EXPRESSION)
                                                DLanguagePowExpressionImpl(POW_EXPRESSION)
                                                  DLanguagePostfixExpressionImpl(POSTFIX_EXPRESSION)
                                                    DLanguagePrimaryExpressionImpl(PRIMARY_EXPRESSION)
                                                      PsiElement(DLanguageTokenType.true)('true')
                        PsiElement(DLanguageTokenType.))(')')
                    DLanguageDeclarationBlockImpl(DECLARATION_BLOCK)
                      DLanguageDeclDefImpl(DECL_DEF)
                        DLanguageAttributeSpecifierImpl(ATTRIBUTE_SPECIFIER)
                          DLanguageAttributeImpl(ATTRIBUTE)
                            DLanguagePragmaImpl(PRAGMA)
                              PsiElement(DLanguageTokenType.pragma)('pragma')
                              PsiElement(DLanguageTokenType.()('(')
                              DLanguageIdentifierImpl(IDENTIFIER)
                                PsiElement(DLanguageTokenType.ID)('inline')
                              PsiElement(DLanguageTokenType.))(')')
                          PsiElement(DLanguageTokenType.:)(':')
    DLanguageDeclDefsImpl(DECL_DEFS)
      DLanguageDeclDefImpl(DECL_DEF)
        DLanguageDeclarationImpl(DECLARATION)
          FUNC_DECLARATION
            DLanguageBasicTypeImpl(BASIC_TYPE)
              DLanguageBasicTypeXImpl(BASIC_TYPE_X)
                PsiElement(DLanguageTokenType.int)('int')
            DLanguageFuncDeclaratorImpl(FUNC_DECLARATOR)
              DLanguageIdentifierImpl(IDENTIFIER)
                PsiElement(DLanguageTokenType.ID)('foo')
              DLanguageFuncDeclaratorSuffixImpl(FUNC_DECLARATOR_SUFFIX)
                DLanguageParametersImpl(PARAMETERS)
                  PsiElement(DLanguageTokenType.()('(')
                  DLanguageParameterListImpl(PARAMETER_LIST)
                    DLanguageParameterImpl(PARAMETER)
                      DLanguageBasicTypeImpl(BASIC_TYPE)
                        DLanguageBasicTypeXImpl(BASIC_TYPE_X)
                          PsiElement(DLanguageTokenType.int)('int')
                      DLanguageDeclaratorImpl(DECLARATOR)
                        DLanguageVarDeclaratorImpl(VAR_DECLARATOR)
                          DLanguageIdentifierImpl(IDENTIFIER)
                            PsiElement(DLanguageTokenType.ID)('x')
                  PsiElement(DLanguageTokenType.))(')')
            PsiComment(DLanguageTokenType.line_comment)('// foo() is never inlined')
            DLanguageFunctionBodyImpl(FUNCTION_BODY)
              DLanguageBlockStatementImpl(BLOCK_STATEMENT)
                PsiElement(DLanguageTokenType.{)('{')
                DLanguageStatementListImpl(STATEMENT_LIST)
                  DLanguageStatementImpl(STATEMENT)
                    DLanguageNonEmptyStatementImpl(NON_EMPTY_STATEMENT)
                      DLanguageNonEmptyStatementNoCaseNoDefaultImpl(NON_EMPTY_STATEMENT_NO_CASE_NO_DEFAULT)
                        DLanguagePragmaStatementImpl(PRAGMA_STATEMENT)
                          DLanguagePragmaImpl(PRAGMA)
                            PsiElement(DLanguageTokenType.pragma)('pragma')
                            PsiElement(DLanguageTokenType.()('(')
                            DLanguageIdentifierImpl(IDENTIFIER)
                              PsiElement(DLanguageTokenType.ID)('inline')
                            PsiElement(DLanguageTokenType.,)(',')
                            DLanguageArgumentListImpl(ARGUMENT_LIST)
                              DLanguageAssignExpressionImpl(ASSIGN_EXPRESSION)
                                DLanguageConditionalExpressionImpl(CONDITIONAL_EXPRESSION)
                                  DLanguageOrOrExpressionImpl(OR_OR_EXPRESSION)
                                    DLanguageAndAndExpressionImpl(AND_AND_EXPRESSION)
                                      DLanguageOrExpressionImpl(OR_EXPRESSION)
                                        DLanguageXorExpressionImpl(XOR_EXPRESSION)
                                          DLanguageAndExpressionImpl(AND_EXPRESSION)
                                            DLanguageShiftExpressionImpl(SHIFT_EXPRESSION)
                                              DLanguageAddExpressionImpl(ADD_EXPRESSION)
                                                DLanguageMulExpressionImpl(MUL_EXPRESSION)
                                                  DLanguageUnaryExpressionImpl(UNARY_EXPRESSION)
                                                    DLanguagePowExpressionImpl(POW_EXPRESSION)
                                                      DLanguagePostfixExpressionImpl(POSTFIX_EXPRESSION)
                                                        DLanguagePrimaryExpressionImpl(PRIMARY_EXPRESSION)
                                                          PsiElement(DLanguageTokenType.true)('true')
                            PsiElement(DLanguageTokenType.))(')')
                          DLanguageStatementImpl(STATEMENT)
                            PsiElement(DLanguageTokenType.;)(';')
                  DLanguageStatementListImpl(STATEMENT_LIST)
                    DLanguageStatementImpl(STATEMENT)
                      DLanguageNonEmptyStatementImpl(NON_EMPTY_STATEMENT)
                        DLanguageNonEmptyStatementNoCaseNoDefaultImpl(NON_EMPTY_STATEMENT_NO_CASE_NO_DEFAULT)
                          DLanguageExpressionStatementImpl(EXPRESSION_STATEMENT)
                            DLanguageExpressionImpl(EXPRESSION)
                              DLanguageCommaExpressionImpl(COMMA_EXPRESSION)
                                DLanguageAssignExpressionImpl(ASSIGN_EXPRESSION)
                                  DLanguageConditionalExpressionImpl(CONDITIONAL_EXPRESSION)
                                    DLanguageOrOrExpressionImpl(OR_OR_EXPRESSION)
                                      DLanguageAndAndExpressionImpl(AND_AND_EXPRESSION)
                                        DLanguageOrExpressionImpl(OR_EXPRESSION)
                                          DLanguageXorExpressionImpl(XOR_EXPRESSION)
                                            DLanguageAndExpressionImpl(AND_EXPRESSION)
                                              DLanguageShiftExpressionImpl(SHIFT_EXPRESSION)
                                                DLanguageAddExpressionImpl(ADD_EXPRESSION)
                                                  DLanguageMulExpressionImpl(MUL_EXPRESSION)
                                                    DLanguageUnaryExpressionImpl(UNARY_EXPRESSION)
                                                      PsiElement(DLanguageTokenType.++)('++')
                                                      DLanguageUnaryExpressionImpl(UNARY_EXPRESSION)
                                                        DLanguagePowExpressionImpl(POW_EXPRESSION)
                                                          DLanguagePostfixExpressionImpl(POSTFIX_EXPRESSION)
                                                            DLanguagePrimaryExpressionImpl(PRIMARY_EXPRESSION)
                                                              DLanguageIdentifierImpl(IDENTIFIER)
                                                                PsiElement(DLanguageTokenType.ID)('x')
                            PsiElement(DLanguageTokenType.;)(';')
                    DLanguageStatementListImpl(STATEMENT_LIST)
                      DLanguageStatementImpl(STATEMENT)
                        DLanguageNonEmptyStatementImpl(NON_EMPTY_STATEMENT)
                          DLanguageNonEmptyStatementNoCaseNoDefaultImpl(NON_EMPTY_STATEMENT_NO_CASE_NO_DEFAULT)
                            DLanguagePragmaStatementImpl(PRAGMA_STATEMENT)
                              DLanguagePragmaImpl(PRAGMA)
                                PsiElement(DLanguageTokenType.pragma)('pragma')
                                PsiElement(DLanguageTokenType.()('(')
                                DLanguageIdentifierImpl(IDENTIFIER)
                                  PsiElement(DLanguageTokenType.ID)('inline')
                                PsiElement(DLanguageTokenType.,)(',')
                                DLanguageArgumentListImpl(ARGUMENT_LIST)
                                  DLanguageAssignExpressionImpl(ASSIGN_EXPRESSION)
                                    DLanguageConditionalExpressionImpl(CONDITIONAL_EXPRESSION)
                                      DLanguageOrOrExpressionImpl(OR_OR_EXPRESSION)
                                        DLanguageAndAndExpressionImpl(AND_AND_EXPRESSION)
                                          DLanguageOrExpressionImpl(OR_EXPRESSION)
                                            DLanguageXorExpressionImpl(XOR_EXPRESSION)
                                              DLanguageAndExpressionImpl(AND_EXPRESSION)
                                                DLanguageShiftExpressionImpl(SHIFT_EXPRESSION)
                                                  DLanguageAddExpressionImpl(ADD_EXPRESSION)
                                                    DLanguageMulExpressionImpl(MUL_EXPRESSION)
                                                      DLanguageUnaryExpressionImpl(UNARY_EXPRESSION)
                                                        DLanguagePowExpressionImpl(POW_EXPRESSION)
                                                          DLanguagePostfixExpressionImpl(POSTFIX_EXPRESSION)
                                                            DLanguagePrimaryExpressionImpl(PRIMARY_EXPRESSION)
                                                              PsiElement(DLanguageTokenType.false)('false')
                                PsiElement(DLanguageTokenType.))(')')
                              DLanguageStatementImpl(STATEMENT)
                                PsiElement(DLanguageTokenType.;)(';')
                      PsiComment(DLanguageTokenType.line_comment)('// supercedes the others')
                      DLanguageStatementListImpl(STATEMENT_LIST)
                        DLanguageStatementImpl(STATEMENT)
                          DLanguageNonEmptyStatementImpl(NON_EMPTY_STATEMENT)
                            DLanguageNonEmptyStatementNoCaseNoDefaultImpl(NON_EMPTY_STATEMENT_NO_CASE_NO_DEFAULT)
                              DLanguageReturnStatementImpl(RETURN_STATEMENT)
                                PsiElement(DLanguageTokenType.return)('return')
                                DLanguageExpressionImpl(EXPRESSION)
                                  DLanguageCommaExpressionImpl(COMMA_EXPRESSION)
                                    DLanguageAssignExpressionImpl(ASSIGN_EXPRESSION)
                                      DLanguageConditionalExpressionImpl(CONDITIONAL_EXPRESSION)
                                        DLanguageOrOrExpressionImpl(OR_OR_EXPRESSION)
                                          DLanguageAndAndExpressionImpl(AND_AND_EXPRESSION)
                                            DLanguageOrExpressionImpl(OR_EXPRESSION)
                                              DLanguageXorExpressionImpl(XOR_EXPRESSION)
                                                DLanguageAndExpressionImpl(AND_EXPRESSION)
                                                  DLanguageShiftExpressionImpl(SHIFT_EXPRESSION)
                                                    DLanguageAddExpressionImpl(ADD_EXPRESSION)
                                                      DLanguageMulExpressionImpl(MUL_EXPRESSION)
                                                        DLanguageUnaryExpressionImpl(UNARY_EXPRESSION)
                                                          DLanguagePowExpressionImpl(POW_EXPRESSION)
                                                            DLanguagePostfixExpressionImpl(POSTFIX_EXPRESSION)
                                                              DLanguagePrimaryExpressionImpl(PRIMARY_EXPRESSION)
                                                                DLanguageIdentifierImpl(IDENTIFIER)
                                                                  PsiElement(DLanguageTokenType.ID)('x')
                                                      PsiElement(DLanguageTokenType.+)('+')
                                                      DLanguageAddExpressionImpl(ADD_EXPRESSION)
                                                        DLanguageMulExpressionImpl(MUL_EXPRESSION)
                                                          DLanguageUnaryExpressionImpl(UNARY_EXPRESSION)
                                                            DLanguagePowExpressionImpl(POW_EXPRESSION)
                                                              DLanguagePostfixExpressionImpl(POSTFIX_EXPRESSION)
                                                                DLanguagePrimaryExpressionImpl(PRIMARY_EXPRESSION)
                                                                  PsiElement(DLanguageTokenType.INTEGER_LITERAL)('3')
                                PsiElement(DLanguageTokenType.;)(';')
                PsiElement(DLanguageTokenType.})('}')