D Language File
  DLanguageDeclarationImpl(DECLARATION)
    DLanguageDeclaration2Impl(DECLARATION_2)
      DLanguageVariableDeclarationImpl(VARIABLE_DECLARATION)
        DLanguageTypeImpl(TYPE)
          DLanguageType2Impl(TYPE_2)
            DLanguageBuiltinTypeImpl(BUILTIN_TYPE)
              PsiElement(DLanguageTokenType.int)('int')
        DLanguageDeclaratorImpl(DECLARATOR)
          DLanguageIdentifierImpl(IDENTIFIER)
            PsiElement(DLanguageTokenType.ID)('a')
        PsiElement(DLanguageTokenType.;)(';')
  DLanguageDeclarationImpl(DECLARATION)
    DLanguageDeclaration2Impl(DECLARATION_2)
      DLanguageVariableDeclarationImpl(VARIABLE_DECLARATION)
        DLanguageTypeImpl(TYPE)
          DLanguageType2Impl(TYPE_2)
            DLanguageBuiltinTypeImpl(BUILTIN_TYPE)
              PsiElement(DLanguageTokenType.int)('int')
        DLanguageDeclaratorImpl(DECLARATOR)
          DLanguageIdentifierImpl(IDENTIFIER)
            PsiElement(DLanguageTokenType.ID)('b')
          PsiElement(DLanguageTokenType.=)('=')
          DLanguageInitializerImpl(INITIALIZER)
            DLanguageNonVoidInitializerImpl(NON_VOID_INITIALIZER)
              DLanguageAssignExpressionImpl(ASSIGN_EXPRESSION)
                DLanguageTernaryExpressionImpl(TERNARY_EXPRESSION)
                  DLanguageOrOrExpressionImpl(OR_OR_EXPRESSION)
                    DLanguageAndAndExpressionImpl(AND_AND_EXPRESSION)
                      DLanguageOrExpressionImpl(OR_EXPRESSION)
                        DLanguageXorExpressionImpl(XOR_EXPRESSION)
                          DLanguageAndExpressionImpl(AND_EXPRESSION)
                            DLanguageCmpExpressionImpl(CMP_EXPRESSION)
                              DLanguageRelExpressionImpl(REL_EXPRESSION)
                                DLanguageShiftExpressionImpl(SHIFT_EXPRESSION)
                                  DLanguageAddExpressionImpl(ADD_EXPRESSION)
                                    DLanguageMulExpressionImpl(MUL_EXPRESSION)
                                      DLanguagePowExpressionImpl(POW_EXPRESSION)
                                        DLanguageUnaryExpressionImpl(UNARY_EXPRESSION)
                                          DLanguagePrimaryExpressionImpl(PRIMARY_EXPRESSION)
                                            PsiElement(DLanguageTokenType.INTEGER_LITERAL)('1')
        PsiElement(DLanguageTokenType.;)(';')
  PsiElement(DLanguageTokenType.ID)('typedef')
  PsiElement(DLanguageTokenType.int)('int')
  PsiErrorElement:'t' unexpected
    PsiElement(DLanguageTokenType.ID)('t')
  PsiElement(DUMMY_BLOCK)
    PsiElement(DLanguageTokenType.=)('=')
    PsiElement(DLanguageTokenType.INTEGER_LITERAL)('2')
    PsiElement(DLanguageTokenType.;)(';')
    PsiElement(DLanguageTokenType.ID)('t')
    PsiElement(DLanguageTokenType.ID)('c')
    PsiElement(DLanguageTokenType.;)(';')
    PsiElement(DLanguageTokenType.ID)('t')
    PsiElement(DLanguageTokenType.ID)('d')
    PsiElement(DLanguageTokenType.=)('=')
    PsiElement(DLanguageTokenType.cast)('cast')
  PsiElement(DUMMY_BLOCK)
    PsiElement(DLanguageTokenType.()('(')
    PsiElement(DLanguageTokenType.ID)('t')
    PsiElement(DLanguageTokenType.))(')')
    PsiElement(DLanguageTokenType.INTEGER_LITERAL)('3')
    PsiElement(DLanguageTokenType.;)(';')
    PsiElement(DLanguageTokenType.int)('int')
    PsiElement(DLanguageTokenType..)('.')
    PsiElement(DLanguageTokenType.ID)('init')
    PsiComment(DLanguageTokenType.line_comment)('// is 0')
    PsiElement(DLanguageTokenType.ID)('a')
    PsiElement(DLanguageTokenType..)('.')
  PsiElement(DUMMY_BLOCK)
    PsiElement(DLanguageTokenType.ID)('init')
    PsiComment(DLanguageTokenType.line_comment)('// is 0')
    PsiElement(DLanguageTokenType.ID)('b')
    PsiElement(DLanguageTokenType..)('.')
    PsiElement(DLanguageTokenType.ID)('init')
    PsiComment(DLanguageTokenType.line_comment)('// is 0')
    PsiElement(DLanguageTokenType.ID)('t')
    PsiElement(DLanguageTokenType..)('.')
    PsiElement(DLanguageTokenType.ID)('init')
    PsiComment(DLanguageTokenType.line_comment)('// is 2')
    PsiElement(DLanguageTokenType.ID)('c')
    PsiElement(DLanguageTokenType..)('.')
    PsiElement(DLanguageTokenType.ID)('init')
  PsiElement(DUMMY_BLOCK)
    PsiComment(DLanguageTokenType.line_comment)('// is 2')
    PsiElement(DLanguageTokenType.ID)('d')
    PsiElement(DLanguageTokenType..)('.')
    PsiElement(DLanguageTokenType.ID)('init')
    PsiComment(DLanguageTokenType.line_comment)('// is 2')
    PsiElement(DLanguageTokenType.struct)('struct')
    PsiElement(DLanguageTokenType.ID)('Foo')
    PsiElement(DLanguageTokenType.{)('{')
    PsiElement(DLanguageTokenType.int)('int')
    PsiElement(DLanguageTokenType.ID)('a')
    PsiElement(DLanguageTokenType.;)(';')
    PsiElement(DLanguageTokenType.int)('int')
  PsiElement(DUMMY_BLOCK)
    PsiElement(DLanguageTokenType.ID)('b')
    PsiElement(DLanguageTokenType.=)('=')
    PsiElement(DLanguageTokenType.INTEGER_LITERAL)('7')
    PsiElement(DLanguageTokenType.;)(';')
    PsiElement(DLanguageTokenType.})('}')
    PsiElement(DLanguageTokenType.ID)('Foo')
    PsiElement(DLanguageTokenType..)('.')
    PsiElement(DLanguageTokenType.ID)('init')
    PsiElement(DLanguageTokenType..)('.')
    PsiElement(DLanguageTokenType.ID)('a')
  PsiComment(DLanguageTokenType.line_comment)('// is 0')
  PsiElement(DLanguageTokenType.ID)('Foo')
  PsiElement(DLanguageTokenType..)('.')
  PsiElement(DLanguageTokenType.ID)('init')
  PsiElement(DLanguageTokenType..)('.')
  PsiElement(DLanguageTokenType.ID)('b')
  PsiComment(DLanguageTokenType.line_comment)('// is 7')