D Language File
  PsiElement(DLanguageTokenType.void)('void')
  PsiElement(DLanguageTokenType.ID)('main')
  PsiElement(DLanguageTokenType.()('(')
  PsiElement(DLanguageTokenType.))(')')
  PsiElement(DLanguageTokenType.{)('{')
  PsiComment(DLanguageTokenType.line_comment)('// Custom loop implementation, that iterates over powers of 2 with')
  PsiComment(DLanguageTokenType.line_comment)('// alternating sign. The loop body is passed in dg.')
  PsiElement(DLanguageTokenType.int)('int')
  PsiElement(DLanguageTokenType.ID)('myLoop')
  PsiElement(DLanguageTokenType.()('(')
  PsiElement(DLanguageTokenType.int)('int')
  PsiElement(DLanguageTokenType.delegate)('delegate')
  PsiElement(DLanguageTokenType.()('(')
  PsiElement(DLanguageTokenType.ref)('ref')
  PsiElement(DLanguageTokenType.int)('int')
  PsiElement(DLanguageTokenType.))(')')
  PsiElement(DLanguageTokenType.ID)('dg')
  PsiElement(DLanguageTokenType.))(')')
  PsiElement(DLanguageTokenType.{)('{')
  PsiElement(DLanguageTokenType.for)('for')
  PsiElement(DLanguageTokenType.()('(')
  PsiElement(DLanguageTokenType.int)('int')
  PsiElement(DLanguageTokenType.ID)('z')
  PsiElement(DLanguageTokenType.=)('=')
  PsiElement(DLanguageTokenType.INTEGER_LITERAL)('1')
  PsiElement(DLanguageTokenType.;)(';')
  PsiElement(DLanguageTokenType.ID)('z')
  PsiElement(DLanguageTokenType.<)('<')
  PsiElement(DLanguageTokenType.INTEGER_LITERAL)('128')
  PsiElement(DLanguageTokenType.;)(';')
  PsiElement(DLanguageTokenType.ID)('z')
  PsiElement(DLanguageTokenType.*=)('*=')
  PsiElement(DLanguageTokenType.-)('-')
  PsiElement(DLanguageTokenType.INTEGER_LITERAL)('2')
  PsiElement(DLanguageTokenType.))(')')
  PsiElement(DLanguageTokenType.{)('{')
  PsiElement(DLanguageTokenType.auto)('auto')
  PsiElement(DLanguageTokenType.ID)('ret')
  PsiElement(DLanguageTokenType.=)('=')
  PsiErrorElement:'dg' unexpected
    PsiElement(DLanguageTokenType.ID)('dg')
  PsiElement(DUMMY_BLOCK)
    PsiElement(DLanguageTokenType.()('(')
    PsiElement(DLanguageTokenType.ID)('z')
    PsiElement(DLanguageTokenType.))(')')
    PsiElement(DLanguageTokenType.;)(';')
    PsiComment(DLanguageTokenType.line_comment)('// If the loop body contains a break, ret will be non-zero.')
    PsiElement(DLanguageTokenType.if)('if')
    PsiElement(DLanguageTokenType.()('(')
    PsiElement(DLanguageTokenType.ID)('ret')
    PsiElement(DLanguageTokenType.!=)('!=')
    PsiElement(DLanguageTokenType.INTEGER_LITERAL)('0')
    PsiElement(DLanguageTokenType.))(')')
  PsiElement(DUMMY_BLOCK)
    PsiElement(DLanguageTokenType.return)('return')
    PsiElement(DLanguageTokenType.ID)('ret')
    PsiElement(DLanguageTokenType.;)(';')
    PsiElement(DLanguageTokenType.})('}')
    PsiElement(DLanguageTokenType.return)('return')
    PsiElement(DLanguageTokenType.INTEGER_LITERAL)('0')
    PsiElement(DLanguageTokenType.;)(';')
    PsiElement(DLanguageTokenType.})('}')
    PsiComment(DLanguageTokenType.line_comment)('// This example loop simply collects the loop index values into an array.')
    PsiElement(DLanguageTokenType.int)('int')
    PsiElement(DLanguageTokenType.[)('[')
  PsiElement(DUMMY_BLOCK)
    PsiElement(DLanguageTokenType.])(']')
    PsiElement(DLanguageTokenType.ID)('result')
    PsiElement(DLanguageTokenType.;)(';')
    PsiElement(DLanguageTokenType.foreach)('foreach')
    PsiElement(DLanguageTokenType.()('(')
    PsiElement(DLanguageTokenType.ref)('ref')
    PsiElement(DLanguageTokenType.ID)('x')
    PsiElement(DLanguageTokenType.;)(';')
    PsiElement(DLanguageTokenType.&)('&')
    PsiElement(DLanguageTokenType.ID)('myLoop')
  PsiElement(DUMMY_BLOCK)
    PsiElement(DLanguageTokenType.))(')')
    PsiElement(DLanguageTokenType.{)('{')
    PsiElement(DLanguageTokenType.ID)('result')
    PsiElement(DLanguageTokenType.~=)('~=')
    PsiElement(DLanguageTokenType.ID)('x')
    PsiElement(DLanguageTokenType.;)(';')
    PsiElement(DLanguageTokenType.})('}')
    PsiElement(DLanguageTokenType.assert)('assert')
    PsiElement(DLanguageTokenType.()('(')
    PsiElement(DLanguageTokenType.ID)('result')
  PsiElement(DUMMY_BLOCK)
    PsiElement(DLanguageTokenType.==)('==')
    PsiElement(DLanguageTokenType.[)('[')
    PsiElement(DLanguageTokenType.INTEGER_LITERAL)('1')
    PsiElement(DLanguageTokenType.,)(',')
    PsiElement(DLanguageTokenType.-)('-')
    PsiElement(DLanguageTokenType.INTEGER_LITERAL)('2')
    PsiElement(DLanguageTokenType.,)(',')
    PsiElement(DLanguageTokenType.INTEGER_LITERAL)('4')
    PsiElement(DLanguageTokenType.,)(',')
    PsiElement(DLanguageTokenType.-)('-')
  PsiElement(DUMMY_BLOCK)
    PsiElement(DLanguageTokenType.INTEGER_LITERAL)('8')
    PsiElement(DLanguageTokenType.,)(',')
    PsiElement(DLanguageTokenType.INTEGER_LITERAL)('16')
    PsiElement(DLanguageTokenType.,)(',')
    PsiElement(DLanguageTokenType.-)('-')
    PsiElement(DLanguageTokenType.INTEGER_LITERAL)('32')
    PsiElement(DLanguageTokenType.,)(',')
    PsiElement(DLanguageTokenType.INTEGER_LITERAL)('64')
    PsiElement(DLanguageTokenType.,)(',')
    PsiElement(DLanguageTokenType.-)('-')
  PsiElement(DLanguageTokenType.INTEGER_LITERAL)('128')
  PsiElement(DLanguageTokenType.])(']')
  PsiElement(DLanguageTokenType.))(')')
  PsiElement(DLanguageTokenType.;)(';')
  PsiElement(DLanguageTokenType.})('}')