DLanguageTokenType./ ('/')
DLanguageTokenType.+ ('+')
WHITE_SPACE ('\n')
WHITE_SPACE (' ')
DLanguageTokenType.ID ('hello')
WHITE_SPACE ('\n')
WHITE_SPACE (' ')
DLanguageTokenType.+ ('+')
DLanguageTokenType./ ('/')