DOCCOMMENT_LINE ('/// This is a one line documentation comment.')
EOF ('')