KW_STRUCT ('struct')
WHITESPACE (' ')
IDENTIFIER ('S')
WHITESPACE (' ')
OPEN_BRACE ('{')
WHITESPACE (' ')
KW_INT ('int')
WHITESPACE (' ')
IDENTIFIER ('a')
SEMICOLON (';')
WHITESPACE (' ')
KW_INT ('int')
WHITESPACE (' ')
IDENTIFIER ('b')
SEMICOLON (';')
WHITESPACE (' ')
KW_INT ('int')
WHITESPACE (' ')
IDENTIFIER ('c')
SEMICOLON (';')
WHITESPACE (' ')
KW_INT ('int')
WHITESPACE (' ')
IDENTIFIER ('d')
WHITESPACE (' ')
ASSIGN ('=')
WHITESPACE (' ')
INTEGER_DECIMAL ('7')
SEMICOLON (';')
CLOSE_BRACE ('}')