KW_IMPORT ('import')
WHITESPACE (' ')
IDENTIFIER ('std')
DOT ('.')
IDENTIFIER ('stdio')
COMMA (',')
IDENTIFIER ('std')
DOT ('.')
IDENTIFIER ('range')
SEMICOLON (';')
LINE_END ('\n')
KW_IMPORT ('import')
WHITESPACE (' ')
IDENTIFIER ('std')
DOT ('.')
IDENTIFIER ('algorithm')
SEMICOLON (';')