KW_CLASS ('class')
WHITESPACE (' ')
IDENTIFIER ('Apple')
OPEN_PARENS ('(')
CLOSE_PARENS (')')
OPEN_BRACE ('{')
CLOSE_BRACE ('}')