KW_PRAGMA ('pragma')
OPEN_PARENS ('(')
INTEGER_DECIMAL ('1')
CLOSE_PARENS (')')
SEMICOLON (';')