KW_IMPORT ('import')
WHITESPACE (' ')
IDENTIFIER ('std')
DOT ('.')
IDENTIFIER ('stdio')
SEMICOLON (';')
LINE_END ('\n')
LINE_END ('\n')
KW_VOID ('void')
WHITESPACE (' ')
IDENTIFIER ('main')
OPEN_PARENS ('(')
CLOSE_PARENS (')')
OPEN_BRACE ('{')
LINE_END ('\n')
WHITESPACE ('  ')
STRING_DQ ('"first"')
WHITESPACE (' ')
CONCAT ('~')
WHITESPACE (' ')
STRING_DQ ('"second"')
SEMICOLON (';')
LINE_END ('\n')
CLOSE_BRACE ('}')