KEYWORD ('throw')
WHITE_SPACE (' ')
KEYWORD ('new')
WHITE_SPACE (' ')
DLanguageTokenType.ID ('Exception')
PARENTHESES_LEFT ('(')
STRING ('"message"')
PARENTHESES_RIGHT (')')
SEMICOLON (';')