KEYWORD ('import')
WHITE_SPACE (' ')
DLanguageTokenType.ID ('std')
DOT ('.')
DLanguageTokenType.ID ('stdio')
COMMA (',')
DLanguageTokenType.ID ('std')
DOT ('.')
DLanguageTokenType.ID ('range')
SEMICOLON (';')
WHITE_SPACE ('\n')
KEYWORD ('import')
WHITE_SPACE (' ')
DLanguageTokenType.ID ('std')
DOT ('.')
DLanguageTokenType.ID ('algorithm')
SEMICOLON (';')