KEYWORD ('int')
WHITE_SPACE (' ')
DLanguageTokenType.ID ('k')
SEMICOLON (';')
WHITE_SPACE ('\n')
KEYWORD ('version')
WHITE_SPACE (' ')
PARENTHESES_LEFT ('(')
DLanguageTokenType.ID ('Demo')
PARENTHESES_RIGHT (')')
WHITE_SPACE (' ')
DLanguageTokenType.LINE_COMMENT ('// compile in this code block for the demo version')
WHITE_SPACE ('\n')
BRACES_LEFT ('{')
WHITE_SPACE ('\n')
WHITE_SPACE ('    ')
KEYWORD ('int')
WHITE_SPACE (' ')
DLanguageTokenType.ID ('i')
SEMICOLON (';')
WHITE_SPACE ('\n')
WHITE_SPACE ('    ')
KEYWORD ('int')
WHITE_SPACE (' ')
DLanguageTokenType.ID ('k')
SEMICOLON (';')
WHITE_SPACE ('    ')
DLanguageTokenType.LINE_COMMENT ('// error, k already defined')
WHITE_SPACE ('\n\n')
WHITE_SPACE ('    ')
DLanguageTokenType.ID ('i')
WHITE_SPACE (' ')
OPERATOR ('=')
WHITE_SPACE (' ')
NUMBER ('3')
SEMICOLON (';')
WHITE_SPACE ('\n')
BRACES_RIGHT ('}')
WHITE_SPACE ('\n')
DLanguageTokenType.ID ('x')
WHITE_SPACE (' ')
OPERATOR ('=')
WHITE_SPACE (' ')
DLanguageTokenType.ID ('i')
SEMICOLON (';')