KEYWORD ('singleImport')
WHITE_SPACE (' ')
DLanguageTokenType.ID ('std')
DOT ('.')
DLanguageTokenType.ID ('stdio')
SEMICOLON (';')
WHITE_SPACE ('\n\n')
KEYWORD ('void')
WHITE_SPACE (' ')
DLanguageTokenType.ID ('main')
PARENTHESES_LEFT ('(')
PARENTHESES_RIGHT (')')
BRACES_LEFT ('{')
WHITE_SPACE ('\n')
WHITE_SPACE ('  ')
KEYWORD ('auto')
WHITE_SPACE (' ')
DLanguageTokenType.ID ('twice')
WHITE_SPACE ('  ')
OPERATOR ('=')
WHITE_SPACE (' ')
KEYWORD ('function')
WHITE_SPACE (' ')
PARENTHESES_LEFT ('(')
KEYWORD ('int')
WHITE_SPACE (' ')
DLanguageTokenType.ID ('x')
PARENTHESES_RIGHT (')')
WHITE_SPACE (' ')
OPERATOR ('=>')
WHITE_SPACE (' ')
DLanguageTokenType.ID ('x')
WHITE_SPACE (' ')
OPERATOR ('*')
WHITE_SPACE (' ')
NUMBER ('2')
SEMICOLON (';')
WHITE_SPACE ('\n')
BRACES_RIGHT ('}')
